
> frontend@0.1.0 test
> cross-env VITEST=true vitest run


[1m[46m RUN [49m[22m [36mv4.0.15 [39m[90mC:/Users/1/DEV/FREESPORT/frontend[39m

 [31mÔŁ»[39m src/__tests__/design-system/tokens.test.ts [2m([22m[2m18 tests[22m[2m | [22m[31m3 failed[39m[2m)[22m[32m 86[2mms[22m[39m
[31m       [31m├Ś[31m đ┤đżđ╗đÂđŻĐő Đüđżđ┤đÁĐÇđÂđ░ĐéĐî đ▓ĐüđÁ primary Đćđ▓đÁĐéđ░[39m[32m 27[2mms[22m[39m
       [32mÔťô[39m đ┤đżđ╗đÂđŻĐő Đüđżđ┤đÁĐÇđÂđ░ĐéĐî đ▓ĐüđÁ text Đćđ▓đÁĐéđ░[32m 2[2mms[22m[39m
       [32mÔťô[39m đ┤đżđ╗đÂđŻĐő Đüđżđ┤đÁĐÇđÂđ░ĐéĐî typography colorUsage[32m 1[2mms[22m[39m
[31m       [31m├Ś[31m đ┤đżđ╗đÂđŻĐő Đüđżđ┤đÁĐÇđÂđ░ĐéĐî background đ┐đÁĐÇđÁđ╝đÁđŻđŻĐőđÁ[39m[32m 15[2mms[22m[39m
       [32mÔťô[39m đ┤đżđ╗đÂđŻĐő Đüđżđ┤đÁĐÇđÂđ░ĐéĐî đ▓ĐüđÁ spacing Đéđżđ║đÁđŻĐő[32m 2[2mms[22m[39m
       [32mÔťô[39m đ┤đżđ╗đÂđŻĐő Đüđżđ┤đÁĐÇđÂđ░ĐéĐî đ▓ĐüđÁ radius Đéđżđ║đÁđŻĐő[32m 1[2mms[22m[39m
[31m       [31m├Ś[31m đ┤đżđ╗đÂđŻĐő Đüđżđ┤đÁĐÇđÂđ░ĐéĐî đ▓ĐüđÁ shadow Đéđżđ║đÁđŻĐő Đü đ┐ĐÇđ░đ▓đŞđ╗ĐîđŻĐőđ╝đŞ rgba đĚđŻđ░ĐçđÁđŻđŞĐĆđ╝đŞ[39m[32m 16[2mms[22m[39m
       [32mÔťô[39m đ┤đżđ╗đÂđŻĐő Đüđżđ┤đÁĐÇđÂđ░ĐéĐî motion Đéđżđ║đÁđŻĐő[32m 1[2mms[22m[39m
       [32mÔťô[39m đ┤đżđ╗đÂđŻĐő Đüđżđ┤đÁĐÇđÂđ░ĐéĐî đ▓ĐüđÁ utility đ║đ╗đ░ĐüĐüĐő đ┤đ╗ĐĆ ĐéđŞđ┐đżđ│ĐÇđ░ĐäđŞđ║đŞ[32m 2[2mms[22m[39m
       [32mÔťô[39m utility đ║đ╗đ░ĐüĐüĐő đ┤đżđ╗đÂđŻĐő đŞđ╝đÁĐéĐî đ┐ĐÇđ░đ▓đŞđ╗ĐîđŻĐőđÁ font-size[32m 1[2mms[22m[39m
       [32mÔťô[39m đ┤đżđ╗đÂđÁđŻ Đüđżđ┤đÁĐÇđÂđ░ĐéĐî đ┐ĐÇđ░đ▓đŞđ╗ĐîđŻĐőđ╣ font stack[32m 1[2mms[22m[39m
       [32mÔťô[39m text-primary đŻđ░ neutral-100: đ║đżđŻĐéĐÇđ░ĐüĐé >= 4.5:1 (WCAG AA)[32m 2[2mms[22m[39m
       [32mÔťô[39m text-secondary đŻđ░ neutral-100: đ║đżđŻĐéĐÇđ░ĐüĐé >= 4.5:1[32m 1[2mms[22m[39m
       [32mÔťô[39m text-muted đŻđ░ neutral-100: đ║đżđŻĐéĐÇđ░ĐüĐé >= 4.5:1[32m 1[2mms[22m[39m
       [32mÔťô[39m text-inverse đŻđ░ primary: đ║đżđŻĐéĐÇđ░ĐüĐé >= 4.5:1[32m 1[2mms[22m[39m
       [32mÔťô[39m typography-primary đŻđ░ neutral-100: đ║đżđŻĐéĐÇđ░ĐüĐé >= 4.5:1[32m 1[2mms[22m[39m
       [32mÔťô[39m typography-secondary đŻđ░ neutral-100: đ║đżđŻĐéĐÇđ░ĐüĐé >= 4.5:1[32m 0[2mms[22m[39m
       [32mÔťô[39m đ▓ĐüđÁ đżĐüđŻđżđ▓đŻĐőđÁ Đćđ▓đÁĐéđżđ▓ĐőđÁ đ║đżđ╝đ▒đŞđŻđ░ĐćđŞđŞ ĐüđżđżĐéđ▓đÁĐéĐüĐéđ▓ĐâĐÄĐé WCAG 2.1 AA[32m 1[2mms[22m[39m
 [31mÔŁ»[39m src/components/ui/Chip/__tests__/Chip.test.tsx [2m([22m[2m26 tests[22m[2m | [22m[31m3 failed[39m[2m)[22m[32m 242[2mms[22m[39m
     [32mÔťô[39m renders chip with text[32m 66[2mms[22m[39m
[31m       [31m├Ś[31m is not selected by default[39m[32m 18[2mms[22m[39m
[31m       [31m├Ś[31m applies selected styles when selected prop is true[39m[32m 11[2mms[22m[39m
       [32mÔťô[39m renders icon when provided[32m 10[2mms[22m[39m
       [32mÔťô[39m does not render icon when not provided[32m 6[2mms[22m[39m
       [32mÔťô[39m icon has fixed size[32m 5[2mms[22m[39m
       [32mÔťô[39m renders remove button when onRemove is provided[32m 16[2mms[22m[39m
       [32mÔťô[39m does not render remove button when onRemove is not provided[32m 4[2mms[22m[39m
       [32mÔťô[39m calls onRemove when remove button is clicked[32m 11[2mms[22m[39m
       [32mÔťô[39m stops event propagation when remove button is clicked[32m 8[2mms[22m[39m
       [32mÔťô[39m remove button has focus ring[32m 7[2mms[22m[39m
       [32mÔťô[39m remove button has hover effect[32m 7[2mms[22m[39m
       [32mÔťô[39m has minimum width of 60px for easy clicking[32m 4[2mms[22m[39m
       [32mÔťô[39m truncates long text with ellipsis[32m 4[2mms[22m[39m
       [32mÔťô[39m has max width of 200px[32m 3[2mms[22m[39m
       [32mÔťô[39m has inline-flex layout[32m 4[2mms[22m[39m
       [32mÔťô[39m has rounded-2xl shape[32m 4[2mms[22m[39m
       [32mÔťô[39m has proper font weight[32m 3[2mms[22m[39m
       [32mÔťô[39m has transition animation[32m 4[2mms[22m[39m
       [32mÔťô[39m has proper padding[32m 3[2mms[22m[39m
       [32mÔťô[39m forwards ref correctly[32m 6[2mms[22m[39m
       [32mÔťô[39m renders as div element[32m 3[2mms[22m[39m
       [32mÔťô[39m remove button has aria-label[32m 6[2mms[22m[39m
     [32mÔťô[39m accepts custom className[32m 4[2mms[22m[39m
     [32mÔťô[39m accepts custom HTML attributes[32m 4[2mms[22m[39m
[31m       [31m├Ś[31m renders selected chip with icon and remove button[39m[32m 10[2mms[22m[39m
node.exe : [90mstderr[2m | src/providers/__tests__/AuthProvider.test.tsx[2m > [22m[2mAuthProvider - Sessio
n Initialization[2m > [22m[2mlogs out on expired refresh token (401)
At line:1 char:1
+ & "C:\Program Files\nodejs/node.exe" "C:\Program Files\nodejs/node_mo ...
+ ~~~~~~~~~~~~~~~~~~~~~~~~~~~~~~~~~~~~~~~~~~~~~~~~~~~~~~~~~~~~~~~~~~~~~
    + CategoryInfo          : NotSpecified: ([90mstderr[2m...esh token (401):String) [], RemoteException
    + FullyQualifiedErrorId : NativeCommandError
 
[22m[39mSession expired: AxiosError: Request failed with status code 401
    at settle [90m(file:///C:/Users/1/DEV/FREESPORT/frontend/[39mnode_modules/[4maxios[24m/lib/core/settle.
js:19:12[90m)[39m
    at XMLHttpRequest.onloadend [90m(file:///C:/Users/1/DEV/FREESPORT/frontend/[39mnode_modules/[4maxios[24
m/lib/adapters/xhr.js:59:7[90m)[39m
    at XMLHttpRequest.methodCall [90m(file:///C:/Users/1/DEV/FREESPORT/frontend/[39mnode_modules/[4m@mswjs/i
nterceptors[24m/lib/node/chunk-5V3SIIW2.mjs:354:20[90m)[39m
    at Proxy.<anonymous> [90m(file:///C:/Users/1/DEV/FREESPORT/frontend/[39mnode_modules/[4m@mswjs/intercept
ors[24m/lib/node/chunk-5V3SIIW2.mjs:177:29[90m)[39m
    at XMLHttpRequestController.trigger [90m(file:///C:/Users/1/DEV/FREESPORT/frontend/[39mnode_modules/[4m@
mswjs/interceptors[24m/lib/node/chunk-5V3SIIW2.mjs:652:16[90m)[39m
    at finalizeResponse [90m(file:///C:/Users/1/DEV/FREESPORT/frontend/[39mnode_modules/[4m@mswjs/intercepto
rs[24m/lib/node/chunk-5V3SIIW2.mjs:506:12[90m)[39m
    at readNextResponseBodyChunk [90m(file:///C:/Users/1/DEV/FREESPORT/frontend/[39mnode_modules/[4m@mswjs/i
nterceptors[24m/lib/node/chunk-5V3SIIW2.mjs:518:11[90m)[39m
    at Axios.request [90m(file:///C:/Users/1/DEV/FREESPORT/frontend/[39mnode_modules/[4maxios[24m/lib/core/
Axios.js:45:41[90m)[39m
    at C:/Users/1/DEV/FREESPORT/frontend/src/services/api-client.ts:152:26
    at Axios.request [90m(file:///C:/Users/1/DEV/FREESPORT/frontend/[39mnode_modules/[4maxios[24m/lib/core/
Axios.js:40:14[90m)[39m
    at initializeAuth (C:/Users/1/DEV/FREESPORT/frontend/src/providers/AuthProvider.tsx:63:28)
    at Axios.request [90m(file:///C:/Users/1/DEV/FREESPORT/frontend/[39mnode_modules/[4maxios[24m/lib/core/
Axios.js:45:41[90m)[39m
    at initializeAuth (C:/Users/1/DEV/FREESPORT/frontend/src/providers/AuthProvider.tsx:63:28) {
  code: [32m'ERR_BAD_REQUEST'[39m,
  config: {
    transitional: {
      silentJSONParsing: [33mtrue[39m,
      forcedJSONParsing: [33mtrue[39m,
      clarifyTimeoutError: [33mfalse[39m
    },
    adapter: [ [32m'xhr'[39m, [32m'http'[39m, [32m'fetch'[39m ],
    transformRequest: [ [36m[Function: transformRequest][39m ],
    transformResponse: [ [36m[Function: transformResponse][39m ],
    timeout: [33m30000[39m,
    xsrfCookieName: [32m'XSRF-TOKEN'[39m,
    xsrfHeaderName: [32m'X-XSRF-TOKEN'[39m,
    maxContentLength: [33m-1[39m,
    maxBodyLength: [33m-1[39m,
    env: { FormData: [36m[Function [FormData]][39m, Blob: [36m[class Blob][39m },
    validateStatus: [36m[Function: validateStatus][39m,
    headers: Object [AxiosHeaders] {
      Accept: [32m'application/json, text/plain, */*'[39m,
      [32m'Content-Type'[39m: [32m'application/json'[39m
    },
    baseURL: [32m'http://localhost:8001/api/v1'[39m,
    method: [32m'post'[39m,
    url: [32m'/auth/refresh/'[39m,
    data: [32m'{"refresh":"expired-token"}'[39m,
    allowAbsoluteUrls: [33mtrue[39m
  },
  request: XMLHttpRequest [EventTarget] {
    onloadstart: [1mnull[22m,
    onprogress: [1mnull[22m,
    onabort: [36m[Function: handleAbort][39m,
    onerror: [36m[Function: handleError][39m,
    onload: [1mnull[22m,
    ontimeout: [36m[Function: handleTimeout][39m,
    onloadend: [36m[Function: onloadend][39m,
    upload: XMLHttpRequestUpload [EventTarget] {
      onloadstart: [1mnull[22m,
      onprogress: [1mnull[22m,
      onabort: [1mnull[22m,
      onerror: [1mnull[22m,
      onload: [1mnull[22m,
      ontimeout: [1mnull[22m,
      onloadend: [1mnull[22m,
      [32mSymbol(listeners)[39m: [36m[Object][39m,
      [32mSymbol(listenerOptions)[39m: [36m[Object][39m
    },
    withCredentials: [33mfalse[39m,
    timeout: [33m30000[39m,
    status: [33m401[39m,
    statusText: [32m'Unauthorized'[39m,
    responseURL: [32m'http://localhost:8001/api/v1/auth/refresh/'[39m,
    response: [36m[Getter][39m,
    responseText: [36m[Getter][39m,
    responseXML: [36m[Getter][39m,
    readyState: [90mundefined[39m,
    [32mSymbol(listeners)[39m: { capturing: Map(0) {}, bubbling: [36m[Map][39m },
    [32mSymbol(listenerOptions)[39m: { capturing: Map(0) {}, bubbling: [36m[Map][39m }
  },
  response: {
    data: { detail: [32m'Invalid refresh token'[39m },
    status: [33m401[39m,
    statusText: [32m'Unauthorized'[39m,
    headers: Object [AxiosHeaders] {
      [32m'content-type'[39m: [32m'application/json'[39m,
      [32m'content-length'[39m: [32m'34'[39m
    },
    config: {
      transitional: [36m[Object][39m,
      adapter: [36m[Array][39m,
      transformRequest: [36m[Array][39m,
      transformResponse: [36m[Array][39m,
      timeout: [33m30000[39m,
      xsrfCookieName: [32m'XSRF-TOKEN'[39m,
      xsrfHeaderName: [32m'X-XSRF-TOKEN'[39m,
      maxContentLength: [33m-1[39m,
      maxBodyLength: [33m-1[39m,
      env: [36m[Object][39m,
      validateStatus: [36m[Function: validateStatus][39m,
      headers: [36m[Object [AxiosHeaders]][39m,
      baseURL: [32m'http://localhost:8001/api/v1'[39m,
      method: [32m'post'[39m,
      url: [32m'/auth/refresh/'[39m,
      data: [32m'{"refresh":"expired-token"}'[39m,
      allowAbsoluteUrls: [33mtrue[39m
    },
    request: XMLHttpRequest [EventTarget] {
      onloadstart: [1mnull[22m,
      onprogress: [1mnull[22m,
      onabort: [36m[Function: handleAbort][39m,
      onerror: [36m[Function: handleError][39m,
      onload: [1mnull[22m,
      ontimeout: [36m[Function: handleTimeout][39m,
      onloadend: [36m[Function: onloadend][39m,
      upload: [36m[XMLHttpRequestUpload [EventTarget]][39m,
      withCredentials: [33mfalse[39m,
      timeout: [33m30000[39m,
      status: [33m401[39m,
      statusText: [32m'Unauthorized'[39m,
      responseURL: [32m'http://localhost:8001/api/v1/auth/refresh/'[39m,
      response: [36m[Getter][39m,
      responseText: [36m[Getter][39m,
      responseXML: [36m[Getter][39m,
      readyState: [90mundefined[39m,
      [32mSymbol(listeners)[39m: [36m[Object][39m,
      [32mSymbol(listenerOptions)[39m: [36m[Object][39m
    }
  },
  status: [33m401[39m
}

[90mstderr[2m | src/providers/__tests__/AuthProvider.test.tsx[2m > [22m[2mAuthProvider - Session Initializ
ation[2m > [22m[2mlogs out on forbidden token (403)
[22m[39mSession expired: AxiosError: Request failed with status code 403
    at settle [90m(file:///C:/Users/1/DEV/FREESPORT/frontend/[39mnode_modules/[4maxios[24m/lib/core/settle.
js:19:12[90m)[39m
    at XMLHttpRequest.onloadend [90m(file:///C:/Users/1/DEV/FREESPORT/frontend/[39mnode_modules/[4maxios[24
m/lib/adapters/xhr.js:59:7[90m)[39m
    at XMLHttpRequest.methodCall [90m(file:///C:/Users/1/DEV/FREESPORT/frontend/[39mnode_modules/[4m@mswjs/i
nterceptors[24m/lib/node/chunk-5V3SIIW2.mjs:354:20[90m)[39m
    at Proxy.<anonymous> [90m(file:///C:/Users/1/DEV/FREESPORT/frontend/[39mnode_modules/[4m@mswjs/intercept
ors[24m/lib/node/chunk-5V3SIIW2.mjs:177:29[90m)[39m
    at XMLHttpRequestController.trigger [90m(file:///C:/Users/1/DEV/FREESPORT/frontend/[39mnode_modules/[4m@
mswjs/interceptors[24m/lib/node/chunk-5V3SIIW2.mjs:652:16[90m)[39m
    at finalizeResponse [90m(file:///C:/Users/1/DEV/FREESPORT/frontend/[39mnode_modules/[4m@mswjs/intercepto
rs[24m/lib/node/chunk-5V3SIIW2.mjs:506:12[90m)[39m
    at readNextResponseBodyChunk [90m(file:///C:/Users/1/DEV/FREESPORT/frontend/[39mnode_modules/[4m@mswjs/i
nterceptors[24m/lib/node/chunk-5V3SIIW2.mjs:518:11[90m)[39m
    at Axios.request [90m(file:///C:/Users/1/DEV/FREESPORT/frontend/[39mnode_modules/[4maxios[24m/lib/core/
Axios.js:45:41[90m)[39m
    at initializeAuth (C:/Users/1/DEV/FREESPORT/frontend/src/providers/AuthProvider.tsx:63:28) {
  code: [32m'ERR_BAD_REQUEST'[39m,
  config: {
    transitional: {
      silentJSONParsing: [33mtrue[39m,
      forcedJSONParsing: [33mtrue[39m,
      clarifyTimeoutError: [33mfalse[39m
    },
    adapter: [ [32m'xhr'[39m, [32m'http'[39m, [32m'fetch'[39m ],
    transformRequest: [ [36m[Function: transformRequest][39m ],
    transformResponse: [ [36m[Function: transformResponse][39m ],
    timeout: [33m30000[39m,
    xsrfCookieName: [32m'XSRF-TOKEN'[39m,
    xsrfHeaderName: [32m'X-XSRF-TOKEN'[39m,
    maxContentLength: [33m-1[39m,
    maxBodyLength: [33m-1[39m,
    env: { FormData: [36m[Function [FormData]][39m, Blob: [36m[class Blob][39m },
    validateStatus: [36m[Function: validateStatus][39m,
    headers: Object [AxiosHeaders] {
      Accept: [32m'application/json, text/plain, */*'[39m,
      [32m'Content-Type'[39m: [32m'application/json'[39m
    },
    baseURL: [32m'http://localhost:8001/api/v1'[39m,
    withCredentials: [33mtrue[39m,
    method: [32m'get'[39m,
    url: [32m'/users/profile/'[39m,
    allowAbsoluteUrls: [33mtrue[39m,
    data: [90mundefined[39m
  },
  request: XMLHttpRequest [EventTarget] {
    onloadstart: [1mnull[22m,
    onprogress: [1mnull[22m,
    onabort: [36m[Function: handleAbort][39m,
    onerror: [36m[Function: handleError][39m,
    onload: [1mnull[22m,
    ontimeout: [36m[Function: handleTimeout][39m,
    onloadend: [36m[Function: onloadend][39m,
    upload: XMLHttpRequestUpload [EventTarget] {
      onloadstart: [1mnull[22m,
      onprogress: [1mnull[22m,
      onabort: [1mnull[22m,
      onerror: [1mnull[22m,
      onload: [1mnull[22m,
      ontimeout: [1mnull[22m,
      onloadend: [1mnull[22m,
      [32mSymbol(listeners)[39m: [36m[Object][39m,
      [32mSymbol(listenerOptions)[39m: [36m[Object][39m
    },
    withCredentials: [33mtrue[39m,
    timeout: [33m30000[39m,
    status: [33m403[39m,
    statusText: [32m'Forbidden'[39m,
    responseURL: [32m'http://localhost:8001/api/v1/users/profile/'[39m,
    response: [36m[Getter][39m,
    responseText: [36m[Getter][39m,
    responseXML: [36m[Getter][39m,
    readyState: [90mundefined[39m,
    [32mSymbol(listeners)[39m: { capturing: Map(0) {}, bubbling: [36m[Map][39m },
    [32mSymbol(listenerOptions)[39m: { capturing: Map(0) {}, bubbling: [36m[Map][39m }
  },
  response: {
    data: { detail: [32m'Token expired'[39m },
    status: [33m403[39m,
    statusText: [32m'Forbidden'[39m,
    headers: Object [AxiosHeaders] {
      [32m'content-type'[39m: [32m'application/json'[39m,
      [32m'content-length'[39m: [32m'26'[39m
    },
    config: {
      transitional: [36m[Object][39m,
      adapter: [36m[Array][39m,
      transformRequest: [36m[Array][39m,
      transformResponse: [36m[Array][39m,
      timeout: [33m30000[39m,
      xsrfCookieName: [32m'XSRF-TOKEN'[39m,
      xsrfHeaderName: [32m'X-XSRF-TOKEN'[39m,
      maxContentLength: [33m-1[39m,
      maxBodyLength: [33m-1[39m,
      env: [36m[Object][39m,
      validateStatus: [36m[Function: validateStatus][39m,
      headers: [36m[Object [AxiosHeaders]][39m,
      baseURL: [32m'http://localhost:8001/api/v1'[39m,
      withCredentials: [33mtrue[39m,
      method: [32m'get'[39m,
      url: [32m'/users/profile/'[39m,
      allowAbsoluteUrls: [33mtrue[39m,
      data: [90mundefined[39m
    },
    request: XMLHttpRequest [EventTarget] {
      onloadstart: [1mnull[22m,
      onprogress: [1mnull[22m,
      onabort: [36m[Function: handleAbort][39m,
      onerror: [36m[Function: handleError][39m,
      onload: [1mnull[22m,
      ontimeout: [36m[Function: handleTimeout][39m,
      onloadend: [36m[Function: onloadend][39m,
      upload: [36m[XMLHttpRequestUpload [EventTarget]][39m,
      withCredentials: [33mtrue[39m,
      timeout: [33m30000[39m,
      status: [33m403[39m,
      statusText: [32m'Forbidden'[39m,
      responseURL: [32m'http://localhost:8001/api/v1/users/profile/'[39m,
      response: [36m[Getter][39m,
      responseText: [36m[Getter][39m,
      responseXML: [36m[Getter][39m,
      readyState: [90mundefined[39m,
      [32mSymbol(listeners)[39m: [36m[Object][39m,
      [32mSymbol(listenerOptions)[39m: [36m[Object][39m
    }
  },
  status: [33m403[39m
}

[90mstderr[2m | src/providers/__tests__/AuthProvider.test.tsx[2m > [22m[2mAuthProvider - Session Initializ
ation[2m > [22m[2mretries on network error and succeeds
[22m[39mAuth initialization failed (attempt 1/3), retrying in 1000ms...

[90mstderr[2m | src/components/ui/SearchField/__tests__/SearchField.test.tsx[2m > [22m[2mSearchField[2m >
 [22m[2monSearch Callback[2m > [22m[2mcalls onSearch when input meets minLength after debounce
[22m[39mAn update to SearchField inside a test was not wrapped in act(...).

When testing, code that causes React state updates should be wrapped into act(...):

act(() => {
  /* fire events that update state */
});
/* assert on the output */

This ensures that you're testing the behavior the user would see in the browser. Learn more at https://react.de
v/link/wrap-tests-with-act

[90mstderr[2m | src/components/ui/SearchField/__tests__/SearchField.test.tsx[2m > [22m[2mSearchField[2m >
 [22m[2monSearch Callback[2m > [22m[2mdoes not call onSearch when input is below minLength
[22m[39mAn update to SearchField inside a test was not wrapped in act(...).

When testing, code that causes React state updates should be wrapped into act(...):

act(() => {
  /* fire events that update state */
});
/* assert on the output */

This ensures that you're testing the behavior the user would see in the browser. Learn more at https://react.de
v/link/wrap-tests-with-act

 [31mÔŁ»[39m src/components/ui/SearchField/__tests__/SearchField.test.tsx [2m([22m[2m17 tests[22m[2m | [22m[31m1 failed[39m[2m)[22m[33m 550[2mms[22m[39m
     [32mÔťô[39m renders search field with default placeholder[32m 129[2mms[22m[39m
     [32mÔťô[39m renders with custom placeholder[32m 22[2mms[22m[39m
     [32mÔťô[39m calls onChange handler when value changes[32m 40[2mms[22m[39m
       [32mÔťô[39m shows warning when input is less than minLength (default 2)[32m 59[2mms[22m[39m
       [32mÔťô[39m hides warning when input meets minLength[32m 35[2mms[22m[39m
       [32mÔťô[39m respects custom minLength prop[32m 26[2mms[22m[39m
       [32mÔťô[39m does not show warning for empty input[32m 31[2mms[22m[39m
       [32mÔťô[39m calls onSearch when input meets minLength after debounce[32m 51[2mms[22m[39m
       [32mÔťô[39m does not call onSearch when input is below minLength[32m 18[2mms[22m[39m
       [32mÔťô[39m does not call onSearch for empty input[32m 10[2mms[22m[39m
     [32mÔťô[39m applies warning border when showing warning[32m 21[2mms[22m[39m
       [32mÔťô[39m has aria-label for screen readers[32m 9[2mms[22m[39m
[31m       [31m├Ś[31m has focus ring on focus[39m[32m 14[2mms[22m[39m
       [32mÔťô[39m forwards ref correctly[32m 6[2mms[22m[39m
       [32mÔťô[39m has aria-hidden on search icon[32m 47[2mms[22m[39m
     [32mÔťô[39m accepts custom className[32m 9[2mms[22m[39m
     [32mÔťô[39m updates value when typing[32m 15[2mms[22m[39m
 [31mÔŁ»[39m src/components/product/__tests__/ProductOptions.test.tsx [2m([22m[2m37 tests[22m[2m | [22m[31m2 failed[39m[2m)[22m[33m 1025[2mms[22m[39m
       [32mÔťô[39m ĐÇđÁđŻđ┤đÁĐÇđŞĐé đ║đżđ╝đ┐đżđŻđÁđŻĐé Đü data-testid[32m 106[2mms[22m[39m
       [32mÔťô[39m ĐÇđÁđŻđ┤đÁĐÇđŞĐé ĐüđÁđ╗đÁđ║ĐéđżĐÇĐő ĐÇđ░đĚđ╝đÁĐÇđżđ▓[32m 41[2mms[22m[39m
       [32mÔťô[39m ĐÇđÁđŻđ┤đÁĐÇđŞĐé ĐüđÁđ╗đÁđ║ĐéđżĐÇĐő Đćđ▓đÁĐéđżđ▓[32m 22[2mms[22m[39m
       [32mÔťô[39m ĐÇđÁđŻđ┤đÁĐÇđŞĐé Đćđ▓đÁĐéđżđ▓ĐőđÁ đŞđŻđ┤đŞđ║đ░ĐéđżĐÇĐő đ┤đ╗ĐĆ Đćđ▓đÁĐéđżđ▓[32m 11[2mms[22m[39m
       [32mÔťô[39m đŻđÁ ĐÇđÁđŻđ┤đÁĐÇđŞĐé đ║đżđ╝đ┐đżđŻđÁđŻĐé đÁĐüđ╗đŞ đŻđÁĐé đ▓đ░ĐÇđŞđ░đŻĐéđżđ▓[32m 4[2mms[22m[39m
       [32mÔťô[39m đŻđÁ ĐÇđÁđŻđ┤đÁĐÇđŞĐé ĐüđÁđ║ĐćđŞĐÄ ĐÇđ░đĚđ╝đÁĐÇđżđ▓ đÁĐüđ╗đŞ đŻđÁĐé ĐÇđ░đĚđ╝đÁĐÇđżđ▓[32m 8[2mms[22m[39m
       [32mÔťô[39m đŻđÁ ĐÇđÁđŻđ┤đÁĐÇđŞĐé ĐüđÁđ║ĐćđŞĐÄ Đćđ▓đÁĐéđżđ▓ đÁĐüđ╗đŞ đŻđÁĐé Đćđ▓đÁĐéđżđ▓[32m 6[2mms[22m[39m
       [32mÔťô[39m đżĐéđżđ▒ĐÇđ░đÂđ░đÁĐé đŻđÁđ┤đżĐüĐéĐâđ┐đŻĐőđÁ ĐÇđ░đĚđ╝đÁĐÇĐő đ║đ░đ║ disabled[32m 27[2mms[22m[39m
       [32mÔťô[39m đżĐéđżđ▒ĐÇđ░đÂđ░đÁĐé đŻđÁđ┤đżĐüĐéĐâđ┐đŻĐőđÁ Đćđ▓đÁĐéđ░ đ║đ░đ║ disabled[32m 17[2mms[22m[39m
       [32mÔťô[39m đ┐ĐÇđŞđ╝đÁđŻĐĆđÁĐé opacity-50 đ║ đŻđÁđ┤đżĐüĐéĐâđ┐đŻĐőđ╝ đżđ┐ĐćđŞĐĆđ╝[32m 19[2mms[22m[39m
       [32mÔťô[39m đ┐ĐÇđŞđ╝đÁđŻĐĆđÁĐé cursor-not-allowed đ║ đŻđÁđ┤đżĐüĐéĐâđ┐đŻĐőđ╝ đżđ┐ĐćđŞĐĆđ╝[32m 22[2mms[22m[39m
       [32mÔťô[39m đ▓ĐőđĚĐőđ▓đ░đÁĐé onSelectionChange đ┐ĐÇđŞ đ║đ╗đŞđ║đÁ đŻđ░ ĐÇđ░đĚđ╝đÁĐÇ[32m 60[2mms[22m[39m
       [32mÔťô[39m đ▓ĐőđĚĐőđ▓đ░đÁĐé onSelectionChange đ┐ĐÇđŞ đ║đ╗đŞđ║đÁ đŻđ░ Đćđ▓đÁĐé[32m 82[2mms[22m[39m
       [32mÔťô[39m ĐüđżĐůĐÇđ░đŻĐĆđÁĐé đ┐ĐÇđÁđ┤Đőđ┤ĐâĐëđŞđ╣ đ▓Đőđ▒đżĐÇ đ┐ĐÇđŞ đ▓Đőđ▒đżĐÇđÁ đŻđżđ▓đżđ│đż ĐÇđ░đĚđ╝đÁĐÇđ░[32m 43[2mms[22m[39m
       [32mÔťô[39m ĐüđżĐůĐÇđ░đŻĐĆđÁĐé đ┐ĐÇđÁđ┤Đőđ┤ĐâĐëđŞđ╣ đ▓Đőđ▒đżĐÇ đ┐ĐÇđŞ đ▓Đőđ▒đżĐÇđÁ đŻđżđ▓đżđ│đż Đćđ▓đÁĐéđ░[32m 79[2mms[22m[39m
       [32mÔťô[39m đŁđĽ đ▓ĐőđĚĐőđ▓đ░đÁĐé callback đ┐ĐÇđŞ đ║đ╗đŞđ║đÁ đŻđ░ disabled đżđ┐ĐćđŞĐÄ[32m 33[2mms[22m[39m
       [32mÔťô[39m đżĐéđżđ▒ĐÇđ░đÂđ░đÁĐé đ▓Đőđ▒ĐÇđ░đŻđŻĐőđ╣ ĐÇđ░đĚđ╝đÁĐÇ đ║đ░đ║ selected[32m 13[2mms[22m[39m
       [32mÔťô[39m đżĐéđżđ▒ĐÇđ░đÂđ░đÁĐé đ▓Đőđ▒ĐÇđ░đŻđŻĐőđ╣ Đćđ▓đÁĐé đ║đ░đ║ selected[32m 15[2mms[22m[39m
[31m       [31m├Ś[31m đ┐ĐÇđŞđ╝đÁđŻĐĆđÁĐé ĐüĐéđŞđ╗đŞ selected đ║ đ▓Đőđ▒ĐÇđ░đŻđŻđżđ╣ đżđ┐ĐćđŞđŞ[39m[32m 31[2mms[22m[39m
       [32mÔťô[39m đŞđ╝đÁđÁĐé role="radiogroup" đ┤đ╗ĐĆ đ│ĐÇĐâđ┐đ┐ đżđ┐ĐćđŞđ╣[32m 14[2mms[22m[39m
       [32mÔťô[39m đŞđ╝đÁđÁĐé aria-label đ┤đ╗ĐĆ đ│ĐÇĐâđ┐đ┐ đżđ┐ĐćđŞđ╣[32m 13[2mms[22m[39m
       [32mÔťô[39m đŞđ╝đÁđÁĐé role="radio" đ┤đ╗ĐĆ đ║đ░đÂđ┤đżđ╣ đżđ┐ĐćđŞđŞ[32m 30[2mms[22m[39m
       [32mÔťô[39m đŞđ╝đÁđÁĐé aria-checked đ┤đ╗ĐĆ đ▓Đőđ▒ĐÇđ░đŻđŻĐőĐů đżđ┐ĐćđŞđ╣[32m 23[2mms[22m[39m
       [32mÔťô[39m đŞđ╝đÁđÁĐé aria-disabled đ┤đ╗ĐĆ đŻđÁđ┤đżĐüĐéĐâđ┐đŻĐőĐů đżđ┐ĐćđŞđ╣[32m 21[2mms[22m[39m
       [32mÔťô[39m đ┐đżđ┤đ┤đÁĐÇđÂđŞđ▓đ░đÁĐé keyboard navigation - Enter[32m 51[2mms[22m[39m
       [32mÔťô[39m đ┐đżđ┤đ┤đÁĐÇđÂđŞđ▓đ░đÁĐé keyboard navigation - Space[32m 61[2mms[22m[39m
       [32mÔťô[39m disabled đżđ┐ĐćđŞđŞ đŞđ╝đÁĐÄĐé tabIndex=-1[32m 17[2mms[22m[39m
       [32mÔťô[39m đ┤đżĐüĐéĐâđ┐đŻĐőđÁ đżđ┐ĐćđŞđŞ đŞđ╝đÁĐÄĐé tabIndex=0[32m 10[2mms[22m[39m
       [32mÔťô[39m đ┐ĐÇđŞđ╝đÁđŻĐĆđÁĐé đ║đżĐÇĐÇđÁđ║ĐéđŻĐőđÁ đ▒đ░đĚđżđ▓ĐőđÁ ĐüĐéđŞđ╗đŞ đ║ Chip[32m 42[2mms[22m[39m
       [32mÔťô[39m đ┐ĐÇđŞđ╝đÁđŻĐĆđÁĐé ĐüĐéđŞđ╗đŞ default state[32m 14[2mms[22m[39m
[31m       [31m├Ś[31m đ┐ĐÇđŞđ╝đÁđŻĐĆđÁĐé ĐüĐéđŞđ╗đŞ selected state[39m[32m 17[2mms[22m[39m
       [32mÔťô[39m đ┐ĐÇđŞđ╝đÁđŻĐĆđÁĐé spacing đ╝đÁđÂđ┤Đâ đ│ĐÇĐâđ┐đ┐đ░đ╝đŞ (space-y-6)[32m 17[2mms[22m[39m
       [32mÔťô[39m đ┐ĐÇđŞđ╝đÁđŻĐĆđÁĐé spacing đ╝đÁđÂđ┤Đâ Chip (gap-2)[32m 8[2mms[22m[39m
       [32mÔťô[39m đ┐ĐÇđŞđ╝đÁđŻĐĆđÁĐé typography đ┤đ╗ĐĆ đĚđ░đ│đżđ╗đżđ▓đ║đżđ▓ đ│ĐÇĐâđ┐đ┐[32m 8[2mms[22m[39m
       [32mÔťô[39m đżđ▒ĐÇđ░đ▒đ░ĐéĐőđ▓đ░đÁĐé đ▓đ░ĐÇđŞđ░đŻĐéĐő đ▒đÁđĚ color_hex[32m 6[2mms[22m[39m
       [32mÔťô[39m đżđ▒ĐÇđ░đ▒đ░ĐéĐőđ▓đ░đÁĐé đ┤Đâđ▒đ╗đŞđ║đ░ĐéĐő ĐÇđ░đĚđ╝đÁĐÇđżđ▓ đ║đżĐÇĐÇđÁđ║ĐéđŻđż[32m 9[2mms[22m[39m
       [32mÔťô[39m đżđ▒ĐÇđ░đ▒đ░ĐéĐőđ▓đ░đÁĐé đ┤Đâđ▒đ╗đŞđ║đ░ĐéĐő Đćđ▓đÁĐéđżđ▓ đ║đżĐÇĐÇđÁđ║ĐéđŻđż[32m 12[2mms[22m[39m
[90mstderr[2m | src/components/auth/__tests__/PasswordResetConfirmForm.test.tsx[2m > [22m[2mPasswordResetC
onfirmForm[2m > [22m[2mToken Validation on Mount[2m > [22m[2mshould show error for expired token (410)
[22m[39mToken validation error: { response: { status: [33m410[39m } }

[90mstderr[2m | src/components/auth/__tests__/PasswordResetConfirmForm.test.tsx[2m > [22m[2mPasswordResetC
onfirmForm[2m > [22m[2mToken Validation on Mount[2m > [22m[2mshould show error for invalid token (404)
[22m[39mToken validation error: { response: { status: [33m404[39m } }

[90mstderr[2m | src/components/auth/__tests__/PasswordResetConfirmForm.test.tsx[2m > [22m[2mPasswordResetC
onfirmForm[2m > [22m[2mToken Validation on Mount[2m > [22m[2mshould show generic error for other validati
on errors
[22m[39mToken validation error: { response: { status: [33m500[39m } }

[90mstderr[2m | src/components/auth/__tests__/PasswordResetConfirmForm.test.tsx[2m > [22m[2mPasswordResetC
onfirmForm[2m > [22m[2mToken Validation on Mount[2m > [22m[2mshould show link to request new reset when t
oken is invalid
[22m[39mToken validation error: { response: { status: [33m410[39m } }

[90mstderr[2m | src/providers/__tests__/AuthProvider.test.tsx[2m > [22m[2mAuthProvider - Session Initializ
ation[2m > [22m[2mlogs out after all retry attempts fail
[22m[39mAuth initialization failed (attempt 1/3), retrying in 1000ms...

[90mstderr[2m | src/components/home/__tests__/NewArrivalsSection.test.tsx[2m > [22m[2mNewArrivalsSection[
2m > [22m[2mloads and displays 8 new products with "new" badge priority
[22m[39mReceived `true` for a non-boolean attribute `jsx`.

If you want to write it to the DOM, pass a string instead: jsx="true" or jsx={value.toString()}.

[90mstderr[2m | src/components/home/__tests__/HitsSection.test.tsx[2m > [22m[2mHitsSection[2m > [22m[2m
loads and displays 8 hit products with badges
[22m[39mReceived `true` for a non-boolean attribute `jsx`.

If you want to write it to the DOM, pass a string instead: jsx="true" or jsx={value.toString()}.

[90mstderr[2m | src/app/(blue)/catalog/__tests__/CatalogPage.test.tsx[2m > [22m[2mCatalogPage - Search Int
egration (Story 18.4)[2m > [22m[2mAC 1: đ┤đżđ╗đÂđÁđŻ đżĐéđżđ▒ĐÇđ░đÂđ░ĐéĐî SearchField đŻđ░ ĐüĐéĐÇđ░đŻđŞĐćđÁ 
đ║đ░Đéđ░đ╗đżđ│đ░
[22m[39mReceived `true` for a non-boolean attribute `jsx`.

If you want to write it to the DOM, pass a string instead: jsx="true" or jsx={value.toString()}.

[90mstderr[2m | src/providers/__tests__/AuthProvider.test.tsx[2m > [22m[2mAuthProvider - Session Initializ
ation[2m > [22m[2mlogs out after all retry attempts fail
[22m[39mAuth initialization failed (attempt 2/3), retrying in 2000ms...

[90mstderr[2m | src/components/auth/__tests__/PasswordResetRequestForm.test.tsx[2m > [22m[2mPasswordResetR
equestForm[2m > [22m[2mError Handling[2m > [22m[2mshould display error message on API failure
[22m[39mPassword reset request error: Error: Network error
    at C:/Users/1/DEV/FREESPORT/frontend/src/components/auth/__tests__/PasswordResetRequestForm.test.tsx:166:50
    at [90mfile:///C:/Users/1/DEV/FREESPORT/frontend/[39mnode_modules/[4m@vitest/runner[24m/dist/index.js:1
45:11
    at [90mfile:///C:/Users/1/DEV/FREESPORT/frontend/[39mnode_modules/[4m@vitest/runner[24m/dist/index.js:9
15:26
    at [90mfile:///C:/Users/1/DEV/FREESPORT/frontend/[39mnode_modules/[4m@vitest/runner[24m/dist/index.js:1
240:20
    at new Promise (<anonymous>)
    at runWithTimeout [90m(file:///C:/Users/1/DEV/FREESPORT/frontend/[39mnode_modules/[4m@vitest/runner[24m
/dist/index.js:1206:10[90m)[39m
    at [90mfile:///C:/Users/1/DEV/FREESPORT/frontend/[39mnode_modules/[4m@vitest/runner[24m/dist/index.js:1
650:37
    at Traces.$ [90m(file:///C:/Users/1/DEV/FREESPORT/frontend/[39mnode_modules/[4mvitest[24m/dist/chunks/t
races.U4xDYhzZ.js:115:27[90m)[39m
    at trace [90m(file:///C:/Users/1/DEV/FREESPORT/frontend/[39mnode_modules/[4mvitest[24m/dist/chunks/test
.BT8LKgU9.js:239:21[90m)[39m
    at runTest [90m(file:///C:/Users/1/DEV/FREESPORT/frontend/[39mnode_modules/[4m@vitest/runner[24m/dist/i
ndex.js:1650:12[90m)[39m

[90mstderr[2m | src/components/auth/__tests__/PasswordResetRequestForm.test.tsx[2m > [22m[2mPasswordResetR
equestForm[2m > [22m[2mError Handling[2m > [22m[2mshould clear previous error on new submission
[22m[39mPassword reset request error: Error: Network error
    at C:/Users/1/DEV/FREESPORT/frontend/src/components/auth/__tests__/PasswordResetRequestForm.test.tsx:186:54
    at [90mfile:///C:/Users/1/DEV/FREESPORT/frontend/[39mnode_modules/[4m@vitest/runner[24m/dist/index.js:1
45:11
    at [90mfile:///C:/Users/1/DEV/FREESPORT/frontend/[39mnode_modules/[4m@vitest/runner[24m/dist/index.js:9
15:26
    at [90mfile:///C:/Users/1/DEV/FREESPORT/frontend/[39mnode_modules/[4m@vitest/runner[24m/dist/index.js:1
240:20
    at new Promise (<anonymous>)
    at runWithTimeout [90m(file:///C:/Users/1/DEV/FREESPORT/frontend/[39mnode_modules/[4m@vitest/runner[24m
/dist/index.js:1206:10[90m)[39m
    at [90mfile:///C:/Users/1/DEV/FREESPORT/frontend/[39mnode_modules/[4m@vitest/runner[24m/dist/index.js:1
650:37
    at Traces.$ [90m(file:///C:/Users/1/DEV/FREESPORT/frontend/[39mnode_modules/[4mvitest[24m/dist/chunks/t
races.U4xDYhzZ.js:115:27[90m)[39m
    at trace [90m(file:///C:/Users/1/DEV/FREESPORT/frontend/[39mnode_modules/[4mvitest[24m/dist/chunks/test
.BT8LKgU9.js:239:21[90m)[39m
    at runTest [90m(file:///C:/Users/1/DEV/FREESPORT/frontend/[39mnode_modules/[4m@vitest/runner[24m/dist/i
ndex.js:1650:12[90m)[39m

 [32mÔťô[39m src/__tests__/components/B2BRegisterForm.test.tsx [2m([22m[2m5 tests[22m[2m)[22m[33m 3199[2mms[22m[39m
       [33m[2mÔťô[22m[39m should submit form and redirect to root on success [33m 2718[2mms[22m[39m
[90mstderr[2m | src/hooks/__tests__/useDebounce.test.ts[2m > [22m[2museDebounce[2m > [22m[2mcancels pre
vious timeout on rapid changes
[22m[39mAn update to TestComponent inside a test was not wrapped in act(...).

When testing, code that causes React state updates should be wrapped into act(...):

act(() => {
  /* fire events that update state */
});
/* assert on the output */

This ensures that you're testing the behavior the user would see in the browser. Learn more at https://react.de
v/link/wrap-tests-with-act

[90mstderr[2m | src/app/(blue)/home/__tests__/page.test.tsx[2m > [22m[2mđôđ╗đ░đ▓đŻđ░ĐĆ ĐüĐéĐÇđ░đŻđŞĐćđ░ (/
)[2m > [22m[2mđáđÁđŻđ┤đÁĐÇđŞđŻđ│ ĐüĐéĐÇđ░đŻđŞĐćĐő[2m > [22m[2mđ┤đżđ╗đÂđŻđ░ ĐÇđÁđŻđ┤đÁĐÇđŞĐéĐîĐüĐĆ đ▒đÁđĚ 
đżĐłđŞđ▒đżđ║
[22m[39mReceived `true` for a non-boolean attribute `jsx`.

If you want to write it to the DOM, pass a string instead: jsx="true" or jsx={value.toString()}.

[90mstderr[2m | src/app/(blue)/home/__tests__/page.test.tsx[2m > [22m[2mđôđ╗đ░đ▓đŻđ░ĐĆ ĐüĐéĐÇđ░đŻđŞĐćđ░ (/
)[2m > [22m[2mđáđÁđŻđ┤đÁĐÇđŞđŻđ│ ĐüĐéĐÇđ░đŻđŞĐćĐő[2m > [22m[2mđ┤đżđ╗đÂđŻđ░ ĐÇđÁđŻđ┤đÁĐÇđŞĐéĐîĐüĐĆ đ▒đÁđĚ 
đżĐłđŞđ▒đżđ║
[22m[39mAn update to CategoriesSection inside a test was not wrapped in act(...).

When testing, code that causes React state updates should be wrapped into act(...):

act(() => {
  /* fire events that update state */
});
/* assert on the output */

This ensures that you're testing the behavior the user would see in the browser. Learn more at https://react.de
v/link/wrap-tests-with-act
An update to CategoriesSection inside a test was not wrapped in act(...).

When testing, code that causes React state updates should be wrapped into act(...):

act(() => {
  /* fire events that update state */
});
/* assert on the output */

This ensures that you're testing the behavior the user would see in the browser. Learn more at https://react.de
v/link/wrap-tests-with-act

[90mstderr[2m | src/providers/__tests__/AuthProvider.test.tsx[2m > [22m[2mAuthProvider - Session Initializ
ation[2m > [22m[2mlogs out after all retry attempts fail
[22m[39mAuth initialization failed after retries: AxiosError: Network Error
    at XMLHttpRequest.handleError [as onerror] [90m(file:///C:/Users/1/DEV/FREESPORT/frontend/[39mnode_module
s/[4maxios[24m/lib/adapters/xhr.js:112:20[90m)[39m
    at XMLHttpRequest.methodCall [90m(file:///C:/Users/1/DEV/FREESPORT/frontend/[39mnode_modules/[4m@mswjs/i
nterceptors[24m/lib/node/chunk-5V3SIIW2.mjs:354:20[90m)[39m
    at Proxy.<anonymous> [90m(file:///C:/Users/1/DEV/FREESPORT/frontend/[39mnode_modules/[4m@mswjs/intercept
ors[24m/lib/node/chunk-5V3SIIW2.mjs:177:29[90m)[39m
    at XMLHttpRequestController.trigger [90m(file:///C:/Users/1/DEV/FREESPORT/frontend/[39mnode_modules/[4m@
mswjs/interceptors[24m/lib/node/chunk-5V3SIIW2.mjs:652:16[90m)[39m
    at XMLHttpRequestController.errorWith [90m(file:///C:/Users/1/DEV/FREESPORT/frontend/[39mnode_modules/[4
m@mswjs/interceptors[24m/lib/node/chunk-5V3SIIW2.mjs:620:10[90m)[39m
    at Object.respondWith [90m(file:///C:/Users/1/DEV/FREESPORT/frontend/[39mnode_modules/[4m@mswjs/intercep
tors[24m/lib/node/chunk-5V3SIIW2.mjs:759:20[90m)[39m
    at _RequestController.respondWith [90m(file:///C:/Users/1/DEV/FREESPORT/frontend/[39mnode_modules/[4m@ms
wjs/interceptors[24m/lib/node/chunk-JXGB54LE.mjs:220:17[90m)[39m
    at _Emitter.<anonymous> [90m(file:///C:/Users/1/DEV/FREESPORT/frontend/[39mnode_modules/[4mmsw[24m/lib/
node/index.mjs:65:22[90m)[39m
    at emitAsync [90m(file:///C:/Users/1/DEV/FREESPORT/frontend/[39mnode_modules/[4m@mswjs/interceptors[24m
/lib/node/chunk-R6T7CL5E.mjs:13:5[90m)[39m
    at [90mfile:///C:/Users/1/DEV/FREESPORT/frontend/[39mnode_modules/[4m@mswjs/interceptors[24m/lib/node/c
hunk-R6T7CL5E.mjs:127:5
    at Axios.request [90m(file:///C:/Users/1/DEV/FREESPORT/frontend/[39mnode_modules/[4maxios[24m/lib/core/
Axios.js:45:41[90m)[39m
    at initializeAuth (C:/Users/1/DEV/FREESPORT/frontend/src/providers/AuthProvider.tsx:63:28) {
  code: [32m'ERR_NETWORK'[39m,
  config: {
    transitional: {
      silentJSONParsing: [33mtrue[39m,
      forcedJSONParsing: [33mtrue[39m,
      clarifyTimeoutError: [33mfalse[39m
    },
    adapter: [ [32m'xhr'[39m, [32m'http'[39m, [32m'fetch'[39m ],
    transformRequest: [ [36m[Function: transformRequest][39m ],
    transformResponse: [ [36m[Function: transformResponse][39m ],
    timeout: [33m30000[39m,
    xsrfCookieName: [32m'XSRF-TOKEN'[39m,
    xsrfHeaderName: [32m'X-XSRF-TOKEN'[39m,
    maxContentLength: [33m-1[39m,
    maxBodyLength: [33m-1[39m,
    env: { FormData: [36m[Function [FormData]][39m, Blob: [36m[class Blob][39m },
    validateStatus: [36m[Function: validateStatus][39m,
    headers: Object [AxiosHeaders] {
      Accept: [32m'application/json, text/plain, */*'[39m,
      [32m'Content-Type'[39m: [32m'application/json'[39m
    },
    baseURL: [32m'http://localhost:8001/api/v1'[39m,
    withCredentials: [33mtrue[39m,
    method: [32m'get'[39m,
    url: [32m'/users/profile/'[39m,
    allowAbsoluteUrls: [33mtrue[39m,
    data: [90mundefined[39m
  },
  request: XMLHttpRequest [EventTarget] {
    onloadstart: [1mnull[22m,
    onprogress: [1mnull[22m,
    onabort: [36m[Function: handleAbort][39m,
    onerror: [36m[Function: handleError][39m,
    onload: [1mnull[22m,
    ontimeout: [36m[Function: handleTimeout][39m,
    onloadend: [36m[Function: onloadend][39m,
    upload: XMLHttpRequestUpload [EventTarget] {
      onloadstart: [1mnull[22m,
      onprogress: [1mnull[22m,
      onabort: [1mnull[22m,
      onerror: [1mnull[22m,
      onload: [1mnull[22m,
      ontimeout: [1mnull[22m,
      onloadend: [1mnull[22m,
      [32mSymbol(listeners)[39m: [36m[Object][39m,
      [32mSymbol(listenerOptions)[39m: [36m[Object][39m
    },
    withCredentials: [33mtrue[39m,
    timeout: [33m30000[39m,
    readyState: [90mundefined[39m,
    [32mSymbol(listeners)[39m: { capturing: Map(0) {}, bubbling: [36m[Map][39m },
    [32mSymbol(listenerOptions)[39m: { capturing: Map(0) {}, bubbling: [36m[Map][39m }
  },
  event: ProgressEvent {
    NONE: [33m0[39m,
    CAPTURING_PHASE: [33m1[39m,
    AT_TARGET: [33m2[39m,
    BUBBLING_PHASE: [33m3[39m,
    lengthComputable: [33mtrue[39m,
    loaded: [33m0[39m,
    total: [33m0[39m,
    [32mSymbol(composed)[39m: [33mfalse[39m,
    [32mSymbol(bubbles)[39m: [33mfalse[39m,
    [32mSymbol(cancelable)[39m: [33mfalse[39m,
    [32mSymbol(defaultPrevented)[39m: [33mfalse[39m,
    [32mSymbol(eventPhase)[39m: [33m0[39m,
    [32mSymbol(timeStamp)[39m: [33m8958.797[39m,
    [32mSymbol(type)[39m: [32m'error'[39m,
    [32mSymbol(dispatching)[39m: [33mfalse[39m,
    [32mSymbol(immediatePropagationStopped)[39m: [33mfalse[39m,
    [32mSymbol(propagationStopped)[39m: [33mfalse[39m,
    [32mSymbol(target)[39m: [1mnull[22m,
    [32mSymbol(currentTarget)[39m: [1mnull[22m,
    [32mSymbol(isInPassiveEventListener)[39m: [33mfalse[39m
  }
}

 [32mÔťô[39m src/providers/__tests__/AuthProvider.test.tsx [2m([22m[2m8 tests[22m[2m)[22m[33m 4473[2mms[22m[39m
     [33m[2mÔťô[22m[39m retries on network error and succeeds [33m 1053[2mms[22m[39m
     [33m[2mÔťô[22m[39m logs out after all retry attempts fail [33m 3037[2mms[22m[39m
[90mstderr[2m | src/app/(blue)/home/__tests__/page.test.tsx[2m > [22m[2mđôđ╗đ░đ▓đŻđ░ĐĆ ĐüĐéĐÇđ░đŻđŞĐćđ░ (/
)[2m > [22m[2mđáđÁđŻđ┤đÁĐÇđŞđŻđ│ ĐüĐéĐÇđ░đŻđŞĐćĐő[2m > [22m[2mđ┤đżđ╗đÂđŻđ░ Đüđżđ┤đÁĐÇđÂđ░ĐéĐî HeroSection
 đ║đżđ╝đ┐đżđŻđÁđŻĐé
[22m[39m[MSW] Warning: intercepted a request without a matching request handler:

  ÔÇó GET http://localhost:8001/api/v1/blog?page_size=3

If you still wish to intercept this unhandled request, please create a request handler for it.
Read more: https://mswjs.io/docs/http/intercepting-requests
[MSW] Warning: intercepted a request without a matching request handler:

  ÔÇó GET http://localhost:8001/api/v1/blog?page_size=3

If you still wish to intercept this unhandled request, please create a request handler for it.
Read more: https://mswjs.io/docs/http/intercepting-requests

[90mstderr[2m | src/app/(blue)/home/__tests__/page.test.tsx[2m > [22m[2mđôđ╗đ░đ▓đŻđ░ĐĆ ĐüĐéĐÇđ░đŻđŞĐćđ░ (/
)[2m > [22m[2mđáđÁđŻđ┤đÁĐÇđŞđŻđ│ ĐüĐéĐÇđ░đŻđŞĐćĐő[2m > [22m[2mđ┤đżđ╗đÂđŻđ░ Đüđżđ┤đÁĐÇđÂđ░ĐéĐî HeroSection
 đ║đżđ╝đ┐đżđŻđÁđŻĐé
[22m[39m[MSW] Warning: intercepted a request without a matching request handler:

  ÔÇó GET http://localhost:8001/api/v1/blog?page_size=3

If you still wish to intercept this unhandled request, please create a request handler for it.
Read more: https://mswjs.io/docs/http/intercepting-requests
[MSW] Warning: intercepted a request without a matching request handler:

  ÔÇó GET http://localhost:8001/api/v1/blog?page_size=3

If you still wish to intercept this unhandled request, please create a request handler for it.
Read more: https://mswjs.io/docs/http/intercepting-requests

[90mstderr[2m | src/components/auth/__tests__/PasswordResetRequestForm.test.tsx[2m > [22m[2mPasswordResetR
equestForm[2m > [22m[2mAccessibility[2m > [22m[2mshould have aria-describedby for error messages
[22m[39mPassword reset request error: Error: Network error
    at C:/Users/1/DEV/FREESPORT/frontend/src/components/auth/__tests__/PasswordResetRequestForm.test.tsx:299:50
    at [90mfile:///C:/Users/1/DEV/FREESPORT/frontend/[39mnode_modules/[4m@vitest/runner[24m/dist/index.js:1
45:11
    at [90mfile:///C:/Users/1/DEV/FREESPORT/frontend/[39mnode_modules/[4m@vitest/runner[24m/dist/index.js:9
15:26
    at [90mfile:///C:/Users/1/DEV/FREESPORT/frontend/[39mnode_modules/[4m@vitest/runner[24m/dist/index.js:1
240:20
    at new Promise (<anonymous>)
    at runWithTimeout [90m(file:///C:/Users/1/DEV/FREESPORT/frontend/[39mnode_modules/[4m@vitest/runner[24m
/dist/index.js:1206:10[90m)[39m
    at [90mfile:///C:/Users/1/DEV/FREESPORT/frontend/[39mnode_modules/[4m@vitest/runner[24m/dist/index.js:1
650:37
    at Traces.$ [90m(file:///C:/Users/1/DEV/FREESPORT/frontend/[39mnode_modules/[4mvitest[24m/dist/chunks/t
races.U4xDYhzZ.js:115:27[90m)[39m
    at trace [90m(file:///C:/Users/1/DEV/FREESPORT/frontend/[39mnode_modules/[4mvitest[24m/dist/chunks/test
.BT8LKgU9.js:239:21[90m)[39m
    at runTest [90m(file:///C:/Users/1/DEV/FREESPORT/frontend/[39mnode_modules/[4m@vitest/runner[24m/dist/i
ndex.js:1650:12[90m)[39m

 [32mÔťô[39m src/components/auth/__tests__/PasswordResetRequestForm.test.tsx [2m([22m[2m16 tests[22m[2m)[22m[33m 3819[2mms[22m[39m
       [33m[2mÔťô[22m[39m should show validation error for invalid email format [33m 325[2mms[22m[39m
       [33m[2mÔťô[22m[39m should submit form with valid email [33m 356[2mms[22m[39m
       [33m[2mÔťô[22m[39m should show success message after successful submission [33m 330[2mms[22m[39m
       [33m[2mÔťô[22m[39m should hide form after successful submission [33m 310[2mms[22m[39m
       [33m[2mÔťô[22m[39m should display error message on API failure [33m 345[2mms[22m[39m
       [33m[2mÔťô[22m[39m should clear previous error on new submission [33m 646[2mms[22m[39m
       [33m[2mÔťô[22m[39m should show loading state during submission [33m 330[2mms[22m[39m
       [33m[2mÔťô[22m[39m should disable email input during submission [33m 439[2mms[22m[39m
       [33m[2mÔťô[22m[39m should have aria-describedby for error messages [33m 360[2mms[22m[39m
 [32mÔťô[39m src/app/(blue)/catalog/__tests__/CatalogPage.test.tsx [2m([22m[2m8 tests[22m[2m)[22m[33m 2767[2mms[22m[39m
     [33m[2mÔťô[22m[39m AC 3: đ┤đżđ╗đÂđÁđŻ đżđ▒đŻđżđ▓đ╗ĐĆĐéĐî URL Đü đ┐đ░ĐÇđ░đ╝đÁĐéĐÇđżđ╝ search đ┐ĐÇđŞ đ▓đ▓đżđ┤đÁ đĚđ░đ┐ĐÇđżĐüđ░ [33m 569[2mms[22m[39m
     [33m[2mÔťô[22m[39m AC 2, AC 4: đ┤đżđ╗đÂđÁđŻ đ┐đÁĐÇđÁđ┤đ░đ▓đ░ĐéĐî đ┐đ░ĐÇđ░đ╝đÁĐéĐÇ search đ▓ API đ▓đ╝đÁĐüĐéđÁ Đü ĐüĐâĐëđÁĐüĐéđ▓ĐâĐÄĐëđŞđ╝đŞ ĐäđŞđ╗ĐîĐéĐÇđ░đ╝đŞ [33m 525[2mms[22m[39m
     [33m[2mÔťô[22m[39m AC 2: đ┤đżđ╗đÂđÁđŻ đ┐đżđ║đ░đĚĐőđ▓đ░ĐéĐî đŞđŻđ┤đŞđ║đ░ĐéđżĐÇ ĐÇđÁđĚĐâđ╗ĐîĐéđ░Đéđżđ▓ đ┐ĐÇđŞ đ░đ║ĐéđŞđ▓đŻđżđ╝ đ┐đżđŞĐüđ║đÁ [33m 441[2mms[22m[39m
     [33m[2mÔťô[22m[39m đŻđÁ đ┤đżđ╗đÂđÁđŻ đżĐéđ┐ĐÇđ░đ▓đ╗ĐĆĐéĐî đ┐đ░ĐÇđ░đ╝đÁĐéĐÇ search đÁĐüđ╗đŞ đ┤đ╗đŞđŻđ░ đ╝đÁđŻĐîĐłđÁ minLength (2 ĐüđŞđ╝đ▓đżđ╗đ░) [33m 484[2mms[22m[39m
[90mstderr[2m | src/app/(blue)/home/__tests__/page.test.tsx[2m > [22m[2mđôđ╗đ░đ▓đŻđ░ĐĆ ĐüĐéĐÇđ░đŻđŞĐćđ░ (/
)[2m > [22m[2mđáđÁđŻđ┤đÁĐÇđŞđŻđ│ ĐüĐéĐÇđ░đŻđŞĐćĐő[2m > [22m[2mđ┤đżđ╗đÂđŻđ░ Đüđżđ┤đÁĐÇđÂđ░ĐéĐî ĐüđÁđ║ĐćđŞĐ
Ä Đü đ┐đżđ┐Đâđ╗ĐĆĐÇđŻĐőđ╝đŞ đ║đ░ĐéđÁđ│đżĐÇđŞĐĆđ╝đŞ
[22m[39m[MSW] Warning: intercepted a request without a matching request handler:

  ÔÇó GET http://localhost:8001/api/v1/blog?page_size=3

If you still wish to intercept this unhandled request, please create a request handler for it.
Read more: https://mswjs.io/docs/http/intercepting-requests
[MSW] Warning: intercepted a request without a matching request handler:

  ÔÇó GET http://localhost:8001/api/v1/blog?page_size=3

If you still wish to intercept this unhandled request, please create a request handler for it.
Read more: https://mswjs.io/docs/http/intercepting-requests

[90mstderr[2m | src/hooks/__tests__/useDebounce.test.ts[2m > [22m[2museDebounce[2m > [22m[2mrespects cu
stom delay
[22m[39mAn update to TestComponent inside a test was not wrapped in act(...).

When testing, code that causes React state updates should be wrapped into act(...):

act(() => {
  /* fire events that update state */
});
/* assert on the output */

This ensures that you're testing the behavior the user would see in the browser. Learn more at https://react.de
v/link/wrap-tests-with-act

[90mstderr[2m | src/app/(blue)/home/__tests__/page.test.tsx[2m > [22m[2mđôđ╗đ░đ▓đŻđ░ĐĆ ĐüĐéĐÇđ░đŻđŞĐćđ░ (/
)[2m > [22m[2mđÉđ┤đ░đ┐ĐéđŞđ▓đŻđżĐüĐéĐî[2m > [22m[2mđ┤đżđ╗đÂđŻđ░ đŞđ╝đÁĐéĐî responsive đ║đżđŻĐéđÁđ╣đŻđÁĐÇ
[22m[39mAn update to CategoriesSection inside a test was not wrapped in act(...).

When testing, code that causes React state updates should be wrapped into act(...):

act(() => {
  /* fire events that update state */
});
/* assert on the output */

This ensures that you're testing the behavior the user would see in the browser. Learn more at https://react.de
v/link/wrap-tests-with-act
An update to CategoriesSection inside a test was not wrapped in act(...).

When testing, code that causes React state updates should be wrapped into act(...):

act(() => {
  /* fire events that update state */
});
/* assert on the output */

This ensures that you're testing the behavior the user would see in the browser. Learn more at https://react.de
v/link/wrap-tests-with-act

[90mstderr[2m | src/app/(blue)/home/__tests__/page.test.tsx[2m > [22m[2mđôđ╗đ░đ▓đŻđ░ĐĆ ĐüĐéĐÇđ░đŻđŞĐćđ░ (/
)[2m > [22m[2mđÉđ┤đ░đ┐ĐéđŞđ▓đŻđżĐüĐéĐî[2m > [22m[2mđ┤đżđ╗đÂđŻđ░ Đüđżđ┤đÁĐÇđÂđ░ĐéĐî đ░đ┤đ░đ┐ĐéđŞđ▓đŻĐőđÁ p
adding đ║đ╗đ░ĐüĐüĐő
[22m[39mAn update to CategoriesSection inside a test was not wrapped in act(...).

When testing, code that causes React state updates should be wrapped into act(...):

act(() => {
  /* fire events that update state */
});
/* assert on the output */

This ensures that you're testing the behavior the user would see in the browser. Learn more at https://react.de
v/link/wrap-tests-with-act
An update to CategoriesSection inside a test was not wrapped in act(...).

When testing, code that causes React state updates should be wrapped into act(...):

act(() => {
  /* fire events that update state */
});
/* assert on the output */

This ensures that you're testing the behavior the user would see in the browser. Learn more at https://react.de
v/link/wrap-tests-with-act

 [32mÔťô[39m src/hooks/__tests__/useDebounce.test.ts [2m([22m[2m6 tests[22m[2m)[22m[33m 2191[2mms[22m[39m
     [33m[2mÔťô[22m[39m cancels previous timeout on rapid changes [33m 1032[2mms[22m[39m
     [33m[2mÔťô[22m[39m respects custom delay [33m 1115[2mms[22m[39m
[90mstderr[2m | src/app/(blue)/home/__tests__/page.test.tsx[2m > [22m[2mđôđ╗đ░đ▓đŻđ░ĐĆ ĐüĐéĐÇđ░đŻđŞĐćđ░ (/
)[2m > [22m[2mđśđŻĐéđÁđ│ĐÇđ░ĐćđŞĐĆ Đü authStore[2m > [22m[2mđ┤đżđ╗đÂđŻđ░ đ║đżĐÇĐÇđÁđ║ĐéđŻđż ĐÇđ░đ▒đżĐéđ░Đ
éĐî Đü đ░đ▓ĐéđżĐÇđŞđĚđżđ▓đ░đŻđŻĐőđ╝ B2B đ┐đżđ╗ĐîđĚđżđ▓đ░ĐéđÁđ╗đÁđ╝
[22m[39m[MSW] Warning: intercepted a request without a matching request handler:

  ÔÇó GET http://localhost:8001/api/v1/blog?page_size=3

If you still wish to intercept this unhandled request, please create a request handler for it.
Read more: https://mswjs.io/docs/http/intercepting-requests
[MSW] Warning: intercepted a request without a matching request handler:

  ÔÇó GET http://localhost:8001/api/v1/blog?page_size=3

If you still wish to intercept this unhandled request, please create a request handler for it.
Read more: https://mswjs.io/docs/http/intercepting-requests

[90mstderr[2m | src/app/(blue)/home/__tests__/page.test.tsx[2m > [22m[2mđôđ╗đ░đ▓đŻđ░ĐĆ ĐüĐéĐÇđ░đŻđŞĐćđ░ (/
)[2m > [22m[2mđśđŻĐéđÁđ│ĐÇđ░ĐćđŞĐĆ Đü authStore[2m > [22m[2mđ┤đżđ╗đÂđŻđ░ đ║đżĐÇĐÇđÁđ║ĐéđŻđż ĐÇđ░đ▒đżĐéđ░Đ
éĐî Đü đ░đ▓ĐéđżĐÇđŞđĚđżđ▓đ░đŻđŻĐőđ╝ B2B đ┐đżđ╗ĐîđĚđżđ▓đ░ĐéđÁđ╗đÁđ╝
[22m[39m[MSW] Warning: intercepted a request without a matching request handler:

  ÔÇó GET http://localhost:8001/api/v1/blog?page_size=3

If you still wish to intercept this unhandled request, please create a request handler for it.
Read more: https://mswjs.io/docs/http/intercepting-requests
[MSW] Warning: intercepted a request without a matching request handler:

  ÔÇó GET http://localhost:8001/api/v1/blog?page_size=3

If you still wish to intercept this unhandled request, please create a request handler for it.
Read more: https://mswjs.io/docs/http/intercepting-requests

[90mstderr[2m | src/app/(blue)/home/__tests__/page.test.tsx[2m > [22m[2mđôđ╗đ░đ▓đŻđ░ĐĆ ĐüĐéĐÇđ░đŻđŞĐćđ░ (/
)[2m > [22m[2mđśđŻĐéđÁđ│ĐÇđ░ĐćđŞĐĆ Đü authStore[2m > [22m[2mđ┤đżđ╗đÂđŻđ░ đ║đżĐÇĐÇđÁđ║ĐéđŻđż ĐÇđ░đ▒đżĐéđ░Đ
éĐî Đü đ░đ▓ĐéđżĐÇđŞđĚđżđ▓đ░đŻđŻĐőđ╝ B2B đ┐đżđ╗ĐîđĚđżđ▓đ░ĐéđÁđ╗đÁđ╝
[22m[39m[MSW] Warning: intercepted a request without a matching request handler:

  ÔÇó GET http://localhost:8001/api/v1/blog?page_size=3

If you still wish to intercept this unhandled request, please create a request handler for it.
Read more: https://mswjs.io/docs/http/intercepting-requests
[MSW] Warning: intercepted a request without a matching request handler:

  ÔÇó GET http://localhost:8001/api/v1/blog?page_size=3

If you still wish to intercept this unhandled request, please create a request handler for it.
Read more: https://mswjs.io/docs/http/intercepting-requests

 [32mÔťô[39m src/components/home/__tests__/SubscribeForm.test.tsx [2m([22m[2m7 tests[22m[2m)[22m[33m 1775[2mms[22m[39m
     [33m[2mÔťô[22m[39m shows success toast on successful subscription [33m 314[2mms[22m[39m
     [33m[2mÔťô[22m[39m shows error toast when email already subscribed [33m 418[2mms[22m[39m
     [33m[2mÔťô[22m[39m shows error toast on network error [33m 342[2mms[22m[39m
     [33m[2mÔťô[22m[39m disables button during submission [33m 339[2mms[22m[39m
[90mstderr[2m | src/app/(blue)/home/__tests__/page.test.tsx[2m > [22m[2mđôđ╗đ░đ▓đŻđ░ĐĆ ĐüĐéĐÇđ░đŻđŞĐćđ░ (/
)[2m > [22m[2mđśđŻĐéđÁđ│ĐÇđ░ĐćđŞĐĆ Đü authStore[2m > [22m[2mđ┤đżđ╗đÂđŻđ░ đ║đżĐÇĐÇđÁđ║ĐéđŻđż ĐÇđ░đ▒đżĐéđ░Đ
éĐî Đü đ░đ▓ĐéđżĐÇđŞđĚđżđ▓đ░đŻđŻĐőđ╝ B2C đ┐đżđ╗ĐîđĚđżđ▓đ░ĐéđÁđ╗đÁđ╝
[22m[39m[MSW] Warning: intercepted a request without a matching request handler:

  ÔÇó GET http://localhost:8001/api/v1/blog?page_size=3

If you still wish to intercept this unhandled request, please create a request handler for it.
Read more: https://mswjs.io/docs/http/intercepting-requests
[MSW] Warning: intercepted a request without a matching request handler:

  ÔÇó GET http://localhost:8001/api/v1/blog?page_size=3

If you still wish to intercept this unhandled request, please create a request handler for it.
Read more: https://mswjs.io/docs/http/intercepting-requests

 [32mÔťô[39m src/app/(blue)/home/__tests__/page.test.tsx [2m([22m[2m14 tests[22m[2m)[22m[33m 1478[2mms[22m[39m
       [33m[2mÔťô[22m[39m đ┤đżđ╗đÂđŻđ░ Đüđżđ┤đÁĐÇđÂđ░ĐéĐî HeroSection đ║đżđ╝đ┐đżđŻđÁđŻĐé [33m 375[2mms[22m[39m
       [33m[2mÔťô[22m[39m đ┤đżđ╗đÂđŻđ░ đ║đżĐÇĐÇđÁđ║ĐéđŻđż ĐÇđ░đ▒đżĐéđ░ĐéĐî Đü đ░đ▓ĐéđżĐÇđŞđĚđżđ▓đ░đŻđŻĐőđ╝ B2C đ┐đżđ╗ĐîđĚđżđ▓đ░ĐéđÁđ╗đÁđ╝ [33m 361[2mms[22m[39m
[90mstderr[2m | src/components/auth/__tests__/PasswordResetConfirmForm.test.tsx[2m > [22m[2mPasswordResetC
onfirmForm[2m > [22m[2mError Handling[2m > [22m[2mshould show error for expired token during confirmation
 (410)
[22m[39mPassword reset confirm error: { response: { status: [33m410[39m } }

 [32mÔťô[39m src/components/layout/__tests__/Header.test.tsx [2m([22m[2m47 tests[22m[2m)[22m[33m 2480[2mms[22m[39m
[90mstderr[2m | src/components/auth/__tests__/PasswordResetConfirmForm.test.tsx[2m > [22m[2mPasswordResetC
onfirmForm[2m > [22m[2mError Handling[2m > [22m[2mshould show error for invalid token during confirmation
 (404)
[22m[39mPassword reset confirm error: { response: { status: [33m404[39m } }

[90mstderr[2m | src/components/auth/__tests__/PasswordResetConfirmForm.test.tsx[2m > [22m[2mPasswordResetC
onfirmForm[2m > [22m[2mError Handling[2m > [22m[2mshould show validation error for weak password from bac
kend (400)
[22m[39mPassword reset confirm error: { response: { status: [33m400[39m, data: { new_password: [36m[Array]
[39m } } }

 [32mÔťô[39m src/components/business/SearchAutocomplete/__tests__/SearchAutocomplete.test.tsx [2m([22m[2m25 tests[22m[2m)[22m[33m 6934[2mms[22m[39m
       [33m[2mÔťô[22m[39m calls productsService.search() when user types query [33m 515[2mms[22m[39m
       [33m[2mÔťô[22m[39m does not call search for queries less than 2 characters [33m 518[2mms[22m[39m
       [33m[2mÔťô[22m[39m limits displayed products to 5 [33m 466[2mms[22m[39m
       [33m[2mÔťô[22m[39m navigates to product page on product click [33m 452[2mms[22m[39m
       [33m[2mÔťô[22m[39m announces search results count to screen readers [33m 391[2mms[22m[39m
       [33m[2mÔťô[22m[39m shows loading skeleton while searching [33m 409[2mms[22m[39m
       [33m[2mÔťô[22m[39m hides skeleton after search completes [33m 388[2mms[22m[39m
       [33m[2mÔťô[22m[39m navigates down with Arrow Down key [33m 450[2mms[22m[39m
       [33m[2mÔťô[22m[39m navigates up with Arrow Up key [33m 453[2mms[22m[39m
       [33m[2mÔťô[22m[39m closes dropdown with Escape key [33m 433[2mms[22m[39m
       [33m[2mÔťô[22m[39m selects product with Enter on highlighted item [33m 481[2mms[22m[39m
       [33m[2mÔťô[22m[39m adds search query to history on product click [33m 466[2mms[22m[39m
 [32mÔťô[39m src/components/home/__tests__/CategoriesSection.test.tsx [2m([22m[2m7 tests[22m[2m)[22m[33m 7717[2mms[22m[39m
     [33m[2mÔťô[22m[39m shows error state on API failure and allows retry [33m 7248[2mms[22m[39m
[90mstderr[2m | src/components/auth/__tests__/PasswordResetConfirmForm.test.tsx[2m > [22m[2mPasswordResetC
onfirmForm[2m > [22m[2mError Handling[2m > [22m[2mshould show generic error for other API errors
[22m[39mPassword reset confirm error: { response: { status: [33m500[39m } }

 [32mÔťô[39m src/components/checkout/__tests__/CheckoutForm.test.tsx [2m([22m[2m10 tests[22m[2m)[22m[33m 1120[2mms[22m[39m
 [32mÔťô[39m src/components/auth/__tests__/LoginForm.test.tsx [2m([22m[2m15 tests[22m[2m)[22m[33m 7784[2mms[22m[39m
       [33m[2mÔťô[22m[39m should show validation error for invalid email [33m 644[2mms[22m[39m
       [33m[2mÔťô[22m[39m should show validation error for short password [33m 506[2mms[22m[39m
       [33m[2mÔťô[22m[39m should show validation error for password without digit [33m 592[2mms[22m[39m
       [33m[2mÔťô[22m[39m should show validation error for password without uppercase [33m 616[2mms[22m[39m
       [33m[2mÔťô[22m[39m should submit form with valid credentials [33m 660[2mms[22m[39m
       [33m[2mÔťô[22m[39m should redirect to custom URL when provided [33m 621[2mms[22m[39m
       [33m[2mÔťô[22m[39m should display API error on 401 Unauthorized [33m 639[2mms[22m[39m
       [33m[2mÔťô[22m[39m should display API error on 500 Internal Server Error [33m 601[2mms[22m[39m
       [33m[2mÔťô[22m[39m should show loading state during submission [33m 731[2mms[22m[39m
       [33m[2mÔťô[22m[39m should disable form inputs during submission [33m 700[2mms[22m[39m
       [33m[2mÔťô[22m[39m should have aria-describedby for error messages [33m 511[2mms[22m[39m
       [33m[2mÔťô[22m[39m should have role="alert" for error message container [33m 711[2mms[22m[39m
DOMException [AbortError]: The operation was aborted.
    at Fetch.onAsyncTaskManagerAbort (file:///C:/Users/1/DEV/FREESPORT/frontend/node_modules/happy-dom/lib/fetc
h/Fetch.js:546:23)
    at Object.<anonymous> (file:///C:/Users/1/DEV/FREESPORT/frontend/node_modules/happy-dom/lib/fetch/Fetch.js:
416:101)
    at AsyncTaskManager.abortAll (file:///C:/Users/1/DEV/FREESPORT/frontend/node_modules/happy-dom/lib/async-ta
sk-manager/AsyncTaskManager.js:292:30)
    at AsyncTaskManager.destroy (file:///C:/Users/1/DEV/FREESPORT/frontend/node_modules/happy-dom/lib/async-tas
k-manager/AsyncTaskManager.js:64:21)
    at file:///C:/Users/1/DEV/FREESPORT/frontend/node_modules/happy-dom/lib/browser/utilities/BrowserFrameFacto
ry.js:43:22
    at new Promise (<anonymous>)
    at BrowserFrameFactory.destroyFrame (file:///C:/Users/1/DEV/FREESPORT/frontend/node_modules/happy-dom/lib/b
rowser/utilities/BrowserFrameFactory.js:30:16)
    at HTMLIFrameElement.#unloadPage (file:///C:/Users/1/DEV/FREESPORT/frontend/node_modules/happy-dom/lib/node
s/html-iframe-element/HTMLIFrameElement.js:363:33)
    at HTMLIFrameElement.[disconnectedFromDocument] (file:///C:/Users/1/DEV/FREESPORT/frontend/node_modules/hap
py-dom/lib/nodes/html-iframe-element/HTMLIFrameElement.js:238:25)
    at HTMLIFrameElement.[connectedToNode] (file:///C:/Users/1/DEV/FREESPORT/frontend/node_modules/happy-dom/li
b/nodes/node/Node.js:788:58)
DOMException [AbortError]: The operation was aborted.
    at Fetch.onAsyncTaskManagerAbort (file:///C:/Users/1/DEV/FREESPORT/frontend/node_modules/happy-dom/lib/fetc
h/Fetch.js:546:23)
    at Object.<anonymous> (file:///C:/Users/1/DEV/FREESPORT/frontend/node_modules/happy-dom/lib/fetch/Fetch.js:
416:101)
    at AsyncTaskManager.abortAll (file:///C:/Users/1/DEV/FREESPORT/frontend/node_modules/happy-dom/lib/async-ta
sk-manager/AsyncTaskManager.js:292:30)
    at AsyncTaskManager.destroy (file:///C:/Users/1/DEV/FREESPORT/frontend/node_modules/happy-dom/lib/async-tas
k-manager/AsyncTaskManager.js:64:21)
    at file:///C:/Users/1/DEV/FREESPORT/frontend/node_modules/happy-dom/lib/browser/utilities/BrowserFrameFacto
ry.js:43:22
    at new Promise (<anonymous>)
    at BrowserFrameFactory.destroyFrame (file:///C:/Users/1/DEV/FREESPORT/frontend/node_modules/happy-dom/lib/b
rowser/utilities/BrowserFrameFactory.js:30:16)
    at HTMLIFrameElement.#unloadPage (file:///C:/Users/1/DEV/FREESPORT/frontend/node_modules/happy-dom/lib/node
s/html-iframe-element/HTMLIFrameElement.js:363:33)
    at HTMLIFrameElement.[disconnectedFromDocument] (file:///C:/Users/1/DEV/FREESPORT/frontend/node_modules/hap
py-dom/lib/nodes/html-iframe-element/HTMLIFrameElement.js:238:25)
    at HTMLIFrameElement.[connectedToNode] (file:///C:/Users/1/DEV/FREESPORT/frontend/node_modules/happy-dom/li
b/nodes/node/Node.js:788:58)
DOMException [AbortError]: The operation was aborted.
    at Fetch.onAsyncTaskManagerAbort (file:///C:/Users/1/DEV/FREESPORT/frontend/node_modules/happy-dom/lib/fetc
h/Fetch.js:546:23)
    at Object.<anonymous> (file:///C:/Users/1/DEV/FREESPORT/frontend/node_modules/happy-dom/lib/fetch/Fetch.js:
416:101)
    at AsyncTaskManager.abortAll (file:///C:/Users/1/DEV/FREESPORT/frontend/node_modules/happy-dom/lib/async-ta
sk-manager/AsyncTaskManager.js:292:30)
    at AsyncTaskManager.destroy (file:///C:/Users/1/DEV/FREESPORT/frontend/node_modules/happy-dom/lib/async-tas
k-manager/AsyncTaskManager.js:64:21)
    at file:///C:/Users/1/DEV/FREESPORT/frontend/node_modules/happy-dom/lib/browser/utilities/BrowserFrameFacto
ry.js:43:22
    at new Promise (<anonymous>)
    at BrowserFrameFactory.destroyFrame (file:///C:/Users/1/DEV/FREESPORT/frontend/node_modules/happy-dom/lib/b
rowser/utilities/BrowserFrameFactory.js:30:16)
    at HTMLIFrameElement.#unloadPage (file:///C:/Users/1/DEV/FREESPORT/frontend/node_modules/happy-dom/lib/node
s/html-iframe-element/HTMLIFrameElement.js:363:33)
    at HTMLIFrameElement.[disconnectedFromDocument] (file:///C:/Users/1/DEV/FREESPORT/frontend/node_modules/hap
py-dom/lib/nodes/html-iframe-element/HTMLIFrameElement.js:238:25)
    at HTMLIFrameElement.[connectedToNode] (file:///C:/Users/1/DEV/FREESPORT/frontend/node_modules/happy-dom/li
b/nodes/node/Node.js:788:58)
DOMException [AbortError]: The operation was aborted.
    at Fetch.onAsyncTaskManagerAbort (file:///C:/Users/1/DEV/FREESPORT/frontend/node_modules/happy-dom/lib/fetc
h/Fetch.js:546:23)
    at Object.<anonymous> (file:///C:/Users/1/DEV/FREESPORT/frontend/node_modules/happy-dom/lib/fetch/Fetch.js:
416:101)
    at AsyncTaskManager.abortAll (file:///C:/Users/1/DEV/FREESPORT/frontend/node_modules/happy-dom/lib/async-ta
sk-manager/AsyncTaskManager.js:292:30)
    at AsyncTaskManager.destroy (file:///C:/Users/1/DEV/FREESPORT/frontend/node_modules/happy-dom/lib/async-tas
k-manager/AsyncTaskManager.js:64:21)
    at file:///C:/Users/1/DEV/FREESPORT/frontend/node_modules/happy-dom/lib/browser/utilities/BrowserFrameFacto
ry.js:43:22
    at new Promise (<anonymous>)
    at BrowserFrameFactory.destroyFrame (file:///C:/Users/1/DEV/FREESPORT/frontend/node_modules/happy-dom/lib/b
rowser/utilities/BrowserFrameFactory.js:30:16)
    at HTMLIFrameElement.#unloadPage (file:///C:/Users/1/DEV/FREESPORT/frontend/node_modules/happy-dom/lib/node
s/html-iframe-element/HTMLIFrameElement.js:363:33)
    at HTMLIFrameElement.[disconnectedFromDocument] (file:///C:/Users/1/DEV/FREESPORT/frontend/node_modules/hap
py-dom/lib/nodes/html-iframe-element/HTMLIFrameElement.js:238:25)
    at HTMLIFrameElement.[connectedToNode] (file:///C:/Users/1/DEV/FREESPORT/frontend/node_modules/happy-dom/li
b/nodes/node/Node.js:788:58)
DOMException [AbortError]: The operation was aborted.
    at Fetch.onAsyncTaskManagerAbort (file:///C:/Users/1/DEV/FREESPORT/frontend/node_modules/happy-dom/lib/fetc
h/Fetch.js:546:23)
    at Object.<anonymous> (file:///C:/Users/1/DEV/FREESPORT/frontend/node_modules/happy-dom/lib/fetch/Fetch.js:
416:101)
    at AsyncTaskManager.abortAll (file:///C:/Users/1/DEV/FREESPORT/frontend/node_modules/happy-dom/lib/async-ta
sk-manager/AsyncTaskManager.js:292:30)
    at AsyncTaskManager.destroy (file:///C:/Users/1/DEV/FREESPORT/frontend/node_modules/happy-dom/lib/async-tas
k-manager/AsyncTaskManager.js:64:21)
    at file:///C:/Users/1/DEV/FREESPORT/frontend/node_modules/happy-dom/lib/browser/utilities/BrowserFrameFacto
ry.js:43:22
    at new Promise (<anonymous>)
    at BrowserFrameFactory.destroyFrame (file:///C:/Users/1/DEV/FREESPORT/frontend/node_modules/happy-dom/lib/b
rowser/utilities/BrowserFrameFactory.js:30:16)
    at HTMLIFrameElement.#unloadPage (file:///C:/Users/1/DEV/FREESPORT/frontend/node_modules/happy-dom/lib/node
s/html-iframe-element/HTMLIFrameElement.js:363:33)
    at HTMLIFrameElement.[disconnectedFromDocument] (file:///C:/Users/1/DEV/FREESPORT/frontend/node_modules/hap
py-dom/lib/nodes/html-iframe-element/HTMLIFrameElement.js:238:25)
    at HTMLIFrameElement.[connectedToNode] (file:///C:/Users/1/DEV/FREESPORT/frontend/node_modules/happy-dom/li
b/nodes/node/Node.js:788:58)
DOMException [AbortError]: The operation was aborted.
    at Fetch.onAsyncTaskManagerAbort (file:///C:/Users/1/DEV/FREESPORT/frontend/node_modules/happy-dom/lib/fetc
h/Fetch.js:546:23)
    at Object.<anonymous> (file:///C:/Users/1/DEV/FREESPORT/frontend/node_modules/happy-dom/lib/fetch/Fetch.js:
416:101)
    at AsyncTaskManager.abortAll (file:///C:/Users/1/DEV/FREESPORT/frontend/node_modules/happy-dom/lib/async-ta
sk-manager/AsyncTaskManager.js:292:30)
    at AsyncTaskManager.destroy (file:///C:/Users/1/DEV/FREESPORT/frontend/node_modules/happy-dom/lib/async-tas
k-manager/AsyncTaskManager.js:64:21)
    at file:///C:/Users/1/DEV/FREESPORT/frontend/node_modules/happy-dom/lib/browser/utilities/BrowserFrameFacto
ry.js:43:22
    at new Promise (<anonymous>)
    at BrowserFrameFactory.destroyFrame (file:///C:/Users/1/DEV/FREESPORT/frontend/node_modules/happy-dom/lib/b
rowser/utilities/BrowserFrameFactory.js:30:16)
    at HTMLIFrameElement.#unloadPage (file:///C:/Users/1/DEV/FREESPORT/frontend/node_modules/happy-dom/lib/node
s/html-iframe-element/HTMLIFrameElement.js:363:33)
    at HTMLIFrameElement.[disconnectedFromDocument] (file:///C:/Users/1/DEV/FREESPORT/frontend/node_modules/hap
py-dom/lib/nodes/html-iframe-element/HTMLIFrameElement.js:238:25)
    at HTMLIFrameElement.[connectedToNode] (file:///C:/Users/1/DEV/FREESPORT/frontend/node_modules/happy-dom/li
b/nodes/node/Node.js:788:58)
DOMException [AbortError]: The operation was aborted.
    at Fetch.onAsyncTaskManagerAbort (file:///C:/Users/1/DEV/FREESPORT/frontend/node_modules/happy-dom/lib/fetc
h/Fetch.js:546:23)
    at Object.<anonymous> (file:///C:/Users/1/DEV/FREESPORT/frontend/node_modules/happy-dom/lib/fetch/Fetch.js:
416:101)
    at AsyncTaskManager.abortAll (file:///C:/Users/1/DEV/FREESPORT/frontend/node_modules/happy-dom/lib/async-ta
sk-manager/AsyncTaskManager.js:292:30)
    at AsyncTaskManager.destroy (file:///C:/Users/1/DEV/FREESPORT/frontend/node_modules/happy-dom/lib/async-tas
k-manager/AsyncTaskManager.js:64:21)
    at file:///C:/Users/1/DEV/FREESPORT/frontend/node_modules/happy-dom/lib/browser/utilities/BrowserFrameFacto
ry.js:43:22
    at new Promise (<anonymous>)
    at BrowserFrameFactory.destroyFrame (file:///C:/Users/1/DEV/FREESPORT/frontend/node_modules/happy-dom/lib/b
rowser/utilities/BrowserFrameFactory.js:30:16)
    at HTMLIFrameElement.#unloadPage (file:///C:/Users/1/DEV/FREESPORT/frontend/node_modules/happy-dom/lib/node
s/html-iframe-element/HTMLIFrameElement.js:363:33)
    at HTMLIFrameElement.[disconnectedFromDocument] (file:///C:/Users/1/DEV/FREESPORT/frontend/node_modules/hap
py-dom/lib/nodes/html-iframe-element/HTMLIFrameElement.js:238:25)
    at HTMLIFrameElement.[connectedToNode] (file:///C:/Users/1/DEV/FREESPORT/frontend/node_modules/happy-dom/li
b/nodes/node/Node.js:788:58)
DOMException [AbortError]: The operation was aborted.
    at Fetch.onAsyncTaskManagerAbort (file:///C:/Users/1/DEV/FREESPORT/frontend/node_modules/happy-dom/lib/fetc
h/Fetch.js:546:23)
    at Object.<anonymous> (file:///C:/Users/1/DEV/FREESPORT/frontend/node_modules/happy-dom/lib/fetch/Fetch.js:
416:101)
    at AsyncTaskManager.abortAll (file:///C:/Users/1/DEV/FREESPORT/frontend/node_modules/happy-dom/lib/async-ta
sk-manager/AsyncTaskManager.js:292:30)
    at AsyncTaskManager.destroy (file:///C:/Users/1/DEV/FREESPORT/frontend/node_modules/happy-dom/lib/async-tas
k-manager/AsyncTaskManager.js:64:21)
    at file:///C:/Users/1/DEV/FREESPORT/frontend/node_modules/happy-dom/lib/browser/utilities/BrowserFrameFacto
ry.js:43:22
    at new Promise (<anonymous>)
    at BrowserFrameFactory.destroyFrame (file:///C:/Users/1/DEV/FREESPORT/frontend/node_modules/happy-dom/lib/b
rowser/utilities/BrowserFrameFactory.js:30:16)
    at HTMLIFrameElement.#unloadPage (file:///C:/Users/1/DEV/FREESPORT/frontend/node_modules/happy-dom/lib/node
s/html-iframe-element/HTMLIFrameElement.js:363:33)
    at HTMLIFrameElement.[disconnectedFromDocument] (file:///C:/Users/1/DEV/FREESPORT/frontend/node_modules/hap
py-dom/lib/nodes/html-iframe-element/HTMLIFrameElement.js:238:25)
    at HTMLIFrameElement.[connectedToNode] (file:///C:/Users/1/DEV/FREESPORT/frontend/node_modules/happy-dom/li
b/nodes/node/Node.js:788:58)
DOMException [AbortError]: The operation was aborted.
    at Fetch.onAsyncTaskManagerAbort (file:///C:/Users/1/DEV/FREESPORT/frontend/node_modules/happy-dom/lib/fetc
h/Fetch.js:546:23)
    at Object.<anonymous> (file:///C:/Users/1/DEV/FREESPORT/frontend/node_modules/happy-dom/lib/fetch/Fetch.js:
416:101)
    at AsyncTaskManager.abortAll (file:///C:/Users/1/DEV/FREESPORT/frontend/node_modules/happy-dom/lib/async-ta
sk-manager/AsyncTaskManager.js:292:30)
    at AsyncTaskManager.destroy (file:///C:/Users/1/DEV/FREESPORT/frontend/node_modules/happy-dom/lib/async-tas
k-manager/AsyncTaskManager.js:64:21)
    at file:///C:/Users/1/DEV/FREESPORT/frontend/node_modules/happy-dom/lib/browser/utilities/BrowserFrameFacto
ry.js:43:22
    at new Promise (<anonymous>)
    at BrowserFrameFactory.destroyFrame (file:///C:/Users/1/DEV/FREESPORT/frontend/node_modules/happy-dom/lib/b
rowser/utilities/BrowserFrameFactory.js:30:16)
    at HTMLIFrameElement.#unloadPage (file:///C:/Users/1/DEV/FREESPORT/frontend/node_modules/happy-dom/lib/node
s/html-iframe-element/HTMLIFrameElement.js:363:33)
    at HTMLIFrameElement.[disconnectedFromDocument] (file:///C:/Users/1/DEV/FREESPORT/frontend/node_modules/hap
py-dom/lib/nodes/html-iframe-element/HTMLIFrameElement.js:238:25)
    at HTMLIFrameElement.[connectedToNode] (file:///C:/Users/1/DEV/FREESPORT/frontend/node_modules/happy-dom/li
b/nodes/node/Node.js:788:58)
DOMException [AbortError]: The operation was aborted.
    at Fetch.onAsyncTaskManagerAbort (file:///C:/Users/1/DEV/FREESPORT/frontend/node_modules/happy-dom/lib/fetc
h/Fetch.js:546:23)
    at Object.<anonymous> (file:///C:/Users/1/DEV/FREESPORT/frontend/node_modules/happy-dom/lib/fetch/Fetch.js:
416:101)
    at AsyncTaskManager.abortAll (file:///C:/Users/1/DEV/FREESPORT/frontend/node_modules/happy-dom/lib/async-ta
sk-manager/AsyncTaskManager.js:292:30)
    at AsyncTaskManager.destroy (file:///C:/Users/1/DEV/FREESPORT/frontend/node_modules/happy-dom/lib/async-tas
k-manager/AsyncTaskManager.js:64:21)
    at file:///C:/Users/1/DEV/FREESPORT/frontend/node_modules/happy-dom/lib/browser/utilities/BrowserFrameFacto
ry.js:43:22
    at new Promise (<anonymous>)
    at BrowserFrameFactory.destroyFrame (file:///C:/Users/1/DEV/FREESPORT/frontend/node_modules/happy-dom/lib/b
rowser/utilities/BrowserFrameFactory.js:30:16)
    at HTMLIFrameElement.#unloadPage (file:///C:/Users/1/DEV/FREESPORT/frontend/node_modules/happy-dom/lib/node
s/html-iframe-element/HTMLIFrameElement.js:363:33)
    at HTMLIFrameElement.[disconnectedFromDocument] (file:///C:/Users/1/DEV/FREESPORT/frontend/node_modules/hap
py-dom/lib/nodes/html-iframe-element/HTMLIFrameElement.js:238:25)
    at HTMLIFrameElement.[connectedToNode] (file:///C:/Users/1/DEV/FREESPORT/frontend/node_modules/happy-dom/li
b/nodes/node/Node.js:788:58)
DOMException [AbortError]: The operation was aborted.
    at Fetch.onAsyncTaskManagerAbort (file:///C:/Users/1/DEV/FREESPORT/frontend/node_modules/happy-dom/lib/fetc
h/Fetch.js:546:23)
    at Object.<anonymous> (file:///C:/Users/1/DEV/FREESPORT/frontend/node_modules/happy-dom/lib/fetch/Fetch.js:
416:101)
    at AsyncTaskManager.abortAll (file:///C:/Users/1/DEV/FREESPORT/frontend/node_modules/happy-dom/lib/async-ta
sk-manager/AsyncTaskManager.js:292:30)
    at AsyncTaskManager.destroy (file:///C:/Users/1/DEV/FREESPORT/frontend/node_modules/happy-dom/lib/async-tas
k-manager/AsyncTaskManager.js:64:21)
    at file:///C:/Users/1/DEV/FREESPORT/frontend/node_modules/happy-dom/lib/browser/utilities/BrowserFrameFacto
ry.js:43:22
    at new Promise (<anonymous>)
    at BrowserFrameFactory.destroyFrame (file:///C:/Users/1/DEV/FREESPORT/frontend/node_modules/happy-dom/lib/b
rowser/utilities/BrowserFrameFactory.js:30:16)
    at HTMLIFrameElement.#unloadPage (file:///C:/Users/1/DEV/FREESPORT/frontend/node_modules/happy-dom/lib/node
s/html-iframe-element/HTMLIFrameElement.js:363:33)
    at HTMLIFrameElement.[disconnectedFromDocument] (file:///C:/Users/1/DEV/FREESPORT/frontend/node_modules/hap
py-dom/lib/nodes/html-iframe-element/HTMLIFrameElement.js:238:25)
    at HTMLIFrameElement.[connectedToNode] (file:///C:/Users/1/DEV/FREESPORT/frontend/node_modules/happy-dom/li
b/nodes/node/Node.js:788:58)
DOMException [AbortError]: The operation was aborted.
    at Fetch.onAsyncTaskManagerAbort (file:///C:/Users/1/DEV/FREESPORT/frontend/node_modules/happy-dom/lib/fetc
h/Fetch.js:546:23)
    at Object.<anonymous> (file:///C:/Users/1/DEV/FREESPORT/frontend/node_modules/happy-dom/lib/fetch/Fetch.js:
416:101)
    at AsyncTaskManager.abortAll (file:///C:/Users/1/DEV/FREESPORT/frontend/node_modules/happy-dom/lib/async-ta
sk-manager/AsyncTaskManager.js:292:30)
    at AsyncTaskManager.destroy (file:///C:/Users/1/DEV/FREESPORT/frontend/node_modules/happy-dom/lib/async-tas
k-manager/AsyncTaskManager.js:64:21)
    at file:///C:/Users/1/DEV/FREESPORT/frontend/node_modules/happy-dom/lib/browser/utilities/BrowserFrameFacto
ry.js:43:22
    at new Promise (<anonymous>)
    at BrowserFrameFactory.destroyFrame (file:///C:/Users/1/DEV/FREESPORT/frontend/node_modules/happy-dom/lib/b
rowser/utilities/BrowserFrameFactory.js:30:16)
    at HTMLIFrameElement.#unloadPage (file:///C:/Users/1/DEV/FREESPORT/frontend/node_modules/happy-dom/lib/node
s/html-iframe-element/HTMLIFrameElement.js:363:33)
    at HTMLIFrameElement.[disconnectedFromDocument] (file:///C:/Users/1/DEV/FREESPORT/frontend/node_modules/hap
py-dom/lib/nodes/html-iframe-element/HTMLIFrameElement.js:238:25)
    at HTMLIFrameElement.[connectedToNode] (file:///C:/Users/1/DEV/FREESPORT/frontend/node_modules/happy-dom/li
b/nodes/node/Node.js:788:58)
DOMException [AbortError]: The operation was aborted.
    at Fetch.onAsyncTaskManagerAbort (file:///C:/Users/1/DEV/FREESPORT/frontend/node_modules/happy-dom/lib/fetc
h/Fetch.js:546:23)
    at Object.<anonymous> (file:///C:/Users/1/DEV/FREESPORT/frontend/node_modules/happy-dom/lib/fetch/Fetch.js:
416:101)
    at AsyncTaskManager.abortAll (file:///C:/Users/1/DEV/FREESPORT/frontend/node_modules/happy-dom/lib/async-ta
sk-manager/AsyncTaskManager.js:292:30)
    at AsyncTaskManager.destroy (file:///C:/Users/1/DEV/FREESPORT/frontend/node_modules/happy-dom/lib/async-tas
k-manager/AsyncTaskManager.js:64:21)
    at file:///C:/Users/1/DEV/FREESPORT/frontend/node_modules/happy-dom/lib/browser/utilities/BrowserFrameFacto
ry.js:43:22
    at new Promise (<anonymous>)
    at BrowserFrameFactory.destroyFrame (file:///C:/Users/1/DEV/FREESPORT/frontend/node_modules/happy-dom/lib/b
rowser/utilities/BrowserFrameFactory.js:30:16)
    at HTMLIFrameElement.#unloadPage (file:///C:/Users/1/DEV/FREESPORT/frontend/node_modules/happy-dom/lib/node
s/html-iframe-element/HTMLIFrameElement.js:363:33)
    at HTMLIFrameElement.[disconnectedFromDocument] (file:///C:/Users/1/DEV/FREESPORT/frontend/node_modules/hap
py-dom/lib/nodes/html-iframe-element/HTMLIFrameElement.js:238:25)
    at HTMLIFrameElement.[connectedToNode] (file:///C:/Users/1/DEV/FREESPORT/frontend/node_modules/happy-dom/li
b/nodes/node/Node.js:788:58)
DOMException [AbortError]: The operation was aborted.
    at Fetch.onAsyncTaskManagerAbort (file:///C:/Users/1/DEV/FREESPORT/frontend/node_modules/happy-dom/lib/fetc
h/Fetch.js:546:23)
    at Object.<anonymous> (file:///C:/Users/1/DEV/FREESPORT/frontend/node_modules/happy-dom/lib/fetch/Fetch.js:
416:101)
    at AsyncTaskManager.abortAll (file:///C:/Users/1/DEV/FREESPORT/frontend/node_modules/happy-dom/lib/async-ta
sk-manager/AsyncTaskManager.js:292:30)
    at AsyncTaskManager.destroy (file:///C:/Users/1/DEV/FREESPORT/frontend/node_modules/happy-dom/lib/async-tas
k-manager/AsyncTaskManager.js:64:21)
    at file:///C:/Users/1/DEV/FREESPORT/frontend/node_modules/happy-dom/lib/browser/utilities/BrowserFrameFacto
ry.js:43:22
    at new Promise (<anonymous>)
    at BrowserFrameFactory.destroyFrame (file:///C:/Users/1/DEV/FREESPORT/frontend/node_modules/happy-dom/lib/b
rowser/utilities/BrowserFrameFactory.js:30:16)
    at HTMLIFrameElement.#unloadPage (file:///C:/Users/1/DEV/FREESPORT/frontend/node_modules/happy-dom/lib/node
s/html-iframe-element/HTMLIFrameElement.js:363:33)
    at HTMLIFrameElement.[disconnectedFromDocument] (file:///C:/Users/1/DEV/FREESPORT/frontend/node_modules/hap
py-dom/lib/nodes/html-iframe-element/HTMLIFrameElement.js:238:25)
    at HTMLIFrameElement.[connectedToNode] (file:///C:/Users/1/DEV/FREESPORT/frontend/node_modules/happy-dom/li
b/nodes/node/Node.js:788:58)
DOMException [AbortError]: The operation was aborted.
    at Fetch.onAsyncTaskManagerAbort (file:///C:/Users/1/DEV/FREESPORT/frontend/node_modules/happy-dom/lib/fetc
h/Fetch.js:546:23)
    at Object.<anonymous> (file:///C:/Users/1/DEV/FREESPORT/frontend/node_modules/happy-dom/lib/fetch/Fetch.js:
416:101)
    at AsyncTaskManager.abortAll (file:///C:/Users/1/DEV/FREESPORT/frontend/node_modules/happy-dom/lib/async-ta
sk-manager/AsyncTaskManager.js:292:30)
    at AsyncTaskManager.destroy (file:///C:/Users/1/DEV/FREESPORT/frontend/node_modules/happy-dom/lib/async-tas
k-manager/AsyncTaskManager.js:64:21)
    at file:///C:/Users/1/DEV/FREESPORT/frontend/node_modules/happy-dom/lib/browser/utilities/BrowserFrameFacto
ry.js:43:22
    at new Promise (<anonymous>)
    at BrowserFrameFactory.destroyFrame (file:///C:/Users/1/DEV/FREESPORT/frontend/node_modules/happy-dom/lib/b
rowser/utilities/BrowserFrameFactory.js:30:16)
    at HTMLIFrameElement.#unloadPage (file:///C:/Users/1/DEV/FREESPORT/frontend/node_modules/happy-dom/lib/node
s/html-iframe-element/HTMLIFrameElement.js:363:33)
    at HTMLIFrameElement.[disconnectedFromDocument] (file:///C:/Users/1/DEV/FREESPORT/frontend/node_modules/hap
py-dom/lib/nodes/html-iframe-element/HTMLIFrameElement.js:238:25)
    at HTMLIFrameElement.[connectedToNode] (file:///C:/Users/1/DEV/FREESPORT/frontend/node_modules/happy-dom/li
b/nodes/node/Node.js:788:58)
DOMException [AbortError]: The operation was aborted.
    at Fetch.onAsyncTaskManagerAbort (file:///C:/Users/1/DEV/FREESPORT/frontend/node_modules/happy-dom/lib/fetc
h/Fetch.js:546:23)
    at Object.<anonymous> (file:///C:/Users/1/DEV/FREESPORT/frontend/node_modules/happy-dom/lib/fetch/Fetch.js:
416:101)
    at AsyncTaskManager.abortAll (file:///C:/Users/1/DEV/FREESPORT/frontend/node_modules/happy-dom/lib/async-ta
sk-manager/AsyncTaskManager.js:292:30)
    at AsyncTaskManager.destroy (file:///C:/Users/1/DEV/FREESPORT/frontend/node_modules/happy-dom/lib/async-tas
k-manager/AsyncTaskManager.js:64:21)
    at file:///C:/Users/1/DEV/FREESPORT/frontend/node_modules/happy-dom/lib/browser/utilities/BrowserFrameFacto
ry.js:43:22
    at new Promise (<anonymous>)
    at BrowserFrameFactory.destroyFrame (file:///C:/Users/1/DEV/FREESPORT/frontend/node_modules/happy-dom/lib/b
rowser/utilities/BrowserFrameFactory.js:30:16)
    at HTMLIFrameElement.#unloadPage (file:///C:/Users/1/DEV/FREESPORT/frontend/node_modules/happy-dom/lib/node
s/html-iframe-element/HTMLIFrameElement.js:363:33)
    at HTMLIFrameElement.[disconnectedFromDocument] (file:///C:/Users/1/DEV/FREESPORT/frontend/node_modules/hap
py-dom/lib/nodes/html-iframe-element/HTMLIFrameElement.js:238:25)
    at HTMLIFrameElement.[connectedToNode] (file:///C:/Users/1/DEV/FREESPORT/frontend/node_modules/happy-dom/li
b/nodes/node/Node.js:788:58)
DOMException [AbortError]: The operation was aborted.
    at Fetch.onAsyncTaskManagerAbort (file:///C:/Users/1/DEV/FREESPORT/frontend/node_modules/happy-dom/lib/fetc
h/Fetch.js:546:23)
    at Object.<anonymous> (file:///C:/Users/1/DEV/FREESPORT/frontend/node_modules/happy-dom/lib/fetch/Fetch.js:
416:101)
    at AsyncTaskManager.abortAll (file:///C:/Users/1/DEV/FREESPORT/frontend/node_modules/happy-dom/lib/async-ta
sk-manager/AsyncTaskManager.js:292:30)
    at AsyncTaskManager.destroy (file:///C:/Users/1/DEV/FREESPORT/frontend/node_modules/happy-dom/lib/async-tas
k-manager/AsyncTaskManager.js:64:21)
    at file:///C:/Users/1/DEV/FREESPORT/frontend/node_modules/happy-dom/lib/browser/utilities/BrowserFrameFacto
ry.js:43:22
    at new Promise (<anonymous>)
    at BrowserFrameFactory.destroyFrame (file:///C:/Users/1/DEV/FREESPORT/frontend/node_modules/happy-dom/lib/b
rowser/utilities/BrowserFrameFactory.js:30:16)
    at HTMLIFrameElement.#unloadPage (file:///C:/Users/1/DEV/FREESPORT/frontend/node_modules/happy-dom/lib/node
s/html-iframe-element/HTMLIFrameElement.js:363:33)
    at HTMLIFrameElement.[disconnectedFromDocument] (file:///C:/Users/1/DEV/FREESPORT/frontend/node_modules/hap
py-dom/lib/nodes/html-iframe-element/HTMLIFrameElement.js:238:25)
    at HTMLIFrameElement.[connectedToNode] (file:///C:/Users/1/DEV/FREESPORT/frontend/node_modules/happy-dom/li
b/nodes/node/Node.js:788:58)
DOMException [AbortError]: The operation was aborted.
    at Fetch.onAsyncTaskManagerAbort (file:///C:/Users/1/DEV/FREESPORT/frontend/node_modules/happy-dom/lib/fetc
h/Fetch.js:546:23)
    at Object.<anonymous> (file:///C:/Users/1/DEV/FREESPORT/frontend/node_modules/happy-dom/lib/fetch/Fetch.js:
416:101)
    at AsyncTaskManager.abortAll (file:///C:/Users/1/DEV/FREESPORT/frontend/node_modules/happy-dom/lib/async-ta
sk-manager/AsyncTaskManager.js:292:30)
    at AsyncTaskManager.destroy (file:///C:/Users/1/DEV/FREESPORT/frontend/node_modules/happy-dom/lib/async-tas
k-manager/AsyncTaskManager.js:64:21)
    at file:///C:/Users/1/DEV/FREESPORT/frontend/node_modules/happy-dom/lib/browser/utilities/BrowserFrameFacto
ry.js:43:22
    at new Promise (<anonymous>)
    at BrowserFrameFactory.destroyFrame (file:///C:/Users/1/DEV/FREESPORT/frontend/node_modules/happy-dom/lib/b
rowser/utilities/BrowserFrameFactory.js:30:16)
    at HTMLIFrameElement.#unloadPage (file:///C:/Users/1/DEV/FREESPORT/frontend/node_modules/happy-dom/lib/node
s/html-iframe-element/HTMLIFrameElement.js:363:33)
    at HTMLIFrameElement.[disconnectedFromDocument] (file:///C:/Users/1/DEV/FREESPORT/frontend/node_modules/hap
py-dom/lib/nodes/html-iframe-element/HTMLIFrameElement.js:238:25)
    at HTMLIFrameElement.[connectedToNode] (file:///C:/Users/1/DEV/FREESPORT/frontend/node_modules/happy-dom/li
b/nodes/node/Node.js:788:58)
DOMException [AbortError]: The operation was aborted.
    at Fetch.onAsyncTaskManagerAbort (file:///C:/Users/1/DEV/FREESPORT/frontend/node_modules/happy-dom/lib/fetc
h/Fetch.js:546:23)
    at Object.<anonymous> (file:///C:/Users/1/DEV/FREESPORT/frontend/node_modules/happy-dom/lib/fetch/Fetch.js:
416:101)
    at AsyncTaskManager.abortAll (file:///C:/Users/1/DEV/FREESPORT/frontend/node_modules/happy-dom/lib/async-ta
sk-manager/AsyncTaskManager.js:292:30)
    at AsyncTaskManager.destroy (file:///C:/Users/1/DEV/FREESPORT/frontend/node_modules/happy-dom/lib/async-tas
k-manager/AsyncTaskManager.js:64:21)
    at file:///C:/Users/1/DEV/FREESPORT/frontend/node_modules/happy-dom/lib/browser/utilities/BrowserFrameFacto
ry.js:43:22
    at new Promise (<anonymous>)
    at BrowserFrameFactory.destroyFrame (file:///C:/Users/1/DEV/FREESPORT/frontend/node_modules/happy-dom/lib/b
rowser/utilities/BrowserFrameFactory.js:30:16)
    at HTMLIFrameElement.#unloadPage (file:///C:/Users/1/DEV/FREESPORT/frontend/node_modules/happy-dom/lib/node
s/html-iframe-element/HTMLIFrameElement.js:363:33)
    at HTMLIFrameElement.[disconnectedFromDocument] (file:///C:/Users/1/DEV/FREESPORT/frontend/node_modules/hap
py-dom/lib/nodes/html-iframe-element/HTMLIFrameElement.js:238:25)
    at HTMLIFrameElement.[connectedToNode] (file:///C:/Users/1/DEV/FREESPORT/frontend/node_modules/happy-dom/li
b/nodes/node/Node.js:788:58)
DOMException [AbortError]: The operation was aborted.
    at Fetch.onAsyncTaskManagerAbort (file:///C:/Users/1/DEV/FREESPORT/frontend/node_modules/happy-dom/lib/fetc
h/Fetch.js:546:23)
    at Object.<anonymous> (file:///C:/Users/1/DEV/FREESPORT/frontend/node_modules/happy-dom/lib/fetch/Fetch.js:
416:101)
    at AsyncTaskManager.abortAll (file:///C:/Users/1/DEV/FREESPORT/frontend/node_modules/happy-dom/lib/async-ta
sk-manager/AsyncTaskManager.js:292:30)
    at AsyncTaskManager.destroy (file:///C:/Users/1/DEV/FREESPORT/frontend/node_modules/happy-dom/lib/async-tas
k-manager/AsyncTaskManager.js:64:21)
    at file:///C:/Users/1/DEV/FREESPORT/frontend/node_modules/happy-dom/lib/browser/utilities/BrowserFrameFacto
ry.js:43:22
    at new Promise (<anonymous>)
    at BrowserFrameFactory.destroyFrame (file:///C:/Users/1/DEV/FREESPORT/frontend/node_modules/happy-dom/lib/b
rowser/utilities/BrowserFrameFactory.js:30:16)
    at HTMLIFrameElement.#unloadPage (file:///C:/Users/1/DEV/FREESPORT/frontend/node_modules/happy-dom/lib/node
s/html-iframe-element/HTMLIFrameElement.js:363:33)
    at HTMLIFrameElement.[disconnectedFromDocument] (file:///C:/Users/1/DEV/FREESPORT/frontend/node_modules/hap
py-dom/lib/nodes/html-iframe-element/HTMLIFrameElement.js:238:25)
    at HTMLIFrameElement.[connectedToNode] (file:///C:/Users/1/DEV/FREESPORT/frontend/node_modules/happy-dom/li
b/nodes/node/Node.js:788:58)
DOMException [AbortError]: The operation was aborted.
    at Fetch.onAsyncTaskManagerAbort (file:///C:/Users/1/DEV/FREESPORT/frontend/node_modules/happy-dom/lib/fetc
h/Fetch.js:546:23)
    at Object.<anonymous> (file:///C:/Users/1/DEV/FREESPORT/frontend/node_modules/happy-dom/lib/fetch/Fetch.js:
416:101)
    at AsyncTaskManager.abortAll (file:///C:/Users/1/DEV/FREESPORT/frontend/node_modules/happy-dom/lib/async-ta
sk-manager/AsyncTaskManager.js:292:30)
    at AsyncTaskManager.destroy (file:///C:/Users/1/DEV/FREESPORT/frontend/node_modules/happy-dom/lib/async-tas
k-manager/AsyncTaskManager.js:64:21)
    at file:///C:/Users/1/DEV/FREESPORT/frontend/node_modules/happy-dom/lib/browser/utilities/BrowserFrameFacto
ry.js:43:22
    at new Promise (<anonymous>)
    at BrowserFrameFactory.destroyFrame (file:///C:/Users/1/DEV/FREESPORT/frontend/node_modules/happy-dom/lib/b
rowser/utilities/BrowserFrameFactory.js:30:16)
    at HTMLIFrameElement.#unloadPage (file:///C:/Users/1/DEV/FREESPORT/frontend/node_modules/happy-dom/lib/node
s/html-iframe-element/HTMLIFrameElement.js:363:33)
    at HTMLIFrameElement.[disconnectedFromDocument] (file:///C:/Users/1/DEV/FREESPORT/frontend/node_modules/hap
py-dom/lib/nodes/html-iframe-element/HTMLIFrameElement.js:238:25)
    at HTMLIFrameElement.[connectedToNode] (file:///C:/Users/1/DEV/FREESPORT/frontend/node_modules/happy-dom/li
b/nodes/node/Node.js:788:58)
DOMException [AbortError]: The operation was aborted.
    at Fetch.onAsyncTaskManagerAbort (file:///C:/Users/1/DEV/FREESPORT/frontend/node_modules/happy-dom/lib/fetc
h/Fetch.js:546:23)
    at Object.<anonymous> (file:///C:/Users/1/DEV/FREESPORT/frontend/node_modules/happy-dom/lib/fetch/Fetch.js:
416:101)
    at AsyncTaskManager.abortAll (file:///C:/Users/1/DEV/FREESPORT/frontend/node_modules/happy-dom/lib/async-ta
sk-manager/AsyncTaskManager.js:292:30)
    at AsyncTaskManager.destroy (file:///C:/Users/1/DEV/FREESPORT/frontend/node_modules/happy-dom/lib/async-tas
k-manager/AsyncTaskManager.js:64:21)
    at file:///C:/Users/1/DEV/FREESPORT/frontend/node_modules/happy-dom/lib/browser/utilities/BrowserFrameFacto
ry.js:43:22
    at new Promise (<anonymous>)
    at BrowserFrameFactory.destroyFrame (file:///C:/Users/1/DEV/FREESPORT/frontend/node_modules/happy-dom/lib/b
rowser/utilities/BrowserFrameFactory.js:30:16)
    at HTMLIFrameElement.#unloadPage (file:///C:/Users/1/DEV/FREESPORT/frontend/node_modules/happy-dom/lib/node
s/html-iframe-element/HTMLIFrameElement.js:363:33)
    at HTMLIFrameElement.[disconnectedFromDocument] (file:///C:/Users/1/DEV/FREESPORT/frontend/node_modules/hap
py-dom/lib/nodes/html-iframe-element/HTMLIFrameElement.js:238:25)
    at HTMLIFrameElement.[connectedToNode] (file:///C:/Users/1/DEV/FREESPORT/frontend/node_modules/happy-dom/li
b/nodes/node/Node.js:788:58)
DOMException [AbortError]: The operation was aborted.
    at Fetch.onAsyncTaskManagerAbort (file:///C:/Users/1/DEV/FREESPORT/frontend/node_modules/happy-dom/lib/fetc
h/Fetch.js:546:23)
    at Object.<anonymous> (file:///C:/Users/1/DEV/FREESPORT/frontend/node_modules/happy-dom/lib/fetch/Fetch.js:
416:101)
    at AsyncTaskManager.abortAll (file:///C:/Users/1/DEV/FREESPORT/frontend/node_modules/happy-dom/lib/async-ta
sk-manager/AsyncTaskManager.js:292:30)
    at AsyncTaskManager.destroy (file:///C:/Users/1/DEV/FREESPORT/frontend/node_modules/happy-dom/lib/async-tas
k-manager/AsyncTaskManager.js:64:21)
    at file:///C:/Users/1/DEV/FREESPORT/frontend/node_modules/happy-dom/lib/browser/utilities/BrowserFrameFacto
ry.js:43:22
    at new Promise (<anonymous>)
    at BrowserFrameFactory.destroyFrame (file:///C:/Users/1/DEV/FREESPORT/frontend/node_modules/happy-dom/lib/b
rowser/utilities/BrowserFrameFactory.js:30:16)
    at HTMLIFrameElement.#unloadPage (file:///C:/Users/1/DEV/FREESPORT/frontend/node_modules/happy-dom/lib/node
s/html-iframe-element/HTMLIFrameElement.js:363:33)
    at HTMLIFrameElement.[disconnectedFromDocument] (file:///C:/Users/1/DEV/FREESPORT/frontend/node_modules/hap
py-dom/lib/nodes/html-iframe-element/HTMLIFrameElement.js:238:25)
    at HTMLIFrameElement.[connectedToNode] (file:///C:/Users/1/DEV/FREESPORT/frontend/node_modules/happy-dom/li
b/nodes/node/Node.js:788:58)
DOMException [AbortError]: The operation was aborted.
    at Fetch.onAsyncTaskManagerAbort (file:///C:/Users/1/DEV/FREESPORT/frontend/node_modules/happy-dom/lib/fetc
h/Fetch.js:546:23)
    at Object.<anonymous> (file:///C:/Users/1/DEV/FREESPORT/frontend/node_modules/happy-dom/lib/fetch/Fetch.js:
416:101)
    at AsyncTaskManager.abortAll (file:///C:/Users/1/DEV/FREESPORT/frontend/node_modules/happy-dom/lib/async-ta
sk-manager/AsyncTaskManager.js:292:30)
    at AsyncTaskManager.destroy (file:///C:/Users/1/DEV/FREESPORT/frontend/node_modules/happy-dom/lib/async-tas
k-manager/AsyncTaskManager.js:64:21)
    at file:///C:/Users/1/DEV/FREESPORT/frontend/node_modules/happy-dom/lib/browser/utilities/BrowserFrameFacto
ry.js:43:22
    at new Promise (<anonymous>)
    at BrowserFrameFactory.destroyFrame (file:///C:/Users/1/DEV/FREESPORT/frontend/node_modules/happy-dom/lib/b
rowser/utilities/BrowserFrameFactory.js:30:16)
    at HTMLIFrameElement.#unloadPage (file:///C:/Users/1/DEV/FREESPORT/frontend/node_modules/happy-dom/lib/node
s/html-iframe-element/HTMLIFrameElement.js:363:33)
    at HTMLIFrameElement.[disconnectedFromDocument] (file:///C:/Users/1/DEV/FREESPORT/frontend/node_modules/hap
py-dom/lib/nodes/html-iframe-element/HTMLIFrameElement.js:238:25)
    at HTMLIFrameElement.[connectedToNode] (file:///C:/Users/1/DEV/FREESPORT/frontend/node_modules/happy-dom/li
b/nodes/node/Node.js:788:58)
DOMException [AbortError]: The operation was aborted.
    at Fetch.onAsyncTaskManagerAbort (file:///C:/Users/1/DEV/FREESPORT/frontend/node_modules/happy-dom/lib/fetc
h/Fetch.js:546:23)
    at Object.<anonymous> (file:///C:/Users/1/DEV/FREESPORT/frontend/node_modules/happy-dom/lib/fetch/Fetch.js:
416:101)
    at AsyncTaskManager.abortAll (file:///C:/Users/1/DEV/FREESPORT/frontend/node_modules/happy-dom/lib/async-ta
sk-manager/AsyncTaskManager.js:292:30)
    at AsyncTaskManager.destroy (file:///C:/Users/1/DEV/FREESPORT/frontend/node_modules/happy-dom/lib/async-tas
k-manager/AsyncTaskManager.js:64:21)
    at file:///C:/Users/1/DEV/FREESPORT/frontend/node_modules/happy-dom/lib/browser/utilities/BrowserFrameFacto
ry.js:43:22
    at new Promise (<anonymous>)
    at BrowserFrameFactory.destroyFrame (file:///C:/Users/1/DEV/FREESPORT/frontend/node_modules/happy-dom/lib/b
rowser/utilities/BrowserFrameFactory.js:30:16)
    at HTMLIFrameElement.#unloadPage (file:///C:/Users/1/DEV/FREESPORT/frontend/node_modules/happy-dom/lib/node
s/html-iframe-element/HTMLIFrameElement.js:363:33)
    at HTMLIFrameElement.[disconnectedFromDocument] (file:///C:/Users/1/DEV/FREESPORT/frontend/node_modules/hap
py-dom/lib/nodes/html-iframe-element/HTMLIFrameElement.js:238:25)
    at HTMLIFrameElement.[connectedToNode] (file:///C:/Users/1/DEV/FREESPORT/frontend/node_modules/happy-dom/li
b/nodes/node/Node.js:788:58)
DOMException [AbortError]: The operation was aborted.
    at Fetch.onAsyncTaskManagerAbort (file:///C:/Users/1/DEV/FREESPORT/frontend/node_modules/happy-dom/lib/fetc
h/Fetch.js:546:23)
    at Object.<anonymous> (file:///C:/Users/1/DEV/FREESPORT/frontend/node_modules/happy-dom/lib/fetch/Fetch.js:
416:101)
    at AsyncTaskManager.abortAll (file:///C:/Users/1/DEV/FREESPORT/frontend/node_modules/happy-dom/lib/async-ta
sk-manager/AsyncTaskManager.js:292:30)
    at AsyncTaskManager.destroy (file:///C:/Users/1/DEV/FREESPORT/frontend/node_modules/happy-dom/lib/async-tas
k-manager/AsyncTaskManager.js:64:21)
    at file:///C:/Users/1/DEV/FREESPORT/frontend/node_modules/happy-dom/lib/browser/utilities/BrowserFrameFacto
ry.js:43:22
    at new Promise (<anonymous>)
    at BrowserFrameFactory.destroyFrame (file:///C:/Users/1/DEV/FREESPORT/frontend/node_modules/happy-dom/lib/b
rowser/utilities/BrowserFrameFactory.js:30:16)
    at HTMLIFrameElement.#unloadPage (file:///C:/Users/1/DEV/FREESPORT/frontend/node_modules/happy-dom/lib/node
s/html-iframe-element/HTMLIFrameElement.js:363:33)
    at HTMLIFrameElement.[disconnectedFromDocument] (file:///C:/Users/1/DEV/FREESPORT/frontend/node_modules/hap
py-dom/lib/nodes/html-iframe-element/HTMLIFrameElement.js:238:25)
    at HTMLIFrameElement.[connectedToNode] (file:///C:/Users/1/DEV/FREESPORT/frontend/node_modules/happy-dom/li
b/nodes/node/Node.js:788:58)
DOMException [AbortError]: The operation was aborted.
    at Fetch.onAsyncTaskManagerAbort (file:///C:/Users/1/DEV/FREESPORT/frontend/node_modules/happy-dom/lib/fetc
h/Fetch.js:546:23)
    at Object.<anonymous> (file:///C:/Users/1/DEV/FREESPORT/frontend/node_modules/happy-dom/lib/fetch/Fetch.js:
416:101)
    at AsyncTaskManager.abortAll (file:///C:/Users/1/DEV/FREESPORT/frontend/node_modules/happy-dom/lib/async-ta
sk-manager/AsyncTaskManager.js:292:30)
    at AsyncTaskManager.destroy (file:///C:/Users/1/DEV/FREESPORT/frontend/node_modules/happy-dom/lib/async-tas
k-manager/AsyncTaskManager.js:64:21)
    at file:///C:/Users/1/DEV/FREESPORT/frontend/node_modules/happy-dom/lib/browser/utilities/BrowserFrameFacto
ry.js:43:22
    at new Promise (<anonymous>)
    at BrowserFrameFactory.destroyFrame (file:///C:/Users/1/DEV/FREESPORT/frontend/node_modules/happy-dom/lib/b
rowser/utilities/BrowserFrameFactory.js:30:16)
    at HTMLIFrameElement.#unloadPage (file:///C:/Users/1/DEV/FREESPORT/frontend/node_modules/happy-dom/lib/node
s/html-iframe-element/HTMLIFrameElement.js:363:33)
    at HTMLIFrameElement.[disconnectedFromDocument] (file:///C:/Users/1/DEV/FREESPORT/frontend/node_modules/hap
py-dom/lib/nodes/html-iframe-element/HTMLIFrameElement.js:238:25)
    at HTMLIFrameElement.[connectedToNode] (file:///C:/Users/1/DEV/FREESPORT/frontend/node_modules/happy-dom/li
b/nodes/node/Node.js:788:58)
DOMException [NetworkError]: Failed to execute "fetch()" on "Window" with URL "https://yandex.ru/map-widget/v1/
?ll=41.930429%2C45.096235&z=17&pt=41.930429,45.096235,pm2rdm": The operation was aborted.
    at Fetch.onError (file:///C:/Users/1/DEV/FREESPORT/frontend/node_modules/happy-dom/lib/fetch/Fetch.js:540:2
1)
    at ClientRequest.emit (node:events:508:28)
    at emitErrorEvent (node:_http_client:108:11)
    at _destroy (node:_http_client:962:9)
    at onSocketNT (node:_http_client:982:5)
    at processTicksAndRejections (node:internal/process/task_queues:90:21)
DOMException [NetworkError]: Failed to execute "fetch()" on "Window" with URL "https://yandex.ru/map-widget/v1/
?ll=41.930429%2C45.096235&z=17&pt=41.930429,45.096235,pm2rdm": The operation was aborted.
    at Fetch.onError (file:///C:/Users/1/DEV/FREESPORT/frontend/node_modules/happy-dom/lib/fetch/Fetch.js:540:2
1)
    at ClientRequest.emit (node:events:508:28)
    at emitErrorEvent (node:_http_client:108:11)
    at _destroy (node:_http_client:962:9)
    at onSocketNT (node:_http_client:982:5)
    at processTicksAndRejections (node:internal/process/task_queues:90:21)
DOMException [NetworkError]: Failed to execute "fetch()" on "Window" with URL "https://yandex.ru/map-widget/v1/
?ll=41.930429%2C45.096235&z=17&pt=41.930429,45.096235,pm2rdm": The operation was aborted.
    at Fetch.onError (file:///C:/Users/1/DEV/FREESPORT/frontend/node_modules/happy-dom/lib/fetch/Fetch.js:540:2
1)
    at ClientRequest.emit (node:events:508:28)
    at emitErrorEvent (node:_http_client:108:11)
    at _destroy (node:_http_client:962:9)
    at onSocketNT (node:_http_client:982:5)
    at processTicksAndRejections (node:internal/process/task_queues:90:21)
DOMException [NetworkError]: Failed to execute "fetch()" on "Window" with URL "https://yandex.ru/map-widget/v1/
?ll=41.930429%2C45.096235&z=17&pt=41.930429,45.096235,pm2rdm": The operation was aborted.
    at Fetch.onError (file:///C:/Users/1/DEV/FREESPORT/frontend/node_modules/happy-dom/lib/fetch/Fetch.js:540:2
1)
    at ClientRequest.emit (node:events:508:28)
    at emitErrorEvent (node:_http_client:108:11)
    at _destroy (node:_http_client:962:9)
    at onSocketNT (node:_http_client:982:5)
    at processTicksAndRejections (node:internal/process/task_queues:90:21)
DOMException [NetworkError]: Failed to execute "fetch()" on "Window" with URL "https://yandex.ru/map-widget/v1/
?ll=41.930429%2C45.096235&z=17&pt=41.930429,45.096235,pm2rdm": The operation was aborted.
    at Fetch.onError (file:///C:/Users/1/DEV/FREESPORT/frontend/node_modules/happy-dom/lib/fetch/Fetch.js:540:2
1)
    at ClientRequest.emit (node:events:508:28)
    at emitErrorEvent (node:_http_client:108:11)
    at _destroy (node:_http_client:962:9)
    at onSocketNT (node:_http_client:982:5)
    at processTicksAndRejections (node:internal/process/task_queues:90:21)
DOMException [NetworkError]: Failed to execute "fetch()" on "Window" with URL "https://yandex.ru/map-widget/v1/
?ll=41.930429%2C45.096235&z=17&pt=41.930429,45.096235,pm2rdm": The operation was aborted.
    at Fetch.onError (file:///C:/Users/1/DEV/FREESPORT/frontend/node_modules/happy-dom/lib/fetch/Fetch.js:540:2
1)
    at ClientRequest.emit (node:events:508:28)
    at emitErrorEvent (node:_http_client:108:11)
    at _destroy (node:_http_client:962:9)
    at onSocketNT (node:_http_client:982:5)
    at processTicksAndRejections (node:internal/process/task_queues:90:21)
DOMException [NetworkError]: Failed to execute "fetch()" on "Window" with URL "https://yandex.ru/map-widget/v1/
?ll=41.930429%2C45.096235&z=17&pt=41.930429,45.096235,pm2rdm": The operation was aborted.
    at Fetch.onError (file:///C:/Users/1/DEV/FREESPORT/frontend/node_modules/happy-dom/lib/fetch/Fetch.js:540:2
1)
    at ClientRequest.emit (node:events:508:28)
    at emitErrorEvent (node:_http_client:108:11)
    at _destroy (node:_http_client:962:9)
    at onSocketNT (node:_http_client:982:5)
    at processTicksAndRejections (node:internal/process/task_queues:90:21)
DOMException [NetworkError]: Failed to execute "fetch()" on "Window" with URL "https://yandex.ru/map-widget/v1/
?ll=41.930429%2C45.096235&z=17&pt=41.930429,45.096235,pm2rdm": The operation was aborted.
    at Fetch.onError (file:///C:/Users/1/DEV/FREESPORT/frontend/node_modules/happy-dom/lib/fetch/Fetch.js:540:2
1)
    at ClientRequest.emit (node:events:508:28)
    at emitErrorEvent (node:_http_client:108:11)
    at _destroy (node:_http_client:962:9)
    at onSocketNT (node:_http_client:982:5)
    at processTicksAndRejections (node:internal/process/task_queues:90:21)
DOMException [NetworkError]: Failed to execute "fetch()" on "Window" with URL "https://yandex.ru/map-widget/v1/
?ll=41.930429%2C45.096235&z=17&pt=41.930429,45.096235,pm2rdm": The operation was aborted.
    at Fetch.onError (file:///C:/Users/1/DEV/FREESPORT/frontend/node_modules/happy-dom/lib/fetch/Fetch.js:540:2
1)
    at ClientRequest.emit (node:events:508:28)
    at emitErrorEvent (node:_http_client:108:11)
    at _destroy (node:_http_client:962:9)
    at onSocketNT (node:_http_client:982:5)
    at processTicksAndRejections (node:internal/process/task_queues:90:21)
DOMException [NetworkError]: Failed to execute "fetch()" on "Window" with URL "https://yandex.ru/map-widget/v1/
?ll=41.930429%2C45.096235&z=17&pt=41.930429,45.096235,pm2rdm": The operation was aborted.
    at Fetch.onError (file:///C:/Users/1/DEV/FREESPORT/frontend/node_modules/happy-dom/lib/fetch/Fetch.js:540:2
1)
    at ClientRequest.emit (node:events:508:28)
    at emitErrorEvent (node:_http_client:108:11)
    at _destroy (node:_http_client:962:9)
    at onSocketNT (node:_http_client:982:5)
    at processTicksAndRejections (node:internal/process/task_queues:90:21)
DOMException [NetworkError]: Failed to execute "fetch()" on "Window" with URL "https://yandex.ru/map-widget/v1/
?ll=41.930429%2C45.096235&z=17&pt=41.930429,45.096235,pm2rdm": The operation was aborted.
    at Fetch.onError (file:///C:/Users/1/DEV/FREESPORT/frontend/node_modules/happy-dom/lib/fetch/Fetch.js:540:2
1)
    at ClientRequest.emit (node:events:508:28)
    at emitErrorEvent (node:_http_client:108:11)
    at _destroy (node:_http_client:962:9)
    at onSocketNT (node:_http_client:982:5)
    at processTicksAndRejections (node:internal/process/task_queues:90:21)
DOMException [NetworkError]: Failed to execute "fetch()" on "Window" with URL "https://yandex.ru/map-widget/v1/
?ll=41.930429%2C45.096235&z=17&pt=41.930429,45.096235,pm2rdm": The operation was aborted.
    at Fetch.onError (file:///C:/Users/1/DEV/FREESPORT/frontend/node_modules/happy-dom/lib/fetch/Fetch.js:540:2
1)
    at ClientRequest.emit (node:events:508:28)
    at emitErrorEvent (node:_http_client:108:11)
    at _destroy (node:_http_client:962:9)
    at onSocketNT (node:_http_client:982:5)
    at processTicksAndRejections (node:internal/process/task_queues:90:21)
DOMException [NetworkError]: Failed to execute "fetch()" on "Window" with URL "https://yandex.ru/map-widget/v1/
?ll=41.930429%2C45.096235&z=17&pt=41.930429,45.096235,pm2rdm": The operation was aborted.
    at Fetch.onError (file:///C:/Users/1/DEV/FREESPORT/frontend/node_modules/happy-dom/lib/fetch/Fetch.js:540:2
1)
    at ClientRequest.emit (node:events:508:28)
    at emitErrorEvent (node:_http_client:108:11)
    at _destroy (node:_http_client:962:9)
    at onSocketNT (node:_http_client:982:5)
    at processTicksAndRejections (node:internal/process/task_queues:90:21)
DOMException [NetworkError]: Failed to execute "fetch()" on "Window" with URL "https://yandex.ru/map-widget/v1/
?ll=41.930429%2C45.096235&z=17&pt=41.930429,45.096235,pm2rdm": The operation was aborted.
    at Fetch.onError (file:///C:/Users/1/DEV/FREESPORT/frontend/node_modules/happy-dom/lib/fetch/Fetch.js:540:2
1)
    at ClientRequest.emit (node:events:508:28)
    at emitErrorEvent (node:_http_client:108:11)
    at _destroy (node:_http_client:962:9)
    at onSocketNT (node:_http_client:982:5)
    at processTicksAndRejections (node:internal/process/task_queues:90:21)
DOMException [NetworkError]: Failed to execute "fetch()" on "Window" with URL "https://yandex.ru/map-widget/v1/
?ll=41.930429%2C45.096235&z=17&pt=41.930429,45.096235,pm2rdm": The operation was aborted.
    at Fetch.onError (file:///C:/Users/1/DEV/FREESPORT/frontend/node_modules/happy-dom/lib/fetch/Fetch.js:540:2
1)
    at ClientRequest.emit (node:events:508:28)
    at emitErrorEvent (node:_http_client:108:11)
    at _destroy (node:_http_client:962:9)
    at onSocketNT (node:_http_client:982:5)
    at processTicksAndRejections (node:internal/process/task_queues:90:21)
DOMException [NetworkError]: Failed to execute "fetch()" on "Window" with URL "https://yandex.ru/map-widget/v1/
?ll=41.930429%2C45.096235&z=17&pt=41.930429,45.096235,pm2rdm": The operation was aborted.
    at Fetch.onError (file:///C:/Users/1/DEV/FREESPORT/frontend/node_modules/happy-dom/lib/fetch/Fetch.js:540:2
1)
    at ClientRequest.emit (node:events:508:28)
    at emitErrorEvent (node:_http_client:108:11)
    at _destroy (node:_http_client:962:9)
    at onSocketNT (node:_http_client:982:5)
    at processTicksAndRejections (node:internal/process/task_queues:90:21)
DOMException [NetworkError]: Failed to execute "fetch()" on "Window" with URL "https://yandex.ru/map-widget/v1/
?ll=41.930429%2C45.096235&z=17&pt=41.930429,45.096235,pm2rdm": The operation was aborted.
    at Fetch.onError (file:///C:/Users/1/DEV/FREESPORT/frontend/node_modules/happy-dom/lib/fetch/Fetch.js:540:2
1)
    at ClientRequest.emit (node:events:508:28)
    at emitErrorEvent (node:_http_client:108:11)
    at _destroy (node:_http_client:962:9)
    at onSocketNT (node:_http_client:982:5)
    at processTicksAndRejections (node:internal/process/task_queues:90:21)
DOMException [NetworkError]: Failed to execute "fetch()" on "Window" with URL "https://yandex.ru/map-widget/v1/
?ll=41.930429%2C45.096235&z=17&pt=41.930429,45.096235,pm2rdm": The operation was aborted.
    at Fetch.onError (file:///C:/Users/1/DEV/FREESPORT/frontend/node_modules/happy-dom/lib/fetch/Fetch.js:540:2
1)
    at ClientRequest.emit (node:events:508:28)
    at emitErrorEvent (node:_http_client:108:11)
    at _destroy (node:_http_client:962:9)
    at onSocketNT (node:_http_client:982:5)
 [32mÔťô[39m src/app/(blue)/delivery/__tests__/page.test.tsx [2m([22m[2m29 tests[22m[2m)[22m[33m 1357[2mms[22m[39m
    at processTicksAndRejections (node:internal/process/task_queues:90:21)
DOMException [NetworkError]: Failed to execute "fetch()" on "Window" with URL "https://yandex.ru/map-widget/v1/
?ll=41.930429%2C45.096235&z=17&pt=41.930429,45.096235,pm2rdm": The operation was aborted.
    at Fetch.onError (file:///C:/Users/1/DEV/FREESPORT/frontend/node_modules/happy-dom/lib/fetch/Fetch.js:540:2
1)
    at ClientRequest.emit (node:events:508:28)
    at emitErrorEvent (node:_http_client:108:11)
    at _destroy (node:_http_client:962:9)
    at onSocketNT (node:_http_client:982:5)
    at processTicksAndRejections (node:internal/process/task_queues:90:21)
DOMException [NetworkError]: Failed to execute "fetch()" on "Window" with URL "https://yandex.ru/map-widget/v1/
?ll=41.930429%2C45.096235&z=17&pt=41.930429,45.096235,pm2rdm": The operation was aborted.
    at Fetch.onError (file:///C:/Users/1/DEV/FREESPORT/frontend/node_modules/happy-dom/lib/fetch/Fetch.js:540:2
1)
    at ClientRequest.emit (node:events:508:28)
    at emitErrorEvent (node:_http_client:108:11)
    at _destroy (node:_http_client:962:9)
    at onSocketNT (node:_http_client:982:5)
    at processTicksAndRejections (node:internal/process/task_queues:90:21)
DOMException [NetworkError]: Failed to execute "fetch()" on "Window" with URL "https://yandex.ru/map-widget/v1/
?ll=41.930429%2C45.096235&z=17&pt=41.930429,45.096235,pm2rdm": The operation was aborted.
    at Fetch.onError (file:///C:/Users/1/DEV/FREESPORT/frontend/node_modules/happy-dom/lib/fetch/Fetch.js:540:2
1)
    at ClientRequest.emit (node:events:508:28)
    at emitErrorEvent (node:_http_client:108:11)
    at _destroy (node:_http_client:962:9)
    at onSocketNT (node:_http_client:982:5)
    at processTicksAndRejections (node:internal/process/task_queues:90:21)
DOMException [NetworkError]: Failed to execute "fetch()" on "Window" with URL "https://yandex.ru/map-widget/v1/
?ll=41.930429%2C45.096235&z=17&pt=41.930429,45.096235,pm2rdm": The operation was aborted.
    at Fetch.onError (file:///C:/Users/1/DEV/FREESPORT/frontend/node_modules/happy-dom/lib/fetch/Fetch.js:540:2
1)
    at ClientRequest.emit (node:events:508:28)
    at emitErrorEvent (node:_http_client:108:11)
    at _destroy (node:_http_client:962:9)
    at onSocketNT (node:_http_client:982:5)
    at processTicksAndRejections (node:internal/process/task_queues:90:21)
DOMException [NetworkError]: Failed to execute "fetch()" on "Window" with URL "https://yandex.ru/map-widget/v1/
?ll=41.930429%2C45.096235&z=17&pt=41.930429,45.096235,pm2rdm": The operation was aborted.
    at Fetch.onError (file:///C:/Users/1/DEV/FREESPORT/frontend/node_modules/happy-dom/lib/fetch/Fetch.js:540:2
1)
    at ClientRequest.emit (node:events:508:28)
    at emitErrorEvent (node:_http_client:108:11)
    at _destroy (node:_http_client:962:9)
    at onSocketNT (node:_http_client:982:5)
    at processTicksAndRejections (node:internal/process/task_queues:90:21)
DOMException [NetworkError]: Failed to execute "fetch()" on "Window" with URL "https://yandex.ru/map-widget/v1/
?ll=41.930429%2C45.096235&z=17&pt=41.930429,45.096235,pm2rdm": The operation was aborted.
    at Fetch.onError (file:///C:/Users/1/DEV/FREESPORT/frontend/node_modules/happy-dom/lib/fetch/Fetch.js:540:2
1)
    at ClientRequest.emit (node:events:508:28)
    at emitErrorEvent (node:_http_client:108:11)
    at _destroy (node:_http_client:962:9)
    at onSocketNT (node:_http_client:982:5)
    at processTicksAndRejections (node:internal/process/task_queues:90:21)
DOMException [NetworkError]: Failed to execute "fetch()" on "Window" with URL "https://yandex.ru/map-widget/v1/
?ll=41.930429%2C45.096235&z=17&pt=41.930429,45.096235,pm2rdm": The operation was aborted.
    at Fetch.onError (file:///C:/Users/1/DEV/FREESPORT/frontend/node_modules/happy-dom/lib/fetch/Fetch.js:540:2
1)
    at ClientRequest.emit (node:events:508:28)
    at emitErrorEvent (node:_http_client:108:11)
    at _destroy (node:_http_client:962:9)
    at onSocketNT (node:_http_client:982:5)
    at processTicksAndRejections (node:internal/process/task_queues:90:21)
DOMException [NetworkError]: Failed to execute "fetch()" on "Window" with URL "https://yandex.ru/map-widget/v1/
?ll=41.930429%2C45.096235&z=17&pt=41.930429,45.096235,pm2rdm": The operation was aborted.
    at Fetch.onError (file:///C:/Users/1/DEV/FREESPORT/frontend/node_modules/happy-dom/lib/fetch/Fetch.js:540:2
1)
    at ClientRequest.emit (node:events:508:28)
    at emitErrorEvent (node:_http_client:108:11)
    at _destroy (node:_http_client:962:9)
    at onSocketNT (node:_http_client:982:5)
    at processTicksAndRejections (node:internal/process/task_queues:90:21)
DOMException [NetworkError]: Failed to execute "fetch()" on "Window" with URL "https://yandex.ru/map-widget/v1/
?ll=41.930429%2C45.096235&z=17&pt=41.930429,45.096235,pm2rdm": The operation was aborted.
    at Fetch.onError (file:///C:/Users/1/DEV/FREESPORT/frontend/node_modules/happy-dom/lib/fetch/Fetch.js:540:2
1)
    at ClientRequest.emit (node:events:508:28)
    at emitErrorEvent (node:_http_client:108:11)
    at _destroy (node:_http_client:962:9)
    at onSocketNT (node:_http_client:982:5)
    at processTicksAndRejections (node:internal/process/task_queues:90:21)
[90mstderr[2m | src/components/home/__tests__/NewArrivalsSection.test.tsx[2m > [22m[2mNewArrivalsSection[
2m > [22m[2mshows error state on API failure and allows retry
[22m[39mAxiosError: Request failed with status code 500
    at settle [90m(file:///C:/Users/1/DEV/FREESPORT/frontend/[39mnode_modules/[4maxios[24m/lib/core/settle.
js:19:12[90m)[39m
    at XMLHttpRequest.onloadend [90m(file:///C:/Users/1/DEV/FREESPORT/frontend/[39mnode_modules/[4maxios[24
m/lib/adapters/xhr.js:59:7[90m)[39m
    at XMLHttpRequest.methodCall [90m(file:///C:/Users/1/DEV/FREESPORT/frontend/[39mnode_modules/[4m@mswjs/i
nterceptors[24m/lib/node/chunk-5V3SIIW2.mjs:354:20[90m)[39m
    at Proxy.<anonymous> [90m(file:///C:/Users/1/DEV/FREESPORT/frontend/[39mnode_modules/[4m@mswjs/intercept
ors[24m/lib/node/chunk-5V3SIIW2.mjs:177:29[90m)[39m
    at XMLHttpRequestController.trigger [90m(file:///C:/Users/1/DEV/FREESPORT/frontend/[39mnode_modules/[4m@
mswjs/interceptors[24m/lib/node/chunk-5V3SIIW2.mjs:652:16[90m)[39m
    at finalizeResponse [90m(file:///C:/Users/1/DEV/FREESPORT/frontend/[39mnode_modules/[4m@mswjs/intercepto
rs[24m/lib/node/chunk-5V3SIIW2.mjs:506:12[90m)[39m
    at readNextResponseBodyChunk [90m(file:///C:/Users/1/DEV/FREESPORT/frontend/[39mnode_modules/[4m@mswjs/i
nterceptors[24m/lib/node/chunk-5V3SIIW2.mjs:518:11[90m)[39m
    at Axios.request [90m(file:///C:/Users/1/DEV/FREESPORT/frontend/[39mnode_modules/[4maxios[24m/lib/core/
Axios.js:45:41[90m)[39m
    at retryRequest (C:/Users/1/DEV/FREESPORT/frontend/src/services/api-client.ts:71:12)
    at Axios.request [90m(file:///C:/Users/1/DEV/FREESPORT/frontend/[39mnode_modules/[4maxios[24m/lib/core/
Axios.js:40:14[90m)[39m
    at ProductsService.getNew (C:/Users/1/DEV/FREESPORT/frontend/src/services/productsService.ts:229:22)
    at fetchNewArrivals (C:/Users/1/DEV/FREESPORT/frontend/src/components/home/NewArrivalsSection.tsx:55:20) {
  code: [32m'ERR_BAD_RESPONSE'[39m,
  config: {
    transitional: {
      silentJSONParsing: [33mtrue[39m,
      forcedJSONParsing: [33mtrue[39m,
      clarifyTimeoutError: [33mfalse[39m
    },
    adapter: [ [32m'xhr'[39m, [32m'http'[39m, [32m'fetch'[39m ],
    transformRequest: [ [36m[Function: transformRequest][39m ],
    transformResponse: [ [36m[Function: transformResponse][39m ],
    timeout: [33m30000[39m,
    xsrfCookieName: [32m'XSRF-TOKEN'[39m,
    xsrfHeaderName: [32m'X-XSRF-TOKEN'[39m,
    maxContentLength: [33m-1[39m,
    maxBodyLength: [33m-1[39m,
    env: { FormData: [36m[Function [FormData]][39m, Blob: [36m[class Blob][39m },
    validateStatus: [36m[Function: validateStatus][39m,
    headers: Object [AxiosHeaders] {
      Accept: [32m'application/json, text/plain, */*'[39m,
      [32m'Content-Type'[39m: [32m'application/json'[39m
    },
    baseURL: [32m'http://localhost:8001/api/v1'[39m,
    withCredentials: [33mtrue[39m,
    params: {
      is_new: [33mtrue[39m,
      ordering: [32m'-created_at'[39m,
      page_size: [33m8[39m,
      in_stock: [33mtrue[39m
    },
    method: [32m'get'[39m,
    url: [32m'/products/'[39m,
    allowAbsoluteUrls: [33mtrue[39m,
    data: [90mundefined[39m
  },
  request: XMLHttpRequest [EventTarget] {
    onloadstart: [1mnull[22m,
    onprogress: [1mnull[22m,
    onabort: [36m[Function: handleAbort][39m,
    onerror: [36m[Function: handleError][39m,
    onload: [1mnull[22m,
    ontimeout: [36m[Function: handleTimeout][39m,
    onloadend: [36m[Function: onloadend][39m,
    upload: XMLHttpRequestUpload [EventTarget] {
      onloadstart: [1mnull[22m,
      onprogress: [1mnull[22m,
      onabort: [1mnull[22m,
      onerror: [1mnull[22m,
      onload: [1mnull[22m,
      ontimeout: [1mnull[22m,
      onloadend: [1mnull[22m,
      [32mSymbol(listeners)[39m: [36m[Object][39m,
      [32mSymbol(listenerOptions)[39m: [36m[Object][39m
    },
    withCredentials: [33mtrue[39m,
    timeout: [33m30000[39m,
    status: [33m500[39m,
    statusText: [32m'Internal Server Error'[39m,
    responseURL: [32m'http://localhost:8001/api/v1/products/?is_new=true&ordering=-created_at&page_size=8&in_s
tock=true'[39m,
    response: [36m[Getter][39m,
    responseText: [36m[Getter][39m,
    responseXML: [36m[Getter][39m,
    readyState: [90mundefined[39m,
    [32mSymbol(listeners)[39m: { capturing: Map(0) {}, bubbling: [36m[Map][39m },
    [32mSymbol(listenerOptions)[39m: { capturing: Map(0) {}, bubbling: [36m[Map][39m }
  },
  response: {
    data: { detail: [32m'Internal Server Error'[39m },
    status: [33m500[39m,
    statusText: [32m'Internal Server Error'[39m,
    headers: Object [AxiosHeaders] { [32m'content-type'[39m: [32m'application/json'[39m },
    config: {
      transitional: [36m[Object][39m,
      adapter: [36m[Array][39m,
      transformRequest: [36m[Array][39m,
      transformResponse: [36m[Array][39m,
      timeout: [33m30000[39m,
      xsrfCookieName: [32m'XSRF-TOKEN'[39m,
      xsrfHeaderName: [32m'X-XSRF-TOKEN'[39m,
      maxContentLength: [33m-1[39m,
      maxBodyLength: [33m-1[39m,
      env: [36m[Object][39m,
      validateStatus: [36m[Function: validateStatus][39m,
      headers: [36m[Object [AxiosHeaders]][39m,
      baseURL: [32m'http://localhost:8001/api/v1'[39m,
      withCredentials: [33mtrue[39m,
      params: [36m[Object][39m,
      method: [32m'get'[39m,
      url: [32m'/products/'[39m,
      allowAbsoluteUrls: [33mtrue[39m,
      data: [90mundefined[39m
    },
    request: XMLHttpRequest [EventTarget] {
      onloadstart: [1mnull[22m,
      onprogress: [1mnull[22m,
      onabort: [36m[Function: handleAbort][39m,
      onerror: [36m[Function: handleError][39m,
      onload: [1mnull[22m,
      ontimeout: [36m[Function: handleTimeout][39m,
      onloadend: [36m[Function: onloadend][39m,
      upload: [36m[XMLHttpRequestUpload [EventTarget]][39m,
      withCredentials: [33mtrue[39m,
      timeout: [33m30000[39m,
      status: [33m500[39m,
      statusText: [32m'Internal Server Error'[39m,
      responseURL: [32m'http://localhost:8001/api/v1/products/?is_new=true&ordering=-created_at&page_size=8&in
_stock=true'[39m,
      response: [36m[Getter][39m,
      responseText: [36m[Getter][39m,
      responseXML: [36m[Getter][39m,
      readyState: [90mundefined[39m,
      [32mSymbol(listeners)[39m: [36m[Object][39m,
      [32mSymbol(listenerOptions)[39m: [36m[Object][39m
    }
  },
  status: [33m500[39m
}

[90mstderr[2m | src/components/home/__tests__/HitsSection.test.tsx[2m > [22m[2mHitsSection[2m > [22m[2m
shows error state on API failure and allows retry
[22m[39mAxiosError: Request failed with status code 500
    at settle [90m(file:///C:/Users/1/DEV/FREESPORT/frontend/[39mnode_modules/[4maxios[24m/lib/core/settle.
js:19:12[90m)[39m
    at XMLHttpRequest.onloadend [90m(file:///C:/Users/1/DEV/FREESPORT/frontend/[39mnode_modules/[4maxios[24
m/lib/adapters/xhr.js:59:7[90m)[39m
    at XMLHttpRequest.methodCall [90m(file:///C:/Users/1/DEV/FREESPORT/frontend/[39mnode_modules/[4m@mswjs/i
nterceptors[24m/lib/node/chunk-5V3SIIW2.mjs:354:20[90m)[39m
    at Proxy.<anonymous> [90m(file:///C:/Users/1/DEV/FREESPORT/frontend/[39mnode_modules/[4m@mswjs/intercept
ors[24m/lib/node/chunk-5V3SIIW2.mjs:177:29[90m)[39m
    at XMLHttpRequestController.trigger [90m(file:///C:/Users/1/DEV/FREESPORT/frontend/[39mnode_modules/[4m@
mswjs/interceptors[24m/lib/node/chunk-5V3SIIW2.mjs:652:16[90m)[39m
    at finalizeResponse [90m(file:///C:/Users/1/DEV/FREESPORT/frontend/[39mnode_modules/[4m@mswjs/intercepto
rs[24m/lib/node/chunk-5V3SIIW2.mjs:506:12[90m)[39m
    at readNextResponseBodyChunk [90m(file:///C:/Users/1/DEV/FREESPORT/frontend/[39mnode_modules/[4m@mswjs/i
nterceptors[24m/lib/node/chunk-5V3SIIW2.mjs:518:11[90m)[39m
    at Axios.request [90m(file:///C:/Users/1/DEV/FREESPORT/frontend/[39mnode_modules/[4maxios[24m/lib/core/
Axios.js:45:41[90m)[39m
    at retryRequest (C:/Users/1/DEV/FREESPORT/frontend/src/services/api-client.ts:71:12)
    at Axios.request [90m(file:///C:/Users/1/DEV/FREESPORT/frontend/[39mnode_modules/[4maxios[24m/lib/core/
Axios.js:40:14[90m)[39m
    at ProductsService.getHits (C:/Users/1/DEV/FREESPORT/frontend/src/services/productsService.ts:212:22)
    at C:/Users/1/DEV/FREESPORT/frontend/src/components/home/HitsSection.tsx:120:20 {
  code: [32m'ERR_BAD_RESPONSE'[39m,
  config: {
    transitional: {
      silentJSONParsing: [33mtrue[39m,
      forcedJSONParsing: [33mtrue[39m,
      clarifyTimeoutError: [33mfalse[39m
    },
    adapter: [ [32m'xhr'[39m, [32m'http'[39m, [32m'fetch'[39m ],
    transformRequest: [ [36m[Function: transformRequest][39m ],
    transformResponse: [ [36m[Function: transformResponse][39m ],
    timeout: [33m30000[39m,
    xsrfCookieName: [32m'XSRF-TOKEN'[39m,
    xsrfHeaderName: [32m'X-XSRF-TOKEN'[39m,
    maxContentLength: [33m-1[39m,
    maxBodyLength: [33m-1[39m,
    env: { FormData: [36m[Function [FormData]][39m, Blob: [36m[class Blob][39m },
    validateStatus: [36m[Function: validateStatus][39m,
    headers: Object [AxiosHeaders] {
      Accept: [32m'application/json, text/plain, */*'[39m,
      [32m'Content-Type'[39m: [32m'application/json'[39m
    },
    baseURL: [32m'http://localhost:8001/api/v1'[39m,
    withCredentials: [33mtrue[39m,
    params: {
      is_hit: [33mtrue[39m,
      ordering: [32m'-created_at'[39m,
      page_size: [33m8[39m,
      in_stock: [33mtrue[39m
    },
    method: [32m'get'[39m,
    url: [32m'/products/'[39m,
    allowAbsoluteUrls: [33mtrue[39m,
    data: [90mundefined[39m
  },
  request: XMLHttpRequest [EventTarget] {
    onloadstart: [1mnull[22m,
    onprogress: [1mnull[22m,
    onabort: [36m[Function: handleAbort][39m,
    onerror: [36m[Function: handleError][39m,
    onload: [1mnull[22m,
    ontimeout: [36m[Function: handleTimeout][39m,
    onloadend: [36m[Function: onloadend][39m,
    upload: XMLHttpRequestUpload [EventTarget] {
      onloadstart: [1mnull[22m,
      onprogress: [1mnull[22m,
      onabort: [1mnull[22m,
      onerror: [1mnull[22m,
      onload: [1mnull[22m,
      ontimeout: [1mnull[22m,
      onloadend: [1mnull[22m,
      [32mSymbol(listeners)[39m: [36m[Object][39m,
      [32mSymbol(listenerOptions)[39m: [36m[Object][39m
    },
    withCredentials: [33mtrue[39m,
    timeout: [33m30000[39m,
    status: [33m500[39m,
    statusText: [32m'Internal Server Error'[39m,
    responseURL: [32m'http://localhost:8001/api/v1/products/?is_hit=true&ordering=-created_at&page_size=8&in_s
tock=true'[39m,
    response: [36m[Getter][39m,
    responseText: [36m[Getter][39m,
    responseXML: [36m[Getter][39m,
    readyState: [90mundefined[39m,
    [32mSymbol(listeners)[39m: { capturing: Map(0) {}, bubbling: [36m[Map][39m },
    [32mSymbol(listenerOptions)[39m: { capturing: Map(0) {}, bubbling: [36m[Map][39m }
  },
  response: {
    data: { detail: [32m'Internal Server Error'[39m },
    status: [33m500[39m,
    statusText: [32m'Internal Server Error'[39m,
    headers: Object [AxiosHeaders] { [32m'content-type'[39m: [32m'application/json'[39m },
    config: {
      transitional: [36m[Object][39m,
      adapter: [36m[Array][39m,
      transformRequest: [36m[Array][39m,
      transformResponse: [36m[Array][39m,
      timeout: [33m30000[39m,
      xsrfCookieName: [32m'XSRF-TOKEN'[39m,
      xsrfHeaderName: [32m'X-XSRF-TOKEN'[39m,
      maxContentLength: [33m-1[39m,
      maxBodyLength: [33m-1[39m,
      env: [36m[Object][39m,
      validateStatus: [36m[Function: validateStatus][39m,
      headers: [36m[Object [AxiosHeaders]][39m,
      baseURL: [32m'http://localhost:8001/api/v1'[39m,
      withCredentials: [33mtrue[39m,
      params: [36m[Object][39m,
      method: [32m'get'[39m,
      url: [32m'/products/'[39m,
      allowAbsoluteUrls: [33mtrue[39m,
      data: [90mundefined[39m
    },
    request: XMLHttpRequest [EventTarget] {
      onloadstart: [1mnull[22m,
      onprogress: [1mnull[22m,
      onabort: [36m[Function: handleAbort][39m,
      onerror: [36m[Function: handleError][39m,
      onload: [1mnull[22m,
      ontimeout: [36m[Function: handleTimeout][39m,
      onloadend: [36m[Function: onloadend][39m,
      upload: [36m[XMLHttpRequestUpload [EventTarget]][39m,
      withCredentials: [33mtrue[39m,
      timeout: [33m30000[39m,
      status: [33m500[39m,
      statusText: [32m'Internal Server Error'[39m,
      responseURL: [32m'http://localhost:8001/api/v1/products/?is_hit=true&ordering=-created_at&page_size=8&in
_stock=true'[39m,
      response: [36m[Getter][39m,
      responseText: [36m[Getter][39m,
      responseXML: [36m[Getter][39m,
      readyState: [90mundefined[39m,
      [32mSymbol(listeners)[39m: [36m[Object][39m,
      [32mSymbol(listenerOptions)[39m: [36m[Object][39m
    }
  },
  status: [33m500[39m
}

 [32mÔťô[39m src/components/checkout/__tests__/OrderSuccessView.test.tsx [2m([22m[2m26 tests[22m[2m)[22m[33m 699[2mms[22m[39m
 [32mÔťô[39m src/components/home/__tests__/NewArrivalsSection.test.tsx [2m([22m[2m5 tests[22m[2m)[22m[33m 7674[2mms[22m[39m
     [33m[2mÔťô[22m[39m shows error state on API failure and allows retry [33m 7276[2mms[22m[39m
 [32mÔťô[39m src/components/home/__tests__/HitsSection.test.tsx [2m([22m[2m6 tests[22m[2m)[22m[33m 7803[2mms[22m[39m
     [33m[2mÔťô[22m[39m loads and displays 8 hit products with badges [33m 309[2mms[22m[39m
     [33m[2mÔťô[22m[39m shows error state on API failure and allows retry [33m 7271[2mms[22m[39m
 [32mÔťô[39m src/components/business/ProfileForm/ProfileForm.test.tsx [2m([22m[2m13 tests[22m[2m | [22m[33m2 skipped[39m[2m)[22m[33m 1463[2mms[22m[39m
       [33m[2mÔťô[22m[39m shows validation error for invalid phone format [33m 326[2mms[22m[39m
 [32mÔťô[39m src/components/cart/__tests__/accessibility.test.tsx [2m([22m[2m22 tests[22m[2m | [22m[33m2 skipped[39m[2m)[22m[33m 1263[2mms[22m[39m
       [33m[2mÔťô[22m[39m has no accessibility violations when empty [33m 391[2mms[22m[39m
[90mstderr[2m | src/components/auth/__tests__/PasswordResetConfirmForm.test.tsx[2m > [22m[2mPasswordResetC
onfirmForm[2m > [22m[2mAccessibility[2m > [22m[2mshould have role="alert" for error messages
[22m[39mPassword reset confirm error: { response: { status: [33m500[39m } }

 [32mÔťô[39m src/components/product/__tests__/ProductOptions.integration.test.tsx [2m([22m[2m20 tests[22m[2m)[22m[33m 1821[2mms[22m[39m
 [32mÔťô[39m src/components/auth/__tests__/PasswordResetConfirmForm.test.tsx [2m([22m[2m28 tests[22m[2m)[22m[33m 9766[2mms[22m[39m
       [33m[2mÔťô[22m[39m should show error for short password [33m 402[2mms[22m[39m
       [33m[2mÔťô[22m[39m should show error for password without digit [33m 579[2mms[22m[39m
       [33m[2mÔťô[22m[39m should show error for password without uppercase [33m 576[2mms[22m[39m
       [33m[2mÔťô[22m[39m should show error when passwords do not match [33m 596[2mms[22m[39m
       [33m[2mÔťô[22m[39m should submit form with valid password [33m 680[2mms[22m[39m
       [33m[2mÔťô[22m[39m should redirect to login page with success query on successful reset [33m 668[2mms[22m[39m
       [33m[2mÔťô[22m[39m should use router.replace() instead of router.push() for security [33m 698[2mms[22m[39m
       [33m[2mÔťô[22m[39m should show error for expired token during confirmation (410) [33m 637[2mms[22m[39m
       [33m[2mÔťô[22m[39m should show error for invalid token during confirmation (404) [33m 729[2mms[22m[39m
       [33m[2mÔťô[22m[39m should show validation error for weak password from backend (400) [33m 451[2mms[22m[39m
       [33m[2mÔťô[22m[39m should show generic error for other API errors [33m 681[2mms[22m[39m
       [33m[2mÔťô[22m[39m should show loading state during password reset submission [33m 916[2mms[22m[39m
       [33m[2mÔťô[22m[39m should disable form inputs during submission [33m 704[2mms[22m[39m
       [33m[2mÔťô[22m[39m should have role="alert" for error messages [33m 705[2mms[22m[39m
 [32mÔťô[39m src/components/cart/__tests__/CartPage.test.tsx [2m([22m[2m22 tests[22m[2m)[22m[33m 1254[2mms[22m[39m
 [32mÔťô[39m src/components/ui/Modal/__tests__/Modal.test.tsx [2m([22m[2m30 tests[22m[2m)[22m[33m 1290[2mms[22m[39m
 [32mÔťô[39m src/components/layout/__tests__/Footer.test.tsx [2m([22m[2m37 tests[22m[2m)[22m[33m 1114[2mms[22m[39m
[90mstderr[2m | src/components/checkout/__tests__/DeliveryOptions.test.tsx[2m > [22m[2mDeliveryOptions[2m
 > [22m[2mError State[2m > [22m[2mđ┐đżđ║đ░đĚĐőđ▓đ░đÁĐé Đüđżđżđ▒ĐëđÁđŻđŞđÁ đżđ▒ đżĐłđŞđ▒đ║đÁ đ┐ĐÇđŞ Đüđ▒đżđ
Á đĚđ░đ│ĐÇĐâđĚđ║đŞ
[22m[39mFailed to fetch delivery methods: Error: Network error
    at C:/Users/1/DEV/FREESPORT/frontend/src/components/checkout/__tests__/DeliveryOptions.test.tsx:237:71
    at [90mfile:///C:/Users/1/DEV/FREESPORT/frontend/[39mnode_modules/[4m@vitest/runner[24m/dist/index.js:1
45:11
    at [90mfile:///C:/Users/1/DEV/FREESPORT/frontend/[39mnode_modules/[4m@vitest/runner[24m/dist/index.js:9
15:26
    at [90mfile:///C:/Users/1/DEV/FREESPORT/frontend/[39mnode_modules/[4m@vitest/runner[24m/dist/index.js:1
240:20
    at new Promise (<anonymous>)
    at runWithTimeout [90m(file:///C:/Users/1/DEV/FREESPORT/frontend/[39mnode_modules/[4m@vitest/runner[24m
/dist/index.js:1206:10[90m)[39m
    at [90mfile:///C:/Users/1/DEV/FREESPORT/frontend/[39mnode_modules/[4m@vitest/runner[24m/dist/index.js:1
650:37
    at Traces.$ [90m(file:///C:/Users/1/DEV/FREESPORT/frontend/[39mnode_modules/[4mvitest[24m/dist/chunks/t
races.U4xDYhzZ.js:115:27[90m)[39m
    at trace [90m(file:///C:/Users/1/DEV/FREESPORT/frontend/[39mnode_modules/[4mvitest[24m/dist/chunks/test
.BT8LKgU9.js:239:21[90m)[39m
    at runTest [90m(file:///C:/Users/1/DEV/FREESPORT/frontend/[39mnode_modules/[4m@vitest/runner[24m/dist/i
ndex.js:1650:12[90m)[39m

[90mstderr[2m | src/components/checkout/__tests__/DeliveryOptions.test.tsx[2m > [22m[2mDeliveryOptions[2m
 > [22m[2mError State[2m > [22m[2mĐÇđÁđŻđ┤đÁĐÇđŞĐé đżĐłđŞđ▒đ║Đâ Đü ĐÇđżđ╗ĐîĐÄ alert
[22m[39mFailed to fetch delivery methods: Error: Network error
    at C:/Users/1/DEV/FREESPORT/frontend/src/components/checkout/__tests__/DeliveryOptions.test.tsx:247:71
    at [90mfile:///C:/Users/1/DEV/FREESPORT/frontend/[39mnode_modules/[4m@vitest/runner[24m/dist/index.js:1
45:11
    at [90mfile:///C:/Users/1/DEV/FREESPORT/frontend/[39mnode_modules/[4m@vitest/runner[24m/dist/index.js:9
15:26
    at [90mfile:///C:/Users/1/DEV/FREESPORT/frontend/[39mnode_modules/[4m@vitest/runner[24m/dist/index.js:1
240:20
    at new Promise (<anonymous>)
    at runWithTimeout [90m(file:///C:/Users/1/DEV/FREESPORT/frontend/[39mnode_modules/[4m@vitest/runner[24m
/dist/index.js:1206:10[90m)[39m
    at [90mfile:///C:/Users/1/DEV/FREESPORT/frontend/[39mnode_modules/[4m@vitest/runner[24m/dist/index.js:1
650:37
    at Traces.$ [90m(file:///C:/Users/1/DEV/FREESPORT/frontend/[39mnode_modules/[4mvitest[24m/dist/chunks/t
races.U4xDYhzZ.js:115:27[90m)[39m
    at trace [90m(file:///C:/Users/1/DEV/FREESPORT/frontend/[39mnode_modules/[4mvitest[24m/dist/chunks/test
.BT8LKgU9.js:239:21[90m)[39m
    at runTest [90m(file:///C:/Users/1/DEV/FREESPORT/frontend/[39mnode_modules/[4m@vitest/runner[24m/dist/i
ndex.js:1650:12[90m)[39m

[90mstderr[2m | src/components/checkout/__tests__/DeliveryOptions.test.tsx[2m > [22m[2mDeliveryOptions[2m
 > [22m[2mError State[2m > [22m[2mđżĐéđżđ▒ĐÇđ░đÂđ░đÁĐé đĚđ░đ│đżđ╗đżđ▓đżđ║ ĐüđÁđ║ĐćđŞđŞ đ┐ĐÇđŞ đżĐłđŞđ▒đ║đÁ
[22m[39mFailed to fetch delivery methods: Error: Network error
    at C:/Users/1/DEV/FREESPORT/frontend/src/components/checkout/__tests__/DeliveryOptions.test.tsx:258:71
    at [90mfile:///C:/Users/1/DEV/FREESPORT/frontend/[39mnode_modules/[4m@vitest/runner[24m/dist/index.js:1
45:11
    at [90mfile:///C:/Users/1/DEV/FREESPORT/frontend/[39mnode_modules/[4m@vitest/runner[24m/dist/index.js:9
15:26
    at [90mfile:///C:/Users/1/DEV/FREESPORT/frontend/[39mnode_modules/[4m@vitest/runner[24m/dist/index.js:1
240:20
    at new Promise (<anonymous>)
    at runWithTimeout [90m(file:///C:/Users/1/DEV/FREESPORT/frontend/[39mnode_modules/[4m@vitest/runner[24m
/dist/index.js:1206:10[90m)[39m
    at [90mfile:///C:/Users/1/DEV/FREESPORT/frontend/[39mnode_modules/[4m@vitest/runner[24m/dist/index.js:1
650:37
    at Traces.$ [90m(file:///C:/Users/1/DEV/FREESPORT/frontend/[39mnode_modules/[4mvitest[24m/dist/chunks/t
races.U4xDYhzZ.js:115:27[90m)[39m
    at trace [90m(file:///C:/Users/1/DEV/FREESPORT/frontend/[39mnode_modules/[4mvitest[24m/dist/chunks/test
.BT8LKgU9.js:239:21[90m)[39m
    at runTest [90m(file:///C:/Users/1/DEV/FREESPORT/frontend/[39mnode_modules/[4m@vitest/runner[24m/dist/i
ndex.js:1650:12[90m)[39m

 [32mÔťô[39m src/components/checkout/__tests__/DeliveryOptions.test.tsx [2m([22m[2m22 tests[22m[2m)[22m[33m 1086[2mms[22m[39m
 [32mÔťô[39m src/components/business/ProductCard/__tests__/ProductCard.test.tsx [2m([22m[2m38 tests[22m[2m)[22m[33m 863[2mms[22m[39m
 [32mÔťô[39m src/components/cart/__tests__/CartPage.integration.test.tsx [2m([22m[2m13 tests[22m[2m | [22m[33m1 skipped[39m[2m)[22m[33m 1276[2mms[22m[39m
 [32mÔťô[39m src/app/(blue)/about/__tests__/page.test.tsx [2m([22m[2m31 tests[22m[2m)[22m[33m 1073[2mms[22m[39m
 [32mÔťô[39m src/components/home/__tests__/BlogPostCard.test.tsx [2m([22m[2m39 tests[22m[2m)[22m[33m 904[2mms[22m[39m
 [32mÔťô[39m src/app/(blue)/partners/__tests__/page.test.tsx [2m([22m[2m10 tests[22m[2m)[22m[33m 1257[2mms[22m[39m
 [32mÔťô[39m src/components/business/SizeChartModal/__tests__/SizeChartModal.test.tsx [2m([22m[2m16 tests[22m[2m)[22m[33m 1265[2mms[22m[39m
 [32mÔťô[39m src/components/business/OrderDetail/OrderDetail.test.tsx [2m([22m[2m16 tests[22m[2m)[22m[33m 1106[2mms[22m[39m
 [32mÔťô[39m src/components/business/SidebarFilters/__tests__/SidebarFilters.test.tsx [2m([22m[2m17 tests[22m[2m)[22m[33m 880[2mms[22m[39m
 [32mÔťô[39m src/components/ui/Toast/__tests__/ToastProvider.test.tsx [2m([22m[2m21 tests[22m[2m)[22m[33m 568[2mms[22m[39m
[90mstderr[2m | src/components/checkout/__tests__/CheckoutForm.integration.test.tsx[2m > [22m[2mCheckoutFo
rm Integration[2m > [22m[2mđ×Đéđżđ▒ĐÇđ░đÂđÁđŻđŞđÁ đżĐłđŞđ▒đżđ║[2m > [22m[2mđ┐đżđ║đ░đĚĐőđ▓đ░đÁĐé đżĐłđŞđ▒đ
║Đâ API đ▓ InfoPanel
[22m[39mAn update to CheckoutForm inside a test was not wrapped in act(...).

When testing, code that causes React state updates should be wrapped into act(...):

act(() => {
  /* fire events that update state */
});
/* assert on the output */

This ensures that you're testing the behavior the user would see in the browser. Learn more at https://react.de
v/link/wrap-tests-with-act

 [32mÔťô[39m src/components/business/SearchPageClient/__tests__/SearchPageClient.test.tsx [2m([22m[2m20 tests[22m[2m)[22m[33m 1008[2mms[22m[39m
 [32mÔťô[39m src/components/checkout/__tests__/CheckoutForm.integration.test.tsx [2m([22m[2m11 tests[22m[2m | [22m[33m1 skipped[39m[2m)[22m[33m 1723[2mms[22m[39m
       [33m[2mÔťô[22m[39m đżĐéđżđ▒ĐÇđ░đÂđ░đÁĐé ĐäđżĐÇđ╝Đâ Đü ĐüđÁđ║ĐćđŞĐĆđ╝đŞ [33m 527[2mms[22m[39m
 [32mÔťô[39m src/app/(blue)/blog/[slug]/__tests__/page.test.tsx [2m([22m[2m32 tests[22m[2m)[22m[33m 804[2mms[22m[39m
 [32mÔťô[39m src/components/auth/__tests__/RegisterForm.test.tsx [2m([22m[2m24 tests[22m[2m)[22m[33m 17363[2mms[22m[39m
       [33m[2mÔťô[22m[39m should show validation error for invalid email [33m 973[2mms[22m[39m
       [33m[2mÔťô[22m[39m should show validation error when passwords do not match [33m 952[2mms[22m[39m
       [33m[2mÔťô[22m[39m should show validation error for password without digit [33m 900[2mms[22m[39m
       [33m[2mÔťô[22m[39m should show validation error for password without uppercase [33m 1028[2mms[22m[39m
       [33m[2mÔťô[22m[39m should submit form with valid data [33m 1039[2mms[22m[39m
       [33m[2mÔťô[22m[39m should call onSuccess callback after successful registration [33m 1135[2mms[22m[39m
       [33m[2mÔťô[22m[39m should redirect to redirectUrl when provided [33m 993[2mms[22m[39m
       [33m[2mÔťô[22m[39m should display API error on 409 Conflict (existing email) [33m 1227[2mms[22m[39m
       [33m[2mÔťô[22m[39m should display API error on 400 Bad Request (weak password) [33m 914[2mms[22m[39m
       [33m[2mÔťô[22m[39m should display API error on 500 Internal Server Error [33m 1046[2mms[22m[39m
       [33m[2mÔťô[22m[39m should show loading state during submission [33m 1209[2mms[22m[39m
       [33m[2mÔťô[22m[39m should disable form inputs during submission [33m 1628[2mms[22m[39m
       [33m[2mÔťô[22m[39m should have role="alert" for error message container [33m 1397[2mms[22m[39m
       [33m[2mÔťô[22m[39m should show tax_id field for wholesale and federation roles [33m 309[2mms[22m[39m
       [33m[2mÔťô[22m[39m should submit form with selected role [33m 1486[2mms[22m[39m
 [32mÔťô[39m src/components/business/SearchHistory/__tests__/SearchHistory.test.tsx [2m([22m[2m16 tests[22m[2m)[22m[33m 931[2mms[22m[39m
[90mstderr[2m | src/app/(blue)/checkout/__tests__/page.test.tsx[2m > [22m[2mCheckoutPage[2m > [22m[2mđÉ
đ▓ĐéđżĐÇđŞđĚđżđ▓đ░đŻđŻĐőđ╣ đ┐đżđ╗ĐîđĚđżđ▓đ░ĐéđÁđ╗Đî[2m > [22m[2mđ┤đżđ╗đÂđÁđŻ đżĐéđżđ▒ĐÇđ░đÂđ░ĐéĐî đ┐ĐÇđŞđ▓đÁ
ĐéĐüĐéđ▓đŞđÁ Đü đŞđ╝đÁđŻđÁđ╝ đ┐đżđ╗ĐîđĚđżđ▓đ░ĐéđÁđ╗ĐĆ
[22m[39mFailed to fetch delivery methods: TypeError: Cannot read properties of undefined (reading 'accessToke
n')
    at C:/Users/1/DEV/FREESPORT/frontend/src/services/api-client.ts:97:41
[90m    at processTicksAndRejections (node:internal/process/task_queues:103:5)[39m
    at Axios.request [90m(file:///C:/Users/1/DEV/FREESPORT/frontend/[39mnode_modules/[4maxios[24m/lib/core/
Axios.js:40:14[90m)[39m
    at Object.getDeliveryMethods (C:/Users/1/DEV/FREESPORT/frontend/src/services/deliveryService.ts:14:22)
    at fetchMethods (C:/Users/1/DEV/FREESPORT/frontend/src/components/checkout/DeliveryOptions.tsx:41:22)

 [32mÔťô[39m src/components/ui/Pagination/__tests__/Pagination.test.tsx [2m([22m[2m29 tests[22m[2m)[22m[33m 1001[2mms[22m[39m
[90mstderr[2m | src/app/(blue)/checkout/__tests__/page.test.tsx[2m > [22m[2mCheckoutPage[2m > [22m[2mđÉ
đ▓ĐéđżĐÇđŞđĚđżđ▓đ░đŻđŻĐőđ╣ đ┐đżđ╗ĐîđĚđżđ▓đ░ĐéđÁđ╗Đî[2m > [22m[2mđ┤đżđ╗đÂđÁđŻ đżĐéđżđ▒ĐÇđ░đÂđ░ĐéĐî ĐäđżĐÇđ╝Đâ
 checkout
[22m[39mFailed to fetch delivery methods: TypeError: Cannot read properties of undefined (reading 'accessToke
n')
    at C:/Users/1/DEV/FREESPORT/frontend/src/services/api-client.ts:97:41
[90m    at processTicksAndRejections (node:internal/process/task_queues:103:5)[39m
    at Axios.request [90m(file:///C:/Users/1/DEV/FREESPORT/frontend/[39mnode_modules/[4maxios[24m/lib/core/
Axios.js:40:14[90m)[39m
    at Object.getDeliveryMethods (C:/Users/1/DEV/FREESPORT/frontend/src/services/deliveryService.ts:14:22)
    at fetchMethods (C:/Users/1/DEV/FREESPORT/frontend/src/components/checkout/DeliveryOptions.tsx:41:22)

[90mstderr[2m | src/app/(blue)/checkout/__tests__/page.test.tsx[2m > [22m[2mCheckoutPage[2m > [22m[2mđÉ
đ▓ĐéđżĐÇđŞđĚđżđ▓đ░đŻđŻĐőđ╣ đ┐đżđ╗ĐîđĚđżđ▓đ░ĐéđÁđ╗Đî[2m > [22m[2mđ┤đżđ╗đÂđÁđŻ đ░đ▓ĐéđżđĚđ░đ┐đżđ╗đŻđŞĐéĐî đ┤đ░
đŻđŻĐőđÁ đ┐đżđ╗ĐîđĚđżđ▓đ░ĐéđÁđ╗ĐĆ
[22m[39mFailed to fetch delivery methods: TypeError: Cannot read properties of undefined (reading 'accessToke
n')
    at C:/Users/1/DEV/FREESPORT/frontend/src/services/api-client.ts:97:41
[90m    at processTicksAndRejections (node:internal/process/task_queues:103:5)[39m
    at Axios.request [90m(file:///C:/Users/1/DEV/FREESPORT/frontend/[39mnode_modules/[4maxios[24m/lib/core/
Axios.js:40:14[90m)[39m
    at Object.getDeliveryMethods (C:/Users/1/DEV/FREESPORT/frontend/src/services/deliveryService.ts:14:22)
    at fetchMethods (C:/Users/1/DEV/FREESPORT/frontend/src/components/checkout/DeliveryOptions.tsx:41:22)

[90mstderr[2m | src/app/(blue)/checkout/__tests__/page.test.tsx[2m > [22m[2mCheckoutPage[2m > [22m[2mđŁ
đÁđ░đ▓ĐéđżĐÇđŞđĚđżđ▓đ░đŻđŻĐőđ╣ đ┐đżđ╗ĐîđĚđżđ▓đ░ĐéđÁđ╗Đî[2m > [22m[2mđ┤đżđ╗đÂđÁđŻ đżĐéđżđ▒ĐÇđ░đÂđ░ĐéĐî ĐäđżĐÇ
đ╝Đâ checkout đ▒đÁđĚ đ┐ĐÇđŞđ▓đÁĐéĐüĐéđ▓đŞĐĆ
[22m[39mFailed to fetch delivery methods: TypeError: Cannot read properties of undefined (reading 'accessToke
n')
    at C:/Users/1/DEV/FREESPORT/frontend/src/services/api-client.ts:97:41
[90m    at processTicksAndRejections (node:internal/process/task_queues:103:5)[39m
    at Axios.request [90m(file:///C:/Users/1/DEV/FREESPORT/frontend/[39mnode_modules/[4maxios[24m/lib/core/
Axios.js:40:14[90m)[39m
    at Object.getDeliveryMethods (C:/Users/1/DEV/FREESPORT/frontend/src/services/deliveryService.ts:14:22)
    at fetchMethods (C:/Users/1/DEV/FREESPORT/frontend/src/components/checkout/DeliveryOptions.tsx:41:22)

[90mstderr[2m | src/app/(blue)/checkout/__tests__/page.test.tsx[2m > [22m[2mCheckoutPage[2m > [22m[2mđŁ
đÁđ░đ▓ĐéđżĐÇđŞđĚđżđ▓đ░đŻđŻĐőđ╣ đ┐đżđ╗ĐîđĚđżđ▓đ░ĐéđÁđ╗Đî[2m > [22m[2mđ┤đżđ╗đÂđÁđŻ đżĐéđżđ▒ĐÇđ░đÂđ░ĐéĐî đ┐ĐâĐü
ĐéĐâĐÄ ĐäđżĐÇđ╝Đâ
[22m[39mFailed to fetch delivery methods: TypeError: Cannot read properties of undefined (reading 'accessToke
n')
    at C:/Users/1/DEV/FREESPORT/frontend/src/services/api-client.ts:97:41
[90m    at processTicksAndRejections (node:internal/process/task_queues:103:5)[39m
    at Axios.request [90m(file:///C:/Users/1/DEV/FREESPORT/frontend/[39mnode_modules/[4maxios[24m/lib/core/
Axios.js:40:14[90m)[39m
    at Object.getDeliveryMethods (C:/Users/1/DEV/FREESPORT/frontend/src/services/deliveryService.ts:14:22)
    at fetchMethods (C:/Users/1/DEV/FREESPORT/frontend/src/components/checkout/DeliveryOptions.tsx:41:22)

[90mstderr[2m | src/app/(blue)/checkout/__tests__/page.test.tsx[2m > [22m[2mCheckoutPage[2m > [22m[2mđŚ
đ░đ│đżđ╗đżđ▓đżđ║ ĐüĐéĐÇđ░đŻđŞĐćĐő[2m > [22m[2mđ┤đżđ╗đÂđÁđŻ đżĐéđżđ▒ĐÇđ░đÂđ░ĐéĐî đĚđ░đ│đżđ╗đżđ▓đżđ║ "đ×ĐäđżĐÇ
đ╝đ╗đÁđŻđŞđÁ đĚđ░đ║đ░đĚđ░"
[22m[39mFailed to fetch delivery methods: TypeError: Cannot read properties of undefined (reading 'accessToke
n')
    at C:/Users/1/DEV/FREESPORT/frontend/src/services/api-client.ts:97:41
[90m    at processTicksAndRejections (node:internal/process/task_queues:103:5)[39m
    at Axios.request [90m(file:///C:/Users/1/DEV/FREESPORT/frontend/[39mnode_modules/[4maxios[24m/lib/core/
Axios.js:40:14[90m)[39m
    at Object.getDeliveryMethods (C:/Users/1/DEV/FREESPORT/frontend/src/services/deliveryService.ts:14:22)
    at fetchMethods (C:/Users/1/DEV/FREESPORT/frontend/src/components/checkout/DeliveryOptions.tsx:41:22)

[90mstderr[2m | src/app/(blue)/checkout/__tests__/page.test.tsx[2m > [22m[2mCheckoutPage[2m > [22m[2mđ×
Đéđżđ▒ĐÇđ░đÂđÁđŻđŞđÁ đ║đżĐÇđĚđŞđŻĐő[2m > [22m[2mđ┤đżđ╗đÂđÁđŻ đżĐéđżđ▒ĐÇđ░đÂđ░ĐéĐî Đéđżđ▓đ░ĐÇĐő đŞđĚ đ║đżĐÇđĚ
đŞđŻĐő đ▓ OrderSummary
[22m[39mFailed to fetch delivery methods: TypeError: Cannot read properties of undefined (reading 'accessToke
n')
    at C:/Users/1/DEV/FREESPORT/frontend/src/services/api-client.ts:97:41
[90m    at processTicksAndRejections (node:internal/process/task_queues:103:5)[39m
    at Axios.request [90m(file:///C:/Users/1/DEV/FREESPORT/frontend/[39mnode_modules/[4maxios[24m/lib/core/
Axios.js:40:14[90m)[39m
    at Object.getDeliveryMethods (C:/Users/1/DEV/FREESPORT/frontend/src/services/deliveryService.ts:14:22)
    at fetchMethods (C:/Users/1/DEV/FREESPORT/frontend/src/components/checkout/DeliveryOptions.tsx:41:22)

[90mstderr[2m | src/app/(blue)/checkout/__tests__/page.test.tsx[2m > [22m[2mCheckoutPage[2m > [22m[2mđ×
Đéđżđ▒ĐÇđ░đÂđÁđŻđŞđÁ đ║đżĐÇđĚđŞđŻĐő[2m > [22m[2mđ┤đżđ╗đÂđÁđŻ đ┐đżđ║đ░đĚĐőđ▓đ░ĐéĐî Đüđżđżđ▒ĐëđÁđŻđŞđÁ đż đ┐Đâ
ĐüĐéđżđ╣ đ║đżĐÇđĚđŞđŻđÁ
[22m[39mFailed to fetch delivery methods: TypeError: Cannot read properties of undefined (reading 'accessToke
n')
    at C:/Users/1/DEV/FREESPORT/frontend/src/services/api-client.ts:97:41
[90m    at processTicksAndRejections (node:internal/process/task_queues:103:5)[39m
    at Axios.request [90m(file:///C:/Users/1/DEV/FREESPORT/frontend/[39mnode_modules/[4maxios[24m/lib/core/
Axios.js:40:14[90m)[39m
    at Object.getDeliveryMethods (C:/Users/1/DEV/FREESPORT/frontend/src/services/deliveryService.ts:14:22)
    at fetchMethods (C:/Users/1/DEV/FREESPORT/frontend/src/components/checkout/DeliveryOptions.tsx:41:22)

 [32mÔťô[39m src/app/(blue)/checkout/__tests__/page.test.tsx [2m([22m[2m8 tests[22m[2m)[22m[33m 1009[2mms[22m[39m
       [33m[2mÔťô[22m[39m đ┤đżđ╗đÂđÁđŻ đżĐéđżđ▒ĐÇđ░đÂđ░ĐéĐî đ┐ĐÇđŞđ▓đÁĐéĐüĐéđ▓đŞđÁ Đü đŞđ╝đÁđŻđÁđ╝ đ┐đżđ╗ĐîđĚđżđ▓đ░ĐéđÁđ╗ĐĆ [33m 386[2mms[22m[39m
 [32mÔťô[39m src/app/(blue)/news/__tests__/page.test.tsx [2m([22m[2m23 tests[22m[2m)[22m[33m 478[2mms[22m[39m
 [32mÔťô[39m src/components/home/__tests__/NewsSection.test.tsx [2m([22m[2m10 tests[22m[2m)[22m[33m 721[2mms[22m[39m
 [32mÔťô[39m src/components/checkout/__tests__/ContactSection.test.tsx [2m([22m[2m12 tests[22m[2m)[22m[33m 744[2mms[22m[39m
 [32mÔťô[39m src/components/cart/__tests__/CartItemCard.test.tsx [2m([22m[2m28 tests[22m[2m)[22m[33m 677[2mms[22m[39m
 [32mÔťô[39m src/components/ui/InfoPanel/__tests__/InfoPanel.test.tsx [2m([22m[2m35 tests[22m[2m)[22m[33m 440[2mms[22m[39m
 [32mÔťô[39m src/components/cart/__tests__/CartSummary.test.tsx [2m([22m[2m19 tests[22m[2m)[22m[33m 411[2mms[22m[39m
 [32mÔťô[39m src/components/checkout/__tests__/AddressSection.test.tsx [2m([22m[2m13 tests[22m[2m)[22m[33m 961[2mms[22m[39m
 [32mÔťô[39m src/components/ui/Accordion/Accordion.test.tsx [2m([22m[2m16 tests[22m[2m)[22m[33m 1050[2mms[22m[39m
 [32mÔťô[39m src/components/ui/ConfirmDialog/__tests__/ConfirmDialog.test.tsx [2m([22m[2m12 tests[22m[2m)[22m[33m 693[2mms[22m[39m
 [32mÔťô[39m src/components/business/OrdersList/OrdersList.test.tsx [2m([22m[2m11 tests[22m[2m)[22m[33m 609[2mms[22m[39m
 [32mÔťô[39m src/components/cart/__tests__/PromoCodeInput.test.tsx [2m([22m[2m22 tests[22m[2m)[22m[33m 723[2mms[22m[39m
 [32mÔťô[39m src/components/ui/Breadcrumb/__tests__/Breadcrumb.test.tsx [2m([22m[2m21 tests[22m[2m)[22m[33m 393[2mms[22m[39m
 [32mÔťô[39m src/components/ui/Tabs/__tests__/Tabs.test.tsx [2m([22m[2m28 tests[22m[2m)[22m[33m 619[2mms[22m[39m
 [32mÔťô[39m src/components/home/__tests__/CategoryCard.test.tsx [2m([22m[2m42 tests[22m[2m)[22m[33m 659[2mms[22m[39m
[90mstderr[2m | src/components/home/__tests__/HeroSection.test.tsx[2m > [22m[2mHeroSection Component[2m >
 [22m[2mFallback đŻđ░ ĐüĐéđ░ĐéđŞĐçđÁĐüđ║đŞđÁ đ▒đ░đŻđŻđÁĐÇĐő[2m > [22m[2mđ┤đżđ╗đÂđÁđŻ đżĐéđżđ▒ĐÇđ░đÂđ░ĐéĐî 
ĐüĐéđ░ĐéđŞĐçđÁĐüđ║đŞđ╣ đ▒đ░đŻđŻđÁĐÇ đ┐ĐÇđŞ đżĐłđŞđ▒đ║đÁ API
[22m[39mFailed to load banners: Error: API Error
    at C:/Users/1/DEV/FREESPORT/frontend/src/components/home/__tests__/HeroSection.test.tsx:138:61
    at [90mfile:///C:/Users/1/DEV/FREESPORT/frontend/[39mnode_modules/[4m@vitest/runner[24m/dist/index.js:1
45:11
    at [90mfile:///C:/Users/1/DEV/FREESPORT/frontend/[39mnode_modules/[4m@vitest/runner[24m/dist/index.js:9
15:26
    at [90mfile:///C:/Users/1/DEV/FREESPORT/frontend/[39mnode_modules/[4m@vitest/runner[24m/dist/index.js:1
240:20
    at new Promise (<anonymous>)
    at runWithTimeout [90m(file:///C:/Users/1/DEV/FREESPORT/frontend/[39mnode_modules/[4m@vitest/runner[24m
/dist/index.js:1206:10[90m)[39m
    at [90mfile:///C:/Users/1/DEV/FREESPORT/frontend/[39mnode_modules/[4m@vitest/runner[24m/dist/index.js:1
650:37
    at Traces.$ [90m(file:///C:/Users/1/DEV/FREESPORT/frontend/[39mnode_modules/[4mvitest[24m/dist/chunks/t
races.U4xDYhzZ.js:115:27[90m)[39m
    at trace [90m(file:///C:/Users/1/DEV/FREESPORT/frontend/[39mnode_modules/[4mvitest[24m/dist/chunks/test
.BT8LKgU9.js:239:21[90m)[39m
    at runTest [90m(file:///C:/Users/1/DEV/FREESPORT/frontend/[39mnode_modules/[4m@vitest/runner[24m/dist/i
ndex.js:1650:12[90m)[39m

[90mstderr[2m | src/components/home/__tests__/HeroSection.test.tsx[2m > [22m[2mHeroSection Component[2m >
 [22m[2mFallback đŻđ░ ĐüĐéđ░ĐéđŞĐçđÁĐüđ║đŞđÁ đ▒đ░đŻđŻđÁĐÇĐő[2m > [22m[2mđ┤đżđ╗đÂđÁđŻ đżĐéđżđ▒ĐÇđ░đÂđ░ĐéĐî 
B2B ĐüĐéđ░ĐéđŞĐçđÁĐüđ║đŞđ╣ đ▒đ░đŻđŻđÁĐÇ đ┤đ╗ĐĆ wholesale đ┐đżđ╗ĐîđĚđżđ▓đ░ĐéđÁđ╗ĐĆ đ┐ĐÇđŞ đżĐłđŞđ▒đ║đÁ API
[22m[39mFailed to load banners: Error: API Error
    at C:/Users/1/DEV/FREESPORT/frontend/src/components/home/__tests__/HeroSection.test.tsx:182:61
    at [90mfile:///C:/Users/1/DEV/FREESPORT/frontend/[39mnode_modules/[4m@vitest/runner[24m/dist/index.js:1
45:11
    at [90mfile:///C:/Users/1/DEV/FREESPORT/frontend/[39mnode_modules/[4m@vitest/runner[24m/dist/index.js:9
15:26
    at [90mfile:///C:/Users/1/DEV/FREESPORT/frontend/[39mnode_modules/[4m@vitest/runner[24m/dist/index.js:1
240:20
    at new Promise (<anonymous>)
    at runWithTimeout [90m(file:///C:/Users/1/DEV/FREESPORT/frontend/[39mnode_modules/[4m@vitest/runner[24m
/dist/index.js:1206:10[90m)[39m
    at [90mfile:///C:/Users/1/DEV/FREESPORT/frontend/[39mnode_modules/[4m@vitest/runner[24m/dist/index.js:1
650:37
    at Traces.$ [90m(file:///C:/Users/1/DEV/FREESPORT/frontend/[39mnode_modules/[4mvitest[24m/dist/chunks/t
races.U4xDYhzZ.js:115:27[90m)[39m
    at trace [90m(file:///C:/Users/1/DEV/FREESPORT/frontend/[39mnode_modules/[4mvitest[24m/dist/chunks/test
.BT8LKgU9.js:239:21[90m)[39m
    at runTest [90m(file:///C:/Users/1/DEV/FREESPORT/frontend/[39mnode_modules/[4m@vitest/runner[24m/dist/i
ndex.js:1650:12[90m)[39m

[90mstderr[2m | src/components/home/__tests__/HeroSection.test.tsx[2m > [22m[2mHeroSection Component[2m >
 [22m[2mFallback đŻđ░ ĐüĐéđ░ĐéđŞĐçđÁĐüđ║đŞđÁ đ▒đ░đŻđŻđÁĐÇĐő[2m > [22m[2mđ┤đżđ╗đÂđÁđŻ đżĐéđżđ▒ĐÇđ░đÂđ░ĐéĐî 
B2C ĐüĐéđ░ĐéđŞĐçđÁĐüđ║đŞđ╣ đ▒đ░đŻđŻđÁĐÇ đ┤đ╗ĐĆ retail đ┐đżđ╗ĐîđĚđżđ▓đ░ĐéđÁđ╗ĐĆ đ┐ĐÇđŞ đżĐłđŞđ▒đ║đÁ API
[22m[39mFailed to load banners: Error: API Error
    at C:/Users/1/DEV/FREESPORT/frontend/src/components/home/__tests__/HeroSection.test.tsx:211:61
    at [90mfile:///C:/Users/1/DEV/FREESPORT/frontend/[39mnode_modules/[4m@vitest/runner[24m/dist/index.js:1
45:11
    at [90mfile:///C:/Users/1/DEV/FREESPORT/frontend/[39mnode_modules/[4m@vitest/runner[24m/dist/index.js:9
15:26
    at [90mfile:///C:/Users/1/DEV/FREESPORT/frontend/[39mnode_modules/[4m@vitest/runner[24m/dist/index.js:1
240:20
    at new Promise (<anonymous>)
    at runWithTimeout [90m(file:///C:/Users/1/DEV/FREESPORT/frontend/[39mnode_modules/[4m@vitest/runner[24m
/dist/index.js:1206:10[90m)[39m
    at [90mfile:///C:/Users/1/DEV/FREESPORT/frontend/[39mnode_modules/[4m@vitest/runner[24m/dist/index.js:1
650:37
    at Traces.$ [90m(file:///C:/Users/1/DEV/FREESPORT/frontend/[39mnode_modules/[4mvitest[24m/dist/chunks/t
races.U4xDYhzZ.js:115:27[90m)[39m
    at trace [90m(file:///C:/Users/1/DEV/FREESPORT/frontend/[39mnode_modules/[4mvitest[24m/dist/chunks/test
.BT8LKgU9.js:239:21[90m)[39m
    at runTest [90m(file:///C:/Users/1/DEV/FREESPORT/frontend/[39mnode_modules/[4m@vitest/runner[24m/dist/i
ndex.js:1650:12[90m)[39m

 [32mÔťô[39m src/components/home/__tests__/HeroSection.test.tsx [2m([22m[2m13 tests[22m[2m)[22m[33m 581[2mms[22m[39m
 [32mÔťô[39m src/services/__tests__/productsService.integration.test.ts [2m([22m[2m10 tests[22m[2m)[22m[32m 177[2mms[22m[39m
 [32mÔťô[39m src/__tests__/stores/authStore.test.ts [2m([22m[2m6 tests[22m[2m)[22m[33m 457[2mms[22m[39m
     [33m[2mÔťô[22m[39m calls authService.logoutFromServer with refresh token from localStorage [33m 376[2mms[22m[39m
 [32mÔťô[39m src/stores/__tests__/authStore.test.ts [2m([22m[2m4 tests[22m[2m)[22m[33m 323[2mms[22m[39m
     [33m[2mÔťô[22m[39m logout clears all data [33m 305[2mms[22m[39m
 [32mÔťô[39m src/app/(blue)/news/[slug]/__tests__/page.test.tsx [2m([22m[2m26 tests[22m[2m)[22m[33m 515[2mms[22m[39m
 [32mÔťô[39m src/components/ui/Toggle/__tests__/Toggle.test.tsx [2m([22m[2m24 tests[22m[2m)[22m[33m 336[2mms[22m[39m
 [32mÔťô[39m src/components/cart/__tests__/CartError.test.tsx [2m([22m[2m14 tests[22m[2m)[22m[33m 322[2mms[22m[39m
 [32mÔťô[39m src/components/cart/__tests__/QuantitySelector.test.tsx [2m([22m[2m34 tests[22m[2m)[22m[33m 487[2mms[22m[39m
 [32mÔťô[39m src/components/ui/Toast/__tests__/Toast.test.tsx [2m([22m[2m12 tests[22m[2m)[22m[32m 292[2mms[22m[39m
 [32mÔťô[39m src/components/ui/SupportPanel/__tests__/SupportPanel.test.tsx [2m([22m[2m32 tests[22m[2m)[22m[33m 416[2mms[22m[39m
 [32mÔťô[39m src/components/ui/PriceRangeSlider/__tests__/PriceRangeSlider.test.tsx [2m([22m[2m8 tests[22m[2m)[22m[33m 348[2mms[22m[39m
 [32mÔťô[39m src/app/(blue)/blog/__tests__/page.test.tsx [2m([22m[2m23 tests[22m[2m)[22m[33m 563[2mms[22m[39m
 [32mÔťô[39m src/components/product/__tests__/ProductImageGallery.test.tsx [2m([22m[2m15 tests[22m[2m)[22m[33m 510[2mms[22m[39m
 [32mÔťô[39m src/components/cart/__tests__/EmptyCart.test.tsx [2m([22m[2m14 tests[22m[2m)[22m[32m 239[2mms[22m[39m
 [32mÔťô[39m src/components/product/__tests__/ProductInfo.test.tsx [2m([22m[2m15 tests[22m[2m)[22m[33m 367[2mms[22m[39m
 [32mÔťô[39m src/components/home/__tests__/AboutTeaser.test.tsx [2m([22m[2m11 tests[22m[2m)[22m[33m 561[2mms[22m[39m
 [32mÔťô[39m src/components/ui/Select/__tests__/Select.test.tsx [2m([22m[2m15 tests[22m[2m)[22m[33m 332[2mms[22m[39m
 [32mÔťô[39m src/components/layout/__tests__/ProfileLayout.test.tsx [2m([22m[2m11 tests[22m[2m)[22m[33m 470[2mms[22m[39m
 [32mÔťô[39m src/components/business/EmptySearchResults/__tests__/EmptySearchResults.test.tsx [2m([22m[2m15 tests[22m[2m)[22m[33m 352[2mms[22m[39m
 [32mÔťô[39m src/components/product/__tests__/ProductBreadcrumbs.test.tsx [2m([22m[2m10 tests[22m[2m)[22m[33m 309[2mms[22m[39m
 [32mÔťô[39m src/components/home/__tests__/NewsCard.test.tsx [2m([22m[2m7 tests[22m[2m)[22m[32m 254[2mms[22m[39m
 [32mÔťô[39m src/components/ui/Button/__tests__/Button.test.tsx [2m([22m[2m17 tests[22m[2m)[22m[32m 285[2mms[22m[39m
 [32mÔťô[39m src/components/home/__tests__/WhyFreesportSection.test.tsx [2m([22m[2m6 tests[22m[2m)[22m[32m 300[2mms[22m[39m
 [32mÔťô[39m src/components/home/__tests__/DeliveryTeaser.test.tsx [2m([22m[2m10 tests[22m[2m)[22m[33m 535[2mms[22m[39m
 [32mÔťô[39m src/components/product/__tests__/ProductSpecs.test.tsx [2m([22m[2m10 tests[22m[2m)[22m[32m 154[2mms[22m[39m
 [32mÔťô[39m src/components/business/OrderCard/OrderCard.test.tsx [2m([22m[2m8 tests[22m[2m)[22m[33m 402[2mms[22m[39m
 [32mÔťô[39m src/components/cart/__tests__/CartSkeleton.test.tsx [2m([22m[2m9 tests[22m[2m)[22m[32m 231[2mms[22m[39m
 [32mÔťô[39m src/services/__tests__/productsService.test.ts [2m([22m[2m8 tests[22m[2m)[22m[32m 249[2mms[22m[39m
 [32mÔťô[39m src/components/business/AddressCard/AddressCard.test.tsx [2m([22m[2m8 tests[22m[2m)[22m[33m 345[2mms[22m[39m
 [32mÔťô[39m src/components/ui/Badge/__tests__/Badge.test.tsx [2m([22m[2m30 tests[22m[2m)[22m[33m 343[2mms[22m[39m
 [32mÔťô[39m src/components/business/FavoriteProductCard/FavoriteProductCard.test.tsx [2m([22m[2m8 tests[22m[2m)[22m[33m 333[2mms[22m[39m
 [32mÔťô[39m src/components/ui/SortSelect/__tests__/SortSelect.test.tsx [2m([22m[2m10 tests[22m[2m)[22m[33m 325[2mms[22m[39m
 [32mÔťô[39m src/components/ui/Input/__tests__/PasswordInput.test.tsx [2m([22m[2m4 tests[22m[2m)[22m[32m 201[2mms[22m[39m
 [32mÔťô[39m src/components/ui/FeatureCard/FeatureCard.test.tsx [2m([22m[2m9 tests[22m[2m)[22m[32m 160[2mms[22m[39m
 [32mÔťô[39m src/services/__tests__/deliveryService.test.ts [2m([22m[2m5 tests[22m[2m)[22m[32m 128[2mms[22m[39m
 [32mÔťô[39m src/components/ui/StatCounter/StatCounter.test.tsx [2m([22m[2m10 tests[22m[2m)[22m[33m 318[2mms[22m[39m
 [32mÔťô[39m src/components/ui/Spinner/__tests__/Spinner.test.tsx [2m([22m[2m20 tests[22m[2m)[22m[32m 237[2mms[22m[39m
 [32mÔťô[39m src/components/ui/Card/__tests__/Card.test.tsx [2m([22m[2m12 tests[22m[2m)[22m[32m 150[2mms[22m[39m
 [32mÔťô[39m src/components/ui/ProcessSteps/ProcessSteps.test.tsx [2m([22m[2m15 tests[22m[2m)[22m[32m 242[2mms[22m[39m
 [32mÔťô[39m src/services/__tests__/authService.test.ts [2m([22m[2m7 tests[22m[2m)[22m[32m 132[2mms[22m[39m
 [32mÔťô[39m src/components/business/OrderStatusBadge/OrderStatusBadge.test.tsx [2m([22m[2m11 tests[22m[2m)[22m[32m 176[2mms[22m[39m
 [32mÔťô[39m src/__tests__/services/authService.test.ts [2m([22m[2m6 tests[22m[2m)[22m[32m 229[2mms[22m[39m
 [32mÔťô[39m src/stores/__tests__/orderStore.test.ts [2m([22m[2m12 tests[22m[2m | [22m[33m3 skipped[39m[2m)[22m[32m 169[2mms[22m[39m
 [32mÔťô[39m src/components/ui/FilterGroup/__tests__/FilterGroup.test.tsx [2m([22m[2m8 tests[22m[2m)[22m[32m 247[2mms[22m[39m
 [32mÔťô[39m src/services/__tests__/bannersService.test.ts [2m([22m[2m5 tests[22m[2m)[22m[32m 103[2mms[22m[39m
 [32mÔťô[39m src/components/ui/Input/__tests__/Input.test.tsx [2m([22m[2m11 tests[22m[2m)[22m[32m 211[2mms[22m[39m
 [32mÔťô[39m src/services/__tests__/cartService.test.ts [2m([22m[2m9 tests[22m[2m)[22m[32m 151[2mms[22m[39m
[90mstderr[2m | src/services/__tests__/ordersService.test.ts[2m > [22m[2mordersService[2m > [22m[2mpars
eApiError[2m > [22m[2mđ┐đ░ĐÇĐüđŞĐé 400 đżĐłđŞđ▒đ║Đâ Đü details.items
[22m[39mAPI Validation Error: {
  "error": "Validation failed",
  "details": {
    "items": [
      "đóđżđ▓đ░ĐÇ đĚđ░đ║đżđŻĐçđŞđ╗ĐüĐĆ đŻđ░ Đüđ║đ╗đ░đ┤đÁ"
    ]
  }
}

[90mstderr[2m | src/services/__tests__/ordersService.test.ts[2m > [22m[2mordersService[2m > [22m[2mpars
eApiError[2m > [22m[2mđ┐đ░ĐÇĐüđŞĐé 400 đżĐłđŞđ▒đ║Đâ Đü error đ┐đżđ╗đÁđ╝
[22m[39mAPI Validation Error: {
  "error": "đŁđÁđ║đżĐÇĐÇđÁđ║ĐéđŻĐőđÁ đ┤đ░đŻđŻĐőđÁ"
}

[90mstderr[2m | src/services/__tests__/ordersService.test.ts[2m > [22m[2mordersService[2m > [22m[2mcrea
teOrder[2m > [22m[2mđżđ▒ĐÇđ░đ▒đ░ĐéĐőđ▓đ░đÁĐé đŻđÁđ┤đżĐüĐéĐâđ┐đŻĐőđ╣ Đéđżđ▓đ░ĐÇ (variant_id=999)
[22m[39mAPI Validation Error: {
  "error": "Validation failed",
  "details": {
    "items": [
      "đóđżđ▓đ░ĐÇ Đü ID 999 đĚđ░đ║đżđŻĐçđŞđ╗ĐüĐĆ đŻđ░ Đüđ║đ╗đ░đ┤đÁ"
    ]
  }
}

 [32mÔťô[39m src/services/__tests__/ordersService.test.ts [2m([22m[2m17 tests[22m[2m | [22m[33m3 skipped[39m[2m)[22m[32m 179[2mms[22m[39m
 [32mÔťô[39m src/components/ui/Skeleton/__tests__/Skeleton.test.tsx [2m([22m[2m18 tests[22m[2m)[22m[32m 287[2mms[22m[39m
 [32mÔťô[39m src/components/business/SearchResults/__tests__/SearchResults.test.tsx [2m([22m[2m9 tests[22m[2m)[22m[32m 166[2mms[22m[39m
 [32mÔťô[39m src/services/__tests__/addressService.test.ts [2m([22m[2m8 tests[22m[2m)[22m[32m 138[2mms[22m[39m
 [32mÔťô[39m src/services/__tests__/favoriteService.test.ts [2m([22m[2m8 tests[22m[2m)[22m[32m 127[2mms[22m[39m
 [32mÔťô[39m src/components/common/__tests__/ProductBadge.test.tsx [2m([22m[2m12 tests[22m[2m)[22m[32m 220[2mms[22m[39m
[90mstderr[2m | src/components/ui/Checkbox/__tests__/Checkbox.test.tsx[2m > [22m[2mCheckbox[2m > [22m[2
mhas motion-reduce class for animations
[22m[39mYou provided a `checked` prop to a form field without an `onChange` handler. This will render a read-
only field. If the field should be mutable use `defaultChecked`. Otherwise, set either `onChange` or `readOnly`
.

 [32mÔťô[39m src/components/ui/Checkbox/__tests__/Checkbox.test.tsx [2m([22m[2m7 tests[22m[2m)[22m[32m 191[2mms[22m[39m
 [32mÔťô[39m src/hooks/__tests__/useSearchHistory.test.ts [2m([22m[2m16 tests[22m[2m)[22m[32m 132[2mms[22m[39m
 [32mÔťô[39m src/services/__tests__/categoriesService.test.ts [2m([22m[2m5 tests[22m[2m)[22m[32m 111[2mms[22m[39m
 [32mÔťô[39m src/schemas/__tests__/authSchemas.test.ts [2m([22m[2m27 tests[22m[2m)[22m[32m 62[2mms[22m[39m
 [32mÔťô[39m src/stores/__tests__/cartStore.test.ts [2m([22m[2m10 tests[22m[2m)[22m[32m 139[2mms[22m[39m
 [32mÔťô[39m src/components/auth/__tests__/RoleInfoPanel.test.tsx [2m([22m[2m5 tests[22m[2m)[22m[32m 117[2mms[22m[39m
 [32mÔťô[39m src/utils/__tests__/pricing.test.ts [2m([22m[2m17 tests[22m[2m)[22m[32m 60[2mms[22m[39m
 [32mÔťô[39m src/components/ui/Tag/__tests__/Tag.test.tsx [2m([22m[2m20 tests[22m[2m)[22m[32m 154[2mms[22m[39m
 [32mÔťô[39m src/app/(blue)/product/[slug]/__tests__/page.test.tsx [2m([22m[2m10 tests[22m[2m)[22m[32m 30[2mms[22m[39m
 [32mÔťô[39m src/services/__tests__/blogService.test.ts [2m([22m[2m6 tests[22m[2m)[22m[32m 25[2mms[22m[39m
 [32mÔťô[39m src/__tests__/eslint.config.test.ts [2m([22m[2m10 tests[22m[2m)[22m[32m 20[2mms[22m[39m
 [32mÔťô[39m src/__tests__/prettier.config.test.ts [2m([22m[2m13 tests[22m[2m)[22m[32m 24[2mms[22m[39m
 [32mÔťô[39m src/__tests__/utils/b2b-validators.test.ts [2m([22m[2m20 tests[22m[2m)[22m[32m 19[2mms[22m[39m
 [32mÔťô[39m src/__tests__/docker-environment.test.ts [2m([22m[2m9 tests[22m[2m | [22m[33m2 skipped[39m[2m)[22m[32m 10[2mms[22m[39m
 [32mÔťô[39m src/__tests__/design-system/accessibility.test.ts [2m([22m[2m23 tests[22m[2m)[22m[32m 13[2mms[22m[39m
 [32mÔťô[39m src/__tests__/middleware.test.ts [2m([22m[2m7 tests[22m[2m)[22m[32m 8[2mms[22m[39m

[31mÔÄ»ÔÄ»ÔÄ»ÔÄ»ÔÄ»ÔÄ»ÔÄ»[39m[1m[41m Failed Tests 9 [49m[22m[31mÔÄ»ÔÄ»ÔÄ»ÔÄ»ÔÄ»ÔÄ»ÔÄ»[39m

[41m[1m FAIL [22m[49m src/__tests__/design-system/tokens.test.ts[2m > [22mDesign System v2.1 - globals.cs
s Tokens[2m > [22mPrimary Colors[2m > [22mđ┤đżđ╗đÂđŻĐő Đüđżđ┤đÁĐÇđÂđ░ĐéĐî đ▓ĐüđÁ primary Đćđ▓đÁĐéđ░
[31m[1mAssertionError[22m: expected '@import \'tailwindcss\';\n\n/**\n * FÔÇŽ' to contain '--color-primary: 
#0060ff'[39m

[32m- Expected[39m
[31m+ Received[39m

[32m- --color-primary: #0060ff[39m
[31m+ @import 'tailwindcss';[39m
[31m+[39m
[31m+ /**[39m
[31m+  * FREESPORT Design System - Tailwind CSS 4.0 Tokens[39m
[31m+  * Based on design-system.json v2.2.0[39m
[31m+  *[39m
[31m+  * MIGRATION NOTE (2026-02-10):[39m
[31m+  * đŽđ▓đÁĐéđżđ▓đ░ĐĆ ĐüĐůđÁđ╝đ░ đżđ▒đŻđżđ▓đ╗đÁđŻđ░ Đü ĐüđŞđŻđÁđ╣ đŻđ░ đżĐÇđ░đŻđÂđÁđ▓ĐâĐÄ (#FF6B00).[39m
[31m+  * đíĐéđŞđ╗Đî "Ozon-Friendly" ĐüđżĐůĐÇđ░đŻđÁđŻ (Đüđ║ĐÇĐâđ│đ╗đÁđŻđŞĐĆ 12px, đ╝ĐĆđ│đ║đŞđÁ ĐéđÁđŻđŞ).[39m
[31m+  * đĄđżđŻđżđ▓Đőđ╣ Đćđ▓đÁĐé đżđ▒đŻđżđ▓đ╗đÁđŻ đŻđ░ đŻđÁđ╣ĐéĐÇđ░đ╗ĐîđŻĐőđ╣ #F8F9FA.[39m
[31m+  */[39m
[31m+[39m
[31m+ @theme inline {[39m
[31m+   /* Colors - Primary (Orange) */[39m
[31m+   --color-primary: #ff6600;[39m
[31m+   --color-primary-hover: #e65c00;[39m
[31m+   --color-primary-active: #cc5200;[39m
[31m+   --color-primary-subtle: #fff4e6;[39m
[31m+[39m
[31m+   /* Colors - Secondary (Cyan/Blue - kept for contrast) */[39m
[31m+   --color-secondary: #00b7ff;[39m
[31m+   --color-secondary-hover: #0095d6;[39m
[31m+   --color-secondary-active: #0078b3;[39m
[31m+   --color-secondary-subtle: #e1f5ff;[39m
[31m+[39m
[31m+   /* Colors - Accent */[39m
[31m+   --color-accent-success: #00aa5b;[39m
[31m+   --color-accent-success-bg: #e0f5e8;[39m
[31m+   --color-accent-warning: #f5a623;[39m
[31m+   --color-accent-warning-bg: #fff1cc;[39m
[31m+   --color-accent-danger: #e53935;[39m
[31m+   --color-accent-danger-bg: #ffe1e8;[39m
[31m+   --color-accent-promo: #ff2e93;[39m
[31m+   --color-accent-promo-bg: #fff0f5;[39m
[31m+[39m
[31m+   /* Colors - Neutral Scale */[39m
[31m+   --color-neutral-100: #ffffff;[39m
[31m+   --color-neutral-200: #f8f9fa;[39m
[31m+   --color-neutral-300: #e3e8f2;[39m
[31m+   --color-neutral-400: #b9c3d6;[39m
[31m+   --color-neutral-500: #8f9bb3;[39m
[31m+   --color-neutral-600: #6b7a99;[39m
[31m+   --color-neutral-700: #4b5c7a;[39m
[31m+   --color-neutral-800: #2d3a52;[39m
[31m+   --color-neutral-900: #1f2a44;[39m
[31m+[39m
[31m+   /* Colors - Text */[39m
[31m+   --color-text-primary: #1f2a44;[39m
[31m+   --color-text-secondary: #4b5c7a;[39m
[31m+   --color-text-muted: #7f8ca8;[39m
[31m+   --color-text-inverse: #ffffff;[39m
[31m+[39m
[31m+   /* Typography - Color Usage (Đüđ┐đÁĐćđŞĐäđŞĐçđÁĐüđ║đŞđÁ Đćđ▓đÁĐéđ░ đ┤đ╗ĐĆ ĐéđŞđ┐đżđ│ĐÇđ░ĐäđŞđ║đŞ) */[
39m
[31m+   --color-typography-primary: #1f2a44;[39m
[31m+   --color-typography-secondary: #4b5c7a;[39m
[31m+   --color-typography-muted: #7f8ca8;[39m
[31m+   --color-typography-inverse: #ffffff;[39m
[31m+[39m
[31m+   /* Typography - Font Family */[39m
[31m+   --font-sans: 'Inter', 'SF Pro Display', -apple-system, BlinkMacSystemFont, 'Segoe UI', sans-serif;[39
m
[31m+[39m
[31m+   /* Typography - Font Sizes */[39m
[31m+   --font-size-display-l: 48px;[39m
[31m+   --font-size-display-m: 40px;[39m
[31m+   --font-size-headline-l: 32px;[39m
[31m+   --font-size-headline-m: 28px;[39m
[31m+   --font-size-title-l: 24px;[39m
[31m+   --font-size-title-m: 20px;[39m
[31m+   --font-size-body-l: 18px;[39m
[31m+   --font-size-body-m: 16px;[39m
[31m+   --font-size-body-s: 14px;[39m
[31m+   --font-size-caption: 12px;[39m
[31m+[39m
[31m+   /* Typography - Line Heights */[39m
[31m+   --line-height-display-l: 56px;[39m
[31m+   --line-height-display-m: 48px;[39m
[31m+   --line-height-headline-l: 40px;[39m
[31m+   --line-height-headline-m: 36px;[39m
[31m+   --line-height-title-l: 32px;[39m
[31m+   --line-height-title-m: 28px;[39m
[31m+   --line-height-body-l: 28px;[39m
[31m+   --line-height-body-m: 24px;[39m
[31m+   --line-height-body-s: 20px;[39m
[31m+   --line-height-caption: 16px;[39m
[31m+[39m
[31m+   /* Spacing Scale */[39m
[31m+   --spacing-1: 4px;[39m
[31m+   --spacing-2: 8px;[39m
[31m+   --spacing-3: 12px;[39m
[31m+   --spacing-4: 16px;[39m
[31m+   --spacing-5: 20px;[39m
[31m+   --spacing-6: 24px;[39m
[31m+   --spacing-8: 32px;[39m
[31m+   --spacing-10: 40px;[39m
[31m+   --spacing-12: 48px;[39m
[31m+   --spacing-14: 56px;[39m
[31m+   --spacing-16: 64px;[39m
[31m+[39m
[31m+   /* Border Radius */[39m
[31m+   --radius-sm: 6px;[39m
[31m+   --radius: 12px;[39m
[31m+   --radius-md: 16px;[39m
[31m+   --radius-lg: 20px;[39m
[31m+   --radius-xl: 24px;[39m
[31m+   --radius-full: 9999px;[39m
[31m+[39m
[31m+   /* Backgrounds */[39m
[31m+   --bg-canvas: #f8f9fa;[39m
[31m+   --bg-panel: #ffffff;[39m
[31m+   --bg-emphasis: linear-gradient(135deg, rgba(255, 102, 0, 0.12), rgba(255, 160, 0, 0.08));[39m
[31m+[39m
[31m+   /* Shadows */[39m
[31m+   --shadow-default: 0 8px 24px rgba(15, 23, 42, 0.08);[39m
[31m+   --shadow-hover: 0 10px 32px rgba(15, 23, 42, 0.12);[39m
[31m+   --shadow-primary: 0 4px 14px rgba(255, 102, 0, 0.35);[39m
[31m+   --shadow-secondary: 0 2px 8px rgba(0, 183, 255, 0.16);[39m
[31m+   --shadow-pressed: inset 0 2px 4px rgba(204, 82, 0, 0.24);[39m
[31m+   --shadow-modal: 0 24px 64px rgba(15, 23, 42, 0.24);[39m
[31m+[39m
[31m+   /* Focus states */[39m
[31m+   --focus-ring: 0 0 0 4px rgba(255, 102, 0, 0.12);[39m
[31m+   --focus-outline: 2px solid rgba(255, 102, 0, 0.6);[39m
[31m+[39m
[31m+   /* Motion */[39m
[31m+   --duration-short: 120ms;[39m
[31m+   --duration-medium: 180ms;[39m
[31m+   --easing: cubic-bezier(0.4, 0, 0.2, 1);[39m
[31m+ }[39m
[31m+[39m
[31m+ :root {[39m
[31m+   --background: var(--color-neutral-100);[39m
[31m+   --foreground: var(--color-text-primary);[39m
[31m+ }[39m
[31m+[39m
[31m+ body {[39m
[31m+   background: var(--background);[39m
[31m+   color: var(--foreground);[39m
[31m+   font-family: var(--font-sans);[39m
[31m+   -webkit-font-smoothing: antialiased;[39m
[31m+   -moz-osx-font-smoothing: grayscale;[39m
[31m+ }[39m
[31m+[39m
[31m+ /* Typography Utility Classes */[39m
[31m+ @layer utilities {[39m
[31m+   .text-display-l {[39m
[31m+     font-size: var(--font-size-display-l);[39m
[31m+     line-height: var(--line-height-display-l);[39m
[31m+     font-weight: 700;[39m
[31m+   }[39m
[31m+[39m
[31m+   .text-display-m {[39m
[31m+     font-size: var(--font-size-display-m);[39m
[31m+     line-height: var(--line-height-display-m);[39m
[31m+     font-weight: 700;[39m
[31m+   }[39m
[31m+[39m
[31m+   .text-headline-l {[39m
[31m+     font-size: var(--font-size-headline-l);[39m
[31m+     line-height: var(--line-height-headline-l);[39m
[31m+     font-weight: 700;[39m
[31m+   }[39m
[31m+[39m
[31m+   .text-headline-m {[39m
[31m+     font-size: var(--font-size-headline-m);[39m
[31m+     line-height: var(--line-height-headline-m);[39m
[31m+     font-weight: 600;[39m
[31m+   }[39m
[31m+[39m
[31m+   .text-title-l {[39m
[31m+     font-size: var(--font-size-title-l);[39m
[31m+     line-height: var(--line-height-title-l);[39m
[31m+     font-weight: 600;[39m
[31m+   }[39m
[31m+[39m
[31m+   .text-title-m {[39m
[31m+     font-size: var(--font-size-title-m);[39m
[31m+     line-height: var(--line-height-title-m);[39m
[31m+     font-weight: 600;[39m
[31m+   }[39m
[31m+[39m
[31m+   .text-body-l {[39m
[31m+     font-size: var(--font-size-body-l);[39m
[31m+     line-height: var(--line-height-body-l);[39m
[31m+     font-weight: 500;[39m
[31m+   }[39m
[31m+[39m
[31m+   .text-body-m {[39m
[31m+     font-size: var(--font-size-body-m);[39m
[31m+     line-height: var(--line-height-body-m);[39m
[31m+     font-weight: 500;[39m
[31m+   }[39m
[31m+[39m
[31m+   .text-body-s {[39m
[31m+     font-size: var(--font-size-body-s);[39m
[31m+     line-height: var(--line-height-body-s);[39m
[31m+     font-weight: 500;[39m
[31m+   }[39m
[31m+[39m
[31m+   .typo-body-l {[39m
[31m+     font-size: var(--font-size-body-l);[39m
[31m+     line-height: var(--line-height-body-l);[39m
[31m+     font-weight: 500;[39m
[31m+   }[39m
[31m+[39m
[31m+   .typo-body-m {[39m
[31m+     font-size: var(--font-size-body-m);[39m
[31m+     line-height: var(--line-height-body-m);[39m
[31m+     font-weight: 500;[39m
[31m+   }[39m
[31m+[39m
[31m+   .typo-body-s {[39m
[31m+     font-size: var(--font-size-body-s);[39m
[31m+     line-height: var(--line-height-body-s);[39m
[31m+     font-weight: 500;[39m
[31m+   }[39m
[31m+[39m
[31m+   .text-caption {[39m
[31m+     font-size: var(--font-size-caption);[39m
[31m+     line-height: var(--line-height-caption);[39m
[31m+     font-weight: 500;[39m
[31m+   }[39m
[31m+ }[39m
[31m+[39m
[31m+ /* Scrollbar Hide Utility (Story 11.2) */[39m
[31m+ @layer utilities {[39m
[31m+   .scrollbar-hide {[39m
[31m+     -ms-overflow-style: none;[39m
[31m+     scrollbar-width: none;[39m
[31m+   }[39m
[31m+[39m
[31m+   .scrollbar-hide::-webkit-scrollbar {[39m
[31m+     display: none;[39m
[31m+   }[39m
[31m+ }[39m
[31m+[39m
[31m+ /* Modal & Toast Animations */[39m
[31m+ @layer utilities {[39m
[31m+   @keyframes fadeIn {[39m
[31m+     from {[39m
[31m+       opacity: 0;[39m
[31m+     }[39m
[31m+[39m
[31m+     to {[39m
[31m+       opacity: 1;[39m
[31m+     }[39m
[31m+   }[39m
[31m+[39m
[31m+   @keyframes scaleIn {[39m
[31m+     from {[39m
[31m+       opacity: 0;[39m
[31m+       transform: scale(0.95);[39m
[31m+     }[39m
[31m+[39m
[31m+     to {[39m
[31m+       opacity: 1;[39m
[31m+     }[39m
[31m+   }[39m
[31m+[39m
[31m+   @keyframes slideInRight {[39m
[31m+     from {[39m
[31m+       opacity: 0;[39m
[31m+       transform: translateX(100%);[39m
[31m+     }[39m
[31m+[39m
[31m+     to {[39m
[31m+       opacity: 1;[39m
[31m+     }[39m
[31m+   }[39m
[31m+[39m
[31m+   @keyframes slideOutRight {[39m
[31m+     from {[39m
[31m+       opacity: 1;[39m
[31m+       transform: translateX(0);[39m
[31m+     }[39m
[31m+[39m
[31m+     to {[39m
[31m+       opacity: 0;[39m
[31m+       transform: translateX(100%);[39m
[31m+     }[39m
[31m+   }[39m
[31m+[39m
[31m+   .animate-fadeIn {[39m
[31m+     animation: fadeIn var(--duration-medium) var(--easing);[39m
[31m+   }[39m
[31m+[39m
[31m+   .animate-scaleIn {[39m
[31m+     animation: scaleIn var(--duration-medium) var(--easing);[39m
[31m+   }[39m
[31m+[39m
[31m+   .animate-slideInRight {[39m
[31m+     animation: slideInRight var(--duration-medium) var(--easing);[39m
[31m+   }[39m
[31m+[39m
[31m+   .animate-slideOutRight {[39m
[31m+     animation: slideOutRight var(--duration-medium) var(--easing);[39m
[31m+   }[39m
[31m+ }[39m
[31m+[39m
[31m+ /* Accessibility - Reduced Motion */[39m
[31m+ @media (prefers-reduced-motion: reduce) {[39m
[31m+[39m
[31m+   *,[39m
[31m+   *::before,[39m
[31m+   *::after {[39m
[31m+     animation-duration: 0.01ms !important;[39m
[31m+     animation-iteration-count: 1 !important;[39m
[31m+     transition-duration: 0.01ms !important;[39m
[31m+   }[39m
[31m+ }[39m

[36m [2mÔŁ»[22m src/__tests__/design-system/tokens.test.ts:[2m17:26[22m[39m
    [90m 15| [39m  [34mdescribe[39m([32m'Primary Colors'[39m[33m,[39m () [33m=>[39m {
    [90m 16| [39m    [34mit[39m([32m'đ┤đżđ╗đÂđŻĐő Đüđżđ┤đÁĐÇđÂđ░ĐéĐî đ▓ĐüđÁ primary Đćđ▓đÁĐéđ░'[39m[33m,
[39m () [33m=>[39m {
    [90m 17| [39m      [34mexpect[39m(globalsCSS)[33m.[39m[34mtoContain[39m([32m'--color-primary: #006
0ff'[39m)[33m;[39m
    [90m   | [39m                         [31m^[39m
    [90m 18| [39m      [34mexpect[39m(globalsCSS)[33m.[39m[34mtoContain[39m([32m'--color-primary-hover
: #0047cc'[39m)[33m;[39m
    [90m 19| [39m      [34mexpect[39m(globalsCSS)[33m.[39m[34mtoContain[39m([32m'--color-primary-activ
e: #0037a6'[39m)[33m;[39m

[31m[2mÔÄ»ÔÄ»ÔÄ»ÔÄ»ÔÄ»ÔÄ»ÔÄ»ÔÄ»ÔÄ»ÔÄ»ÔÄ»ÔÄ»ÔÄ»ÔÄ»ÔÄ»ÔÄ»ÔÄ»ÔÄ»ÔÄ»ÔÄ»ÔÄ»ÔÄ»ÔÄ»ÔÄ»[1/9]ÔÄ»[22m[39m

[41m[1m FAIL [22m[49m src/__tests__/design-system/tokens.test.ts[2m > [22mDesign System v2.1 - globals.cs
s Tokens[2m > [22mBackground Variables[2m > [22mđ┤đżđ╗đÂđŻĐő Đüđżđ┤đÁĐÇđÂđ░ĐéĐî background đ┐đÁĐÇđÁđ╝đÁđŻđŻ
ĐőđÁ
[31m[1mAssertionError[22m: expected '@import \'tailwindcss\';\n\n/**\n * FÔÇŽ' to contain '--bg-canvas: #f5f
7fb'[39m

[32m- Expected[39m
[31m+ Received[39m

[32m- --bg-canvas: #f5f7fb[39m
[31m+ @import 'tailwindcss';[39m
[31m+[39m
[31m+ /**[39m
[31m+  * FREESPORT Design System - Tailwind CSS 4.0 Tokens[39m
[31m+  * Based on design-system.json v2.2.0[39m
[31m+  *[39m
[31m+  * MIGRATION NOTE (2026-02-10):[39m
[31m+  * đŽđ▓đÁĐéđżđ▓đ░ĐĆ ĐüĐůđÁđ╝đ░ đżđ▒đŻđżđ▓đ╗đÁđŻđ░ Đü ĐüđŞđŻđÁđ╣ đŻđ░ đżĐÇđ░đŻđÂđÁđ▓ĐâĐÄ (#FF6B00).[39m
[31m+  * đíĐéđŞđ╗Đî "Ozon-Friendly" ĐüđżĐůĐÇđ░đŻđÁđŻ (Đüđ║ĐÇĐâđ│đ╗đÁđŻđŞĐĆ 12px, đ╝ĐĆđ│đ║đŞđÁ ĐéđÁđŻđŞ).[39m
[31m+  * đĄđżđŻđżđ▓Đőđ╣ Đćđ▓đÁĐé đżđ▒đŻđżđ▓đ╗đÁđŻ đŻđ░ đŻđÁđ╣ĐéĐÇđ░đ╗ĐîđŻĐőđ╣ #F8F9FA.[39m
[31m+  */[39m
[31m+[39m
[31m+ @theme inline {[39m
[31m+   /* Colors - Primary (Orange) */[39m
[31m+   --color-primary: #ff6600;[39m
[31m+   --color-primary-hover: #e65c00;[39m
[31m+   --color-primary-active: #cc5200;[39m
[31m+   --color-primary-subtle: #fff4e6;[39m
[31m+[39m
[31m+   /* Colors - Secondary (Cyan/Blue - kept for contrast) */[39m
[31m+   --color-secondary: #00b7ff;[39m
[31m+   --color-secondary-hover: #0095d6;[39m
[31m+   --color-secondary-active: #0078b3;[39m
[31m+   --color-secondary-subtle: #e1f5ff;[39m
[31m+[39m
[31m+   /* Colors - Accent */[39m
[31m+   --color-accent-success: #00aa5b;[39m
[31m+   --color-accent-success-bg: #e0f5e8;[39m
[31m+   --color-accent-warning: #f5a623;[39m
[31m+   --color-accent-warning-bg: #fff1cc;[39m
[31m+   --color-accent-danger: #e53935;[39m
[31m+   --color-accent-danger-bg: #ffe1e8;[39m
[31m+   --color-accent-promo: #ff2e93;[39m
[31m+   --color-accent-promo-bg: #fff0f5;[39m
[31m+[39m
[31m+   /* Colors - Neutral Scale */[39m
[31m+   --color-neutral-100: #ffffff;[39m
[31m+   --color-neutral-200: #f8f9fa;[39m
[31m+   --color-neutral-300: #e3e8f2;[39m
[31m+   --color-neutral-400: #b9c3d6;[39m
[31m+   --color-neutral-500: #8f9bb3;[39m
[31m+   --color-neutral-600: #6b7a99;[39m
[31m+   --color-neutral-700: #4b5c7a;[39m
[31m+   --color-neutral-800: #2d3a52;[39m
[31m+   --color-neutral-900: #1f2a44;[39m
[31m+[39m
[31m+   /* Colors - Text */[39m
[31m+   --color-text-primary: #1f2a44;[39m
[31m+   --color-text-secondary: #4b5c7a;[39m
[31m+   --color-text-muted: #7f8ca8;[39m
[31m+   --color-text-inverse: #ffffff;[39m
[31m+[39m
[31m+   /* Typography - Color Usage (Đüđ┐đÁĐćđŞĐäđŞĐçđÁĐüđ║đŞđÁ Đćđ▓đÁĐéđ░ đ┤đ╗ĐĆ ĐéđŞđ┐đżđ│ĐÇđ░ĐäđŞđ║đŞ) */[
39m
[31m+   --color-typography-primary: #1f2a44;[39m
[31m+   --color-typography-secondary: #4b5c7a;[39m
[31m+   --color-typography-muted: #7f8ca8;[39m
[31m+   --color-typography-inverse: #ffffff;[39m
[31m+[39m
[31m+   /* Typography - Font Family */[39m
[31m+   --font-sans: 'Inter', 'SF Pro Display', -apple-system, BlinkMacSystemFont, 'Segoe UI', sans-serif;[39
m
[31m+[39m
[31m+   /* Typography - Font Sizes */[39m
[31m+   --font-size-display-l: 48px;[39m
[31m+   --font-size-display-m: 40px;[39m
[31m+   --font-size-headline-l: 32px;[39m
[31m+   --font-size-headline-m: 28px;[39m
[31m+   --font-size-title-l: 24px;[39m
[31m+   --font-size-title-m: 20px;[39m
[31m+   --font-size-body-l: 18px;[39m
[31m+   --font-size-body-m: 16px;[39m
[31m+   --font-size-body-s: 14px;[39m
[31m+   --font-size-caption: 12px;[39m
[31m+[39m
[31m+   /* Typography - Line Heights */[39m
[31m+   --line-height-display-l: 56px;[39m
[31m+   --line-height-display-m: 48px;[39m
[31m+   --line-height-headline-l: 40px;[39m
[31m+   --line-height-headline-m: 36px;[39m
[31m+   --line-height-title-l: 32px;[39m
[31m+   --line-height-title-m: 28px;[39m
[31m+   --line-height-body-l: 28px;[39m
[31m+   --line-height-body-m: 24px;[39m
[31m+   --line-height-body-s: 20px;[39m
[31m+   --line-height-caption: 16px;[39m
[31m+[39m
[31m+   /* Spacing Scale */[39m
[31m+   --spacing-1: 4px;[39m
[31m+   --spacing-2: 8px;[39m
[31m+   --spacing-3: 12px;[39m
[31m+   --spacing-4: 16px;[39m
[31m+   --spacing-5: 20px;[39m
[31m+   --spacing-6: 24px;[39m
[31m+   --spacing-8: 32px;[39m
[31m+   --spacing-10: 40px;[39m
[31m+   --spacing-12: 48px;[39m
[31m+   --spacing-14: 56px;[39m
[31m+   --spacing-16: 64px;[39m
[31m+[39m
[31m+   /* Border Radius */[39m
[31m+   --radius-sm: 6px;[39m
[31m+   --radius: 12px;[39m
[31m+   --radius-md: 16px;[39m
[31m+   --radius-lg: 20px;[39m
[31m+   --radius-xl: 24px;[39m
[31m+   --radius-full: 9999px;[39m
[31m+[39m
[31m+   /* Backgrounds */[39m
[31m+   --bg-canvas: #f8f9fa;[39m
[31m+   --bg-panel: #ffffff;[39m
[31m+   --bg-emphasis: linear-gradient(135deg, rgba(255, 102, 0, 0.12), rgba(255, 160, 0, 0.08));[39m
[31m+[39m
[31m+   /* Shadows */[39m
[31m+   --shadow-default: 0 8px 24px rgba(15, 23, 42, 0.08);[39m
[31m+   --shadow-hover: 0 10px 32px rgba(15, 23, 42, 0.12);[39m
[31m+   --shadow-primary: 0 4px 14px rgba(255, 102, 0, 0.35);[39m
[31m+   --shadow-secondary: 0 2px 8px rgba(0, 183, 255, 0.16);[39m
[31m+   --shadow-pressed: inset 0 2px 4px rgba(204, 82, 0, 0.24);[39m
[31m+   --shadow-modal: 0 24px 64px rgba(15, 23, 42, 0.24);[39m
[31m+[39m
[31m+   /* Focus states */[39m
[31m+   --focus-ring: 0 0 0 4px rgba(255, 102, 0, 0.12);[39m
[31m+   --focus-outline: 2px solid rgba(255, 102, 0, 0.6);[39m
[31m+[39m
[31m+   /* Motion */[39m
[31m+   --duration-short: 120ms;[39m
[31m+   --duration-medium: 180ms;[39m
[31m+   --easing: cubic-bezier(0.4, 0, 0.2, 1);[39m
[31m+ }[39m
[31m+[39m
[31m+ :root {[39m
[31m+   --background: var(--color-neutral-100);[39m
[31m+   --foreground: var(--color-text-primary);[39m
[31m+ }[39m
[31m+[39m
[31m+ body {[39m
[31m+   background: var(--background);[39m
[31m+   color: var(--foreground);[39m
[31m+   font-family: var(--font-sans);[39m
[31m+   -webkit-font-smoothing: antialiased;[39m
[31m+   -moz-osx-font-smoothing: grayscale;[39m
[31m+ }[39m
[31m+[39m
[31m+ /* Typography Utility Classes */[39m
[31m+ @layer utilities {[39m
[31m+   .text-display-l {[39m
[31m+     font-size: var(--font-size-display-l);[39m
[31m+     line-height: var(--line-height-display-l);[39m
[31m+     font-weight: 700;[39m
[31m+   }[39m
[31m+[39m
[31m+   .text-display-m {[39m
[31m+     font-size: var(--font-size-display-m);[39m
[31m+     line-height: var(--line-height-display-m);[39m
[31m+     font-weight: 700;[39m
[31m+   }[39m
[31m+[39m
[31m+   .text-headline-l {[39m
[31m+     font-size: var(--font-size-headline-l);[39m
[31m+     line-height: var(--line-height-headline-l);[39m
[31m+     font-weight: 700;[39m
[31m+   }[39m
[31m+[39m
[31m+   .text-headline-m {[39m
[31m+     font-size: var(--font-size-headline-m);[39m
[31m+     line-height: var(--line-height-headline-m);[39m
[31m+     font-weight: 600;[39m
[31m+   }[39m
[31m+[39m
[31m+   .text-title-l {[39m
[31m+     font-size: var(--font-size-title-l);[39m
[31m+     line-height: var(--line-height-title-l);[39m
[31m+     font-weight: 600;[39m
[31m+   }[39m
[31m+[39m
[31m+   .text-title-m {[39m
[31m+     font-size: var(--font-size-title-m);[39m
[31m+     line-height: var(--line-height-title-m);[39m
[31m+     font-weight: 600;[39m
[31m+   }[39m
[31m+[39m
[31m+   .text-body-l {[39m
[31m+     font-size: var(--font-size-body-l);[39m
[31m+     line-height: var(--line-height-body-l);[39m
[31m+     font-weight: 500;[39m
[31m+   }[39m
[31m+[39m
[31m+   .text-body-m {[39m
[31m+     font-size: var(--font-size-body-m);[39m
[31m+     line-height: var(--line-height-body-m);[39m
[31m+     font-weight: 500;[39m
[31m+   }[39m
[31m+[39m
[31m+   .text-body-s {[39m
[31m+     font-size: var(--font-size-body-s);[39m
[31m+     line-height: var(--line-height-body-s);[39m
[31m+     font-weight: 500;[39m
[31m+   }[39m
[31m+[39m
[31m+   .typo-body-l {[39m
[31m+     font-size: var(--font-size-body-l);[39m
[31m+     line-height: var(--line-height-body-l);[39m
[31m+     font-weight: 500;[39m
[31m+   }[39m
[31m+[39m
[31m+   .typo-body-m {[39m
[31m+     font-size: var(--font-size-body-m);[39m
[31m+     line-height: var(--line-height-body-m);[39m
[31m+     font-weight: 500;[39m
[31m+   }[39m
[31m+[39m
[31m+   .typo-body-s {[39m
[31m+     font-size: var(--font-size-body-s);[39m
[31m+     line-height: var(--line-height-body-s);[39m
[31m+     font-weight: 500;[39m
[31m+   }[39m
[31m+[39m
[31m+   .text-caption {[39m
[31m+     font-size: var(--font-size-caption);[39m
[31m+     line-height: var(--line-height-caption);[39m
[31m+     font-weight: 500;[39m
[31m+   }[39m
[31m+ }[39m
[31m+[39m
[31m+ /* Scrollbar Hide Utility (Story 11.2) */[39m
[31m+ @layer utilities {[39m
[31m+   .scrollbar-hide {[39m
[31m+     -ms-overflow-style: none;[39m
[31m+     scrollbar-width: none;[39m
[31m+   }[39m
[31m+[39m
[31m+   .scrollbar-hide::-webkit-scrollbar {[39m
[31m+     display: none;[39m
[31m+   }[39m
[31m+ }[39m
[31m+[39m
[31m+ /* Modal & Toast Animations */[39m
[31m+ @layer utilities {[39m
[31m+   @keyframes fadeIn {[39m
[31m+     from {[39m
[31m+       opacity: 0;[39m
[31m+     }[39m
[31m+[39m
[31m+     to {[39m
[31m+       opacity: 1;[39m
[31m+     }[39m
[31m+   }[39m
[31m+[39m
[31m+   @keyframes scaleIn {[39m
[31m+     from {[39m
[31m+       opacity: 0;[39m
[31m+       transform: scale(0.95);[39m
[31m+     }[39m
[31m+[39m
[31m+     to {[39m
[31m+       opacity: 1;[39m
[31m+     }[39m
[31m+   }[39m
[31m+[39m
[31m+   @keyframes slideInRight {[39m
[31m+     from {[39m
[31m+       opacity: 0;[39m
[31m+       transform: translateX(100%);[39m
[31m+     }[39m
[31m+[39m
[31m+     to {[39m
[31m+       opacity: 1;[39m
[31m+     }[39m
[31m+   }[39m
[31m+[39m
[31m+   @keyframes slideOutRight {[39m
[31m+     from {[39m
[31m+       opacity: 1;[39m
[31m+       transform: translateX(0);[39m
[31m+     }[39m
[31m+[39m
[31m+     to {[39m
[31m+       opacity: 0;[39m
[31m+       transform: translateX(100%);[39m
[31m+     }[39m
[31m+   }[39m
[31m+[39m
[31m+   .animate-fadeIn {[39m
[31m+     animation: fadeIn var(--duration-medium) var(--easing);[39m
[31m+   }[39m
[31m+[39m
[31m+   .animate-scaleIn {[39m
[31m+     animation: scaleIn var(--duration-medium) var(--easing);[39m
[31m+   }[39m
[31m+[39m
[31m+   .animate-slideInRight {[39m
[31m+     animation: slideInRight var(--duration-medium) var(--easing);[39m
[31m+   }[39m
[31m+[39m
[31m+   .animate-slideOutRight {[39m
[31m+     animation: slideOutRight var(--duration-medium) var(--easing);[39m
[31m+   }[39m
[31m+ }[39m
[31m+[39m
[31m+ /* Accessibility - Reduced Motion */[39m
[31m+ @media (prefers-reduced-motion: reduce) {[39m
[31m+[39m
[31m+   *,[39m
[31m+   *::before,[39m
[31m+   *::after {[39m
[31m+     animation-duration: 0.01ms !important;[39m
[31m+     animation-iteration-count: 1 !important;[39m
[31m+     transition-duration: 0.01ms !important;[39m
[31m+   }[39m
[31m+ }[39m

[36m [2mÔŁ»[22m src/__tests__/design-system/tokens.test.ts:[2m44:26[22m[39m
    [90m 42| [39m  [34mdescribe[39m([32m'Background Variables'[39m[33m,[39m () [33m=>[39m {
    [90m 43| [39m    [34mit[39m([32m'đ┤đżđ╗đÂđŻĐő Đüđżđ┤đÁĐÇđÂđ░ĐéĐî background đ┐đÁĐÇđÁđ╝đÁđŻđŻĐőđÁ'[39m
[33m,[39m () [33m=>[39m {
    [90m 44| [39m      [34mexpect[39m(globalsCSS)[33m.[39m[34mtoContain[39m([32m'--bg-canvas: #f5f7fb'
[39m)[33m;[39m
    [90m   | [39m                         [31m^[39m
    [90m 45| [39m      [34mexpect[39m(globalsCSS)[33m.[39m[34mtoContain[39m([32m'--bg-panel: #ffffff'
[39m)[33m;[39m
    [90m 46| [39m      [34mexpect[39m(globalsCSS)[33m.[39m[34mtoContain[39m([32m'--bg-emphasis: linear
-gradient'[39m)[33m;[39m

[31m[2mÔÄ»ÔÄ»ÔÄ»ÔÄ»ÔÄ»ÔÄ»ÔÄ»ÔÄ»ÔÄ»ÔÄ»ÔÄ»ÔÄ»ÔÄ»ÔÄ»ÔÄ»ÔÄ»ÔÄ»ÔÄ»ÔÄ»ÔÄ»ÔÄ»ÔÄ»ÔÄ»ÔÄ»[2/9]ÔÄ»[22m[39m

[41m[1m FAIL [22m[49m src/__tests__/design-system/tokens.test.ts[2m > [22mDesign System v2.1 - globals.cs
s Tokens[2m > [22mShadow Tokens[2m > [22mđ┤đżđ╗đÂđŻĐő Đüđżđ┤đÁĐÇđÂđ░ĐéĐî đ▓ĐüđÁ shadow Đéđżđ║đÁđŻĐő Đü đ┐ĐÇ
đ░đ▓đŞđ╗ĐîđŻĐőđ╝đŞ rgba đĚđŻđ░ĐçđÁđŻđŞĐĆđ╝đŞ
[31m[1mAssertionError[22m: expected '@import \'tailwindcss\';\n\n/**\n * FÔÇŽ' to contain '--shadow-primary:
 0 4px 12px rgba(0, ÔÇŽ'[39m

[32m- Expected[39m
[31m+ Received[39m

[32m- --shadow-primary: 0 4px 12px rgba(0, 96, 255, 0.28)[39m
[31m+ @import 'tailwindcss';[39m
[31m+[39m
[31m+ /**[39m
[31m+  * FREESPORT Design System - Tailwind CSS 4.0 Tokens[39m
[31m+  * Based on design-system.json v2.2.0[39m
[31m+  *[39m
[31m+  * MIGRATION NOTE (2026-02-10):[39m
[31m+  * đŽđ▓đÁĐéđżđ▓đ░ĐĆ ĐüĐůđÁđ╝đ░ đżđ▒đŻđżđ▓đ╗đÁđŻđ░ Đü ĐüđŞđŻđÁđ╣ đŻđ░ đżĐÇđ░đŻđÂđÁđ▓ĐâĐÄ (#FF6B00).[39m
[31m+  * đíĐéđŞđ╗Đî "Ozon-Friendly" ĐüđżĐůĐÇđ░đŻđÁđŻ (Đüđ║ĐÇĐâđ│đ╗đÁđŻđŞĐĆ 12px, đ╝ĐĆđ│đ║đŞđÁ ĐéđÁđŻđŞ).[39m
[31m+  * đĄđżđŻđżđ▓Đőđ╣ Đćđ▓đÁĐé đżđ▒đŻđżđ▓đ╗đÁđŻ đŻđ░ đŻđÁđ╣ĐéĐÇđ░đ╗ĐîđŻĐőđ╣ #F8F9FA.[39m
[31m+  */[39m
[31m+[39m
[31m+ @theme inline {[39m
[31m+   /* Colors - Primary (Orange) */[39m
[31m+   --color-primary: #ff6600;[39m
[31m+   --color-primary-hover: #e65c00;[39m
[31m+   --color-primary-active: #cc5200;[39m
[31m+   --color-primary-subtle: #fff4e6;[39m
[31m+[39m
[31m+   /* Colors - Secondary (Cyan/Blue - kept for contrast) */[39m
[31m+   --color-secondary: #00b7ff;[39m
[31m+   --color-secondary-hover: #0095d6;[39m
[31m+   --color-secondary-active: #0078b3;[39m
[31m+   --color-secondary-subtle: #e1f5ff;[39m
[31m+[39m
[31m+   /* Colors - Accent */[39m
[31m+   --color-accent-success: #00aa5b;[39m
[31m+   --color-accent-success-bg: #e0f5e8;[39m
[31m+   --color-accent-warning: #f5a623;[39m
[31m+   --color-accent-warning-bg: #fff1cc;[39m
[31m+   --color-accent-danger: #e53935;[39m
[31m+   --color-accent-danger-bg: #ffe1e8;[39m
[31m+   --color-accent-promo: #ff2e93;[39m
[31m+   --color-accent-promo-bg: #fff0f5;[39m
[31m+[39m
[31m+   /* Colors - Neutral Scale */[39m
[31m+   --color-neutral-100: #ffffff;[39m
[31m+   --color-neutral-200: #f8f9fa;[39m
[31m+   --color-neutral-300: #e3e8f2;[39m
[31m+   --color-neutral-400: #b9c3d6;[39m
[31m+   --color-neutral-500: #8f9bb3;[39m
[31m+   --color-neutral-600: #6b7a99;[39m
[31m+   --color-neutral-700: #4b5c7a;[39m
[31m+   --color-neutral-800: #2d3a52;[39m
[31m+   --color-neutral-900: #1f2a44;[39m
[31m+[39m
[31m+   /* Colors - Text */[39m
[31m+   --color-text-primary: #1f2a44;[39m
[31m+   --color-text-secondary: #4b5c7a;[39m
[31m+   --color-text-muted: #7f8ca8;[39m
[31m+   --color-text-inverse: #ffffff;[39m
[31m+[39m
[31m+   /* Typography - Color Usage (Đüđ┐đÁĐćđŞĐäđŞĐçđÁĐüđ║đŞđÁ Đćđ▓đÁĐéđ░ đ┤đ╗ĐĆ ĐéđŞđ┐đżđ│ĐÇđ░ĐäđŞđ║đŞ) */[
39m
[31m+   --color-typography-primary: #1f2a44;[39m
[31m+   --color-typography-secondary: #4b5c7a;[39m
[31m+   --color-typography-muted: #7f8ca8;[39m
[31m+   --color-typography-inverse: #ffffff;[39m
[31m+[39m
[31m+   /* Typography - Font Family */[39m
[31m+   --font-sans: 'Inter', 'SF Pro Display', -apple-system, BlinkMacSystemFont, 'Segoe UI', sans-serif;[39
m
[31m+[39m
[31m+   /* Typography - Font Sizes */[39m
[31m+   --font-size-display-l: 48px;[39m
[31m+   --font-size-display-m: 40px;[39m
[31m+   --font-size-headline-l: 32px;[39m
[31m+   --font-size-headline-m: 28px;[39m
[31m+   --font-size-title-l: 24px;[39m
[31m+   --font-size-title-m: 20px;[39m
[31m+   --font-size-body-l: 18px;[39m
[31m+   --font-size-body-m: 16px;[39m
[31m+   --font-size-body-s: 14px;[39m
[31m+   --font-size-caption: 12px;[39m
[31m+[39m
[31m+   /* Typography - Line Heights */[39m
[31m+   --line-height-display-l: 56px;[39m
[31m+   --line-height-display-m: 48px;[39m
[31m+   --line-height-headline-l: 40px;[39m
[31m+   --line-height-headline-m: 36px;[39m
[31m+   --line-height-title-l: 32px;[39m
[31m+   --line-height-title-m: 28px;[39m
[31m+   --line-height-body-l: 28px;[39m
[31m+   --line-height-body-m: 24px;[39m
[31m+   --line-height-body-s: 20px;[39m
[31m+   --line-height-caption: 16px;[39m
[31m+[39m
[31m+   /* Spacing Scale */[39m
[31m+   --spacing-1: 4px;[39m
[31m+   --spacing-2: 8px;[39m
[31m+   --spacing-3: 12px;[39m
[31m+   --spacing-4: 16px;[39m
[31m+   --spacing-5: 20px;[39m
[31m+   --spacing-6: 24px;[39m
[31m+   --spacing-8: 32px;[39m
[31m+   --spacing-10: 40px;[39m
[31m+   --spacing-12: 48px;[39m
[31m+   --spacing-14: 56px;[39m
[31m+   --spacing-16: 64px;[39m
[31m+[39m
[31m+   /* Border Radius */[39m
[31m+   --radius-sm: 6px;[39m
[31m+   --radius: 12px;[39m
[31m+   --radius-md: 16px;[39m
[31m+   --radius-lg: 20px;[39m
[31m+   --radius-xl: 24px;[39m
[31m+   --radius-full: 9999px;[39m
[31m+[39m
[31m+   /* Backgrounds */[39m
[31m+   --bg-canvas: #f8f9fa;[39m
[31m+   --bg-panel: #ffffff;[39m
[31m+   --bg-emphasis: linear-gradient(135deg, rgba(255, 102, 0, 0.12), rgba(255, 160, 0, 0.08));[39m
[31m+[39m
[31m+   /* Shadows */[39m
[31m+   --shadow-default: 0 8px 24px rgba(15, 23, 42, 0.08);[39m
[31m+   --shadow-hover: 0 10px 32px rgba(15, 23, 42, 0.12);[39m
[31m+   --shadow-primary: 0 4px 14px rgba(255, 102, 0, 0.35);[39m
[31m+   --shadow-secondary: 0 2px 8px rgba(0, 183, 255, 0.16);[39m
[31m+   --shadow-pressed: inset 0 2px 4px rgba(204, 82, 0, 0.24);[39m
[31m+   --shadow-modal: 0 24px 64px rgba(15, 23, 42, 0.24);[39m
[31m+[39m
[31m+   /* Focus states */[39m
[31m+   --focus-ring: 0 0 0 4px rgba(255, 102, 0, 0.12);[39m
[31m+   --focus-outline: 2px solid rgba(255, 102, 0, 0.6);[39m
[31m+[39m
[31m+   /* Motion */[39m
[31m+   --duration-short: 120ms;[39m
[31m+   --duration-medium: 180ms;[39m
[31m+   --easing: cubic-bezier(0.4, 0, 0.2, 1);[39m
[31m+ }[39m
[31m+[39m
[31m+ :root {[39m
[31m+   --background: var(--color-neutral-100);[39m
[31m+   --foreground: var(--color-text-primary);[39m
[31m+ }[39m
[31m+[39m
[31m+ body {[39m
[31m+   background: var(--background);[39m
[31m+   color: var(--foreground);[39m
[31m+   font-family: var(--font-sans);[39m
[31m+   -webkit-font-smoothing: antialiased;[39m
[31m+   -moz-osx-font-smoothing: grayscale;[39m
[31m+ }[39m
[31m+[39m
[31m+ /* Typography Utility Classes */[39m
[31m+ @layer utilities {[39m
[31m+   .text-display-l {[39m
[31m+     font-size: var(--font-size-display-l);[39m
[31m+     line-height: var(--line-height-display-l);[39m
[31m+     font-weight: 700;[39m
[31m+   }[39m
[31m+[39m
[31m+   .text-display-m {[39m
[31m+     font-size: var(--font-size-display-m);[39m
[31m+     line-height: var(--line-height-display-m);[39m
[31m+     font-weight: 700;[39m
[31m+   }[39m
[31m+[39m
[31m+   .text-headline-l {[39m
[31m+     font-size: var(--font-size-headline-l);[39m
[31m+     line-height: var(--line-height-headline-l);[39m
[31m+     font-weight: 700;[39m
[31m+   }[39m
[31m+[39m
[31m+   .text-headline-m {[39m
[31m+     font-size: var(--font-size-headline-m);[39m
[31m+     line-height: var(--line-height-headline-m);[39m
[31m+     font-weight: 600;[39m
[31m+   }[39m
[31m+[39m
[31m+   .text-title-l {[39m
[31m+     font-size: var(--font-size-title-l);[39m
[31m+     line-height: var(--line-height-title-l);[39m
[31m+     font-weight: 600;[39m
[31m+   }[39m
[31m+[39m
[31m+   .text-title-m {[39m
[31m+     font-size: var(--font-size-title-m);[39m
[31m+     line-height: var(--line-height-title-m);[39m
[31m+     font-weight: 600;[39m
[31m+   }[39m
[31m+[39m
[31m+   .text-body-l {[39m
[31m+     font-size: var(--font-size-body-l);[39m
[31m+     line-height: var(--line-height-body-l);[39m
[31m+     font-weight: 500;[39m
[31m+   }[39m
[31m+[39m
[31m+   .text-body-m {[39m
[31m+     font-size: var(--font-size-body-m);[39m
[31m+     line-height: var(--line-height-body-m);[39m
[31m+     font-weight: 500;[39m
[31m+   }[39m
[31m+[39m
[31m+   .text-body-s {[39m
[31m+     font-size: var(--font-size-body-s);[39m
[31m+     line-height: var(--line-height-body-s);[39m
[31m+     font-weight: 500;[39m
[31m+   }[39m
[31m+[39m
[31m+   .typo-body-l {[39m
[31m+     font-size: var(--font-size-body-l);[39m
[31m+     line-height: var(--line-height-body-l);[39m
[31m+     font-weight: 500;[39m
[31m+   }[39m
[31m+[39m
[31m+   .typo-body-m {[39m
[31m+     font-size: var(--font-size-body-m);[39m
[31m+     line-height: var(--line-height-body-m);[39m
[31m+     font-weight: 500;[39m
[31m+   }[39m
[31m+[39m
[31m+   .typo-body-s {[39m
[31m+     font-size: var(--font-size-body-s);[39m
[31m+     line-height: var(--line-height-body-s);[39m
[31m+     font-weight: 500;[39m
[31m+   }[39m
[31m+[39m
[31m+   .text-caption {[39m
[31m+     font-size: var(--font-size-caption);[39m
[31m+     line-height: var(--line-height-caption);[39m
[31m+     font-weight: 500;[39m
[31m+   }[39m
[31m+ }[39m
[31m+[39m
[31m+ /* Scrollbar Hide Utility (Story 11.2) */[39m
[31m+ @layer utilities {[39m
[31m+   .scrollbar-hide {[39m
[31m+     -ms-overflow-style: none;[39m
[31m+     scrollbar-width: none;[39m
[31m+   }[39m
[31m+[39m
[31m+   .scrollbar-hide::-webkit-scrollbar {[39m
[31m+     display: none;[39m
[31m+   }[39m
[31m+ }[39m
[31m+[39m
[31m+ /* Modal & Toast Animations */[39m
[31m+ @layer utilities {[39m
[31m+   @keyframes fadeIn {[39m
[31m+     from {[39m
[31m+       opacity: 0;[39m
[31m+     }[39m
[31m+[39m
[31m+     to {[39m
[31m+       opacity: 1;[39m
[31m+     }[39m
[31m+   }[39m
[31m+[39m
[31m+   @keyframes scaleIn {[39m
[31m+     from {[39m
[31m+       opacity: 0;[39m
[31m+       transform: scale(0.95);[39m
[31m+     }[39m
[31m+[39m
[31m+     to {[39m
[31m+       opacity: 1;[39m
[31m+     }[39m
[31m+   }[39m
[31m+[39m
[31m+   @keyframes slideInRight {[39m
[31m+     from {[39m
[31m+       opacity: 0;[39m
[31m+       transform: translateX(100%);[39m
[31m+     }[39m
[31m+[39m
[31m+     to {[39m
[31m+       opacity: 1;[39m
[31m+     }[39m
[31m+   }[39m
[31m+[39m
[31m+   @keyframes slideOutRight {[39m
[31m+     from {[39m
[31m+       opacity: 1;[39m
[31m+       transform: translateX(0);[39m
[31m+     }[39m
[31m+[39m
[31m+     to {[39m
[31m+       opacity: 0;[39m
[31m+       transform: translateX(100%);[39m
[31m+     }[39m
[31m+   }[39m
[31m+[39m
[31m+   .animate-fadeIn {[39m
[31m+     animation: fadeIn var(--duration-medium) var(--easing);[39m
[31m+   }[39m
[31m+[39m
[31m+   .animate-scaleIn {[39m
[31m+     animation: scaleIn var(--duration-medium) var(--easing);[39m
[31m+   }[39m
[31m+[39m
[31m+   .animate-slideInRight {[39m
[31m+     animation: slideInRight var(--duration-medium) var(--easing);[39m
[31m+   }[39m
[31m+[39m
[31m+   .animate-slideOutRight {[39m
[31m+     animation: slideOutRight var(--duration-medium) var(--easing);[39m
[31m+   }[39m
[31m+ }[39m
[31m+[39m
[31m+ /* Accessibility - Reduced Motion */[39m
[31m+ @media (prefers-reduced-motion: reduce) {[39m
[31m+[39m
[31m+   *,[39m
[31m+   *::before,[39m
[31m+   *::after {[39m
[31m+     animation-duration: 0.01ms !important;[39m
[31m+     animation-iteration-count: 1 !important;[39m
[31m+     transition-duration: 0.01ms !important;[39m
[31m+   }[39m
[31m+ }[39m

[36m [2mÔŁ»[22m src/__tests__/design-system/tokens.test.ts:[2m76:26[22m[39m
    [90m 74| [39m      expect(globalsCSS).toContain('--shadow-default: 0 8px 24px rgba(ÔÇŽ
    [90m 75| [39m      expect(globalsCSS).toContain('--shadow-hover: 0 10px 32px rgba(1ÔÇŽ
    [90m 76| [39m      expect(globalsCSS).toContain('--shadow-primary: 0 4px 12px rgba(ÔÇŽ
    [90m   | [39m                         [31m^[39m
    [90m 77| [39m      expect(globalsCSS).toContain('--shadow-secondary: 0 2px 8px rgbaÔÇŽ
    [90m 78| [39m      expect(globalsCSS).toContain('--shadow-pressed: inset 0 2px 4px ÔÇŽ

[31m[2mÔÄ»ÔÄ»ÔÄ»ÔÄ»ÔÄ»ÔÄ»ÔÄ»ÔÄ»ÔÄ»ÔÄ»ÔÄ»ÔÄ»ÔÄ»ÔÄ»ÔÄ»ÔÄ»ÔÄ»ÔÄ»ÔÄ»ÔÄ»ÔÄ»ÔÄ»ÔÄ»ÔÄ»[3/9]ÔÄ»[22m[39m

[41m[1m FAIL [22m[49m src/components/product/__tests__/ProductOptions.test.tsx[2m > [22mProductOptions[2
m > [22mSelected state[2m > [22mđ┐ĐÇđŞđ╝đÁđŻĐĆđÁĐé ĐüĐéđŞđ╗đŞ selected đ║ đ▓Đőđ▒ĐÇđ░đŻđŻđżđ╣ đżđ┐ĐćđŞđŞ
[31m[1mError[22m: [2mexpect([22m[31melement[31m[2m).toHaveClass([22m[32m[32m"bg-[#0060FF]"[32m[31m
[2m)[22m

Expected the element to have class:
[32m  bg-[#0060FF][31m
Received:
[31m  inline-flex items-center gap-2 px-4 py-2 rounded-2xl text-sm font-medium transition-colors duration-[180
ms] min-w-[60px] border focus:outline-none focus:ring-2 focus:ring-primary focus:ring-offset-2 bg-primary text-
white border-primary active:scale-95[31m[39m
[36m [2mÔŁ»[22m src/components/product/__tests__/ProductOptions.test.tsx:[2m393:28[22m[39m
    [90m391| [39m      const size42Button = screen.getByRole('radio', { name: /đáđ░đĚđ╝đÁĐÇ: ÔÇŽ
    [90m392| [39m      [90m// đčĐÇđżđ▓đÁĐÇĐĆđÁđ╝ đŻđ░đ╗đŞĐçđŞđÁ primary Đćđ▓đÁĐéđ░ đ▓ đ║đ╗đ░ĐüĐüđ░Đů[39m
    [90m393| [39m      [34mexpect[39m(size42Button)[33m.[39m[34mtoHaveClass[39m([32m'bg-[#0060FF]'[39
m)[33m;[39m
    [90m   | [39m                           [31m^[39m
    [90m394| [39m      [34mexpect[39m(size42Button)[33m.[39m[34mtoHaveClass[39m([32m'text-white'[39m)
[33m;[39m
    [90m395| [39m    })[33m;[39m

[31m[2mÔÄ»ÔÄ»ÔÄ»ÔÄ»ÔÄ»ÔÄ»ÔÄ»ÔÄ»ÔÄ»ÔÄ»ÔÄ»ÔÄ»ÔÄ»ÔÄ»ÔÄ»ÔÄ»ÔÄ»ÔÄ»ÔÄ»ÔÄ»ÔÄ»ÔÄ»ÔÄ»ÔÄ»[4/9]ÔÄ»[22m[39m

[41m[1m FAIL [22m[49m src/components/product/__tests__/ProductOptions.test.tsx[2m > [22mProductOptions[2
m > [22mđíĐéđŞđ╗đŞ đ┤đŞđĚđ░đ╣đŻ-ĐüđŞĐüĐéđÁđ╝Đő (AC: 6, IV2)[2m > [22mđ┐ĐÇđŞđ╝đÁđŻĐĆđÁĐé ĐüĐéđŞđ╗đŞ selected 
state
[31m[1mError[22m: [2mexpect([22m[31melement[31m[2m).toHaveClass([22m[32m[32m"bg-[#0060FF]"[32m[31m
[2m)[22m

Expected the element to have class:
[32m  bg-[#0060FF][31m
Received:
[31m  inline-flex items-center gap-2 px-4 py-2 rounded-2xl text-sm font-medium transition-colors duration-[180
ms] min-w-[60px] border focus:outline-none focus:ring-2 focus:ring-primary focus:ring-offset-2 bg-primary text-
white border-primary active:scale-95[31m[39m
[36m [2mÔŁ»[22m src/components/product/__tests__/ProductOptions.test.tsx:[2m570:28[22m[39m
    [90m568| [39m
    [90m569| [39m      const size42Button = screen.getByRole('radio', { name: /đáđ░đĚđ╝đÁĐÇ: ÔÇŽ
    [90m570| [39m      [34mexpect[39m(size42Button)[33m.[39m[34mtoHaveClass[39m([32m'bg-[#0060FF]'[39
m)[33m;[39m
    [90m   | [39m                           [31m^[39m
    [90m571| [39m      [34mexpect[39m(size42Button)[33m.[39m[34mtoHaveClass[39m([32m'text-white'[39m)
[33m;[39m
    [90m572| [39m      [34mexpect[39m(size42Button)[33m.[39m[34mtoHaveClass[39m([32m'border-[#0060FF]'
[39m)[33m;[39m

[31m[2mÔÄ»ÔÄ»ÔÄ»ÔÄ»ÔÄ»ÔÄ»ÔÄ»ÔÄ»ÔÄ»ÔÄ»ÔÄ»ÔÄ»ÔÄ»ÔÄ»ÔÄ»ÔÄ»ÔÄ»ÔÄ»ÔÄ»ÔÄ»ÔÄ»ÔÄ»ÔÄ»ÔÄ»[5/9]ÔÄ»[22m[39m

[41m[1m FAIL [22m[49m src/components/ui/Chip/__tests__/Chip.test.tsx[2m > [22mChip[2m > [22mSelected St
ate[2m > [22mis not selected by default
[31m[1mError[22m: [2mexpect([22m[31melement[31m[2m).toHaveClass([22m[32m[32m"bg-white border-[#D0D7E
6] text-[#4B5C7A]"[32m[31m[2m)[22m

Expected the element to have class:
[32m  bg-white border-[#D0D7E6] text-[#4B5C7A][31m
Received:
[31m  inline-flex items-center gap-2 px-3 py-1 rounded-2xl font-medium transition-colors duration-[180ms] min-
w-[60px] max-w-[200px] bg-white border border-neutral-300 text-text-secondary hover:border-primary hover:text-p
rimary[31m[39m
[36m [2mÔŁ»[22m src/components/ui/Chip/__tests__/Chip.test.tsx:[2m24:20[22m[39m
    [90m 22| [39m
    [90m 23| [39m      [35mconst[39m chip [33m=[39m screen[33m.[39m[34mgetByText[39m([32m'Filter'[3
9m)[33m.[39mparentElement[33m;[39m
    [90m 24| [39m      expect(chip).toHaveClass('bg-white', 'border-[#D0D7E6]', 'text-[ÔÇŽ
    [90m   | [39m                   [31m^[39m
    [90m 25| [39m    })[33m;[39m
    [90m 26| [39m

[31m[2mÔÄ»ÔÄ»ÔÄ»ÔÄ»ÔÄ»ÔÄ»ÔÄ»ÔÄ»ÔÄ»ÔÄ»ÔÄ»ÔÄ»ÔÄ»ÔÄ»ÔÄ»ÔÄ»ÔÄ»ÔÄ»ÔÄ»ÔÄ»ÔÄ»ÔÄ»ÔÄ»ÔÄ»[6/9]ÔÄ»[22m[39m

[41m[1m FAIL [22m[49m src/components/ui/Chip/__tests__/Chip.test.tsx[2m > [22mChip[2m > [22mSelected St
ate[2m > [22mapplies selected styles when selected prop is true
[31m[1mError[22m: [2mexpect([22m[31melement[31m[2m).toHaveClass([22m[32m[32m"bg-[#0060FF] text-white
"[32m[31m[2m)[22m

Expected the element to have class:
[32m  bg-[#0060FF] text-white[31m
Received:
[31m  inline-flex items-center gap-2 px-3 py-1 rounded-2xl font-medium transition-colors duration-[180ms] min-
w-[60px] max-w-[200px] bg-primary text-white border-transparent[31m[39m
[36m [2mÔŁ»[22m src/components/ui/Chip/__tests__/Chip.test.tsx:[2m31:20[22m[39m
    [90m 29| [39m
    [90m 30| [39m      [35mconst[39m chip [33m=[39m screen[33m.[39m[34mgetByText[39m([32m'Selected'
[39m)[33m.[39mparentElement[33m;[39m
    [90m 31| [39m      [34mexpect[39m(chip)[33m.[39m[34mtoHaveClass[39m([32m'bg-[#0060FF]'[39m[33m,
[39m [32m'text-white'[39m)[33m;[39m
    [90m   | [39m                   [31m^[39m
    [90m 32| [39m      [34mexpect[39m(chip)[33m.[39mnot[33m.[39m[34mtoHaveClass[39m([32m'border'[39
m)[33m;[39m
    [90m 33| [39m    })[33m;[39m

[31m[2mÔÄ»ÔÄ»ÔÄ»ÔÄ»ÔÄ»ÔÄ»ÔÄ»ÔÄ»ÔÄ»ÔÄ»ÔÄ»ÔÄ»ÔÄ»ÔÄ»ÔÄ»ÔÄ»ÔÄ»ÔÄ»ÔÄ»ÔÄ»ÔÄ»ÔÄ»ÔÄ»ÔÄ»[7/9]ÔÄ»[22m[39m

[41m[1m FAIL [22m[49m src/components/ui/Chip/__tests__/Chip.test.tsx[2m > [22mChip[2m > [22mCombined Fe
atures[2m > [22mrenders selected chip with icon and remove button
[31m[1mError[22m: [2mexpect([22m[31melement[31m[2m).toHaveClass([22m[32m[32m"bg-[#0060FF] text-white
"[32m[31m[2m)[22m

Expected the element to have class:
[32m  bg-[#0060FF] text-white[31m
Received:
[31m  inline-flex items-center gap-2 px-3 py-1 rounded-2xl font-medium transition-colors duration-[180ms] min-
w-[60px] max-w-[200px] bg-primary text-white border-transparent[31m[39m
[36m [2mÔŁ»[22m src/components/ui/Chip/__tests__/Chip.test.tsx:[2m246:20[22m[39m
    [90m244| [39m
    [90m245| [39m      [35mconst[39m chip [33m=[39m screen[33m.[39m[34mgetByText[39m([32m'Complete'
[39m)[33m.[39mparentElement[33m;[39m
    [90m246| [39m      [34mexpect[39m(chip)[33m.[39m[34mtoHaveClass[39m([32m'bg-[#0060FF]'[39m[33m,
[39m [32m'text-white'[39m)[33m;[39m
    [90m   | [39m                   [31m^[39m
    [90m247| [39m    })[33m;[39m
    [90m248| [39m  })[33m;[39m

[31m[2mÔÄ»ÔÄ»ÔÄ»ÔÄ»ÔÄ»ÔÄ»ÔÄ»ÔÄ»ÔÄ»ÔÄ»ÔÄ»ÔÄ»ÔÄ»ÔÄ»ÔÄ»ÔÄ»ÔÄ»ÔÄ»ÔÄ»ÔÄ»ÔÄ»ÔÄ»ÔÄ»ÔÄ»[8/9]ÔÄ»[22m[39m

[41m[1m FAIL [22m[49m src/components/ui/SearchField/__tests__/SearchField.test.tsx[2m > [22mSearchField[
2m > [22mAccessibility[2m > [22mhas focus ring on focus
[31m[1mError[22m: [2mexpect([22m[31melement[31m[2m).toHaveClass([22m[32m[32m"focus:border-[#0060FF]"
[32m[31m[2m)[22m

Expected the element to have class:
[32m  focus:border-[#0060FF][31m
Received:
[31m  w-full h-10 pl-10 pr-10 rounded-sm text-text-primary bg-white border border-[#E3E8F2] transition-colors 
duration-[180ms] placeholder:text-[#7A7A7A] focus:outline-none focus:border-primary focus:border-[1.5px][31m[
39m
[36m [2mÔŁ»[22m src/components/ui/SearchField/__tests__/SearchField.test.tsx:[2m151:21[22m[39m
    [90m149| [39m      [35mconst[39m input [33m=[39m screen[33m.[39m[34mgetByRole[39m([32m'combobox'
[39m)[33m;[39m
    [90m150| [39m      // SearchField đŞĐüđ┐đżđ╗ĐîđĚĐâđÁĐé focus:border-[#0060FF] đ▓đ╝đÁĐüĐéđż focus:riÔÇŽ
    [90m151| [39m      [34mexpect[39m(input)[33m.[39m[34mtoHaveClass[39m([32m'focus:border-[#0060FF]'
[39m)[33m;[39m
    [90m   | [39m                    [31m^[39m
    [90m152| [39m    })[33m;[39m
    [90m153| [39m

[31m[2mÔÄ»ÔÄ»ÔÄ»ÔÄ»ÔÄ»ÔÄ»ÔÄ»ÔÄ»ÔÄ»ÔÄ»ÔÄ»ÔÄ»ÔÄ»ÔÄ»ÔÄ»ÔÄ»ÔÄ»ÔÄ»ÔÄ»ÔÄ»ÔÄ»ÔÄ»ÔÄ»ÔÄ»[9/9]ÔÄ»[22m[39m


[2m Test Files [22m [1m[31m4 failed[39m[22m[2m | [22m[1m[32m123 passed[39m[22m[90m (127)[39m
[2m      Tests [22m [1m[31m9 failed[39m[22m[2m | [22m[1m[32m2000 passed[39m[22m[2m | [22m[33m14 skipped[39m[90m (2023)[39m
[2m   Start at [22m 19:09:56
[2m   Duration [22m 45.53s[2m (transform 22.25s, setup 101.89s, import 128.31s, tests 143.24s, environment 203.99s)[22m

